设备 cuda · 骨干 small_unet · k=16
φ 27.80M + encoder 0.33M + transport 6.3K
训练 episode 组合 480 · 共 50000 步

step      1  L=3.3039  src=1.0913  tgt=1.1063  trans=1.1063  gain=-0.0000  |dz|=0.011  1.4 it/s
step     50  L=1.1798  src=0.3907  tgt=0.3943  trans=0.3947  gain=-0.0003  |dz|=0.018  10.3 it/s
step    100  L=0.6027  src=0.1973  tgt=0.2026  trans=0.2024  gain=+0.0002  |dz|=0.033  11.0 it/s
step    150  L=0.3510  src=0.1327  tgt=0.1087  trans=0.1086  gain=+0.0000  |dz|=0.042  11.3 it/s
step    200  L=0.2974  src=0.0977  tgt=0.0995  trans=0.0989  gain=+0.0006  |dz|=0.045  11.4 it/s
step    250  L=0.3207  src=0.0927  tgt=0.1134  trans=0.1135  gain=-0.0001  |dz|=0.038  11.4 it/s
step    300  L=0.3907  src=0.0922  tgt=0.1484  trans=0.1490  gain=-0.0005  |dz|=0.033  11.4 it/s
step    350  L=0.3343  src=0.1017  tgt=0.1151  trans=0.1167  gain=-0.0016  |dz|=0.024  11.5 it/s
step    400  L=0.2912  src=0.0968  tgt=0.0967  trans=0.0971  gain=-0.0003  |dz|=0.023  11.6 it/s
step    450  L=0.2859  src=0.0601  tgt=0.1125  trans=0.1126  gain=-0.0001  |dz|=0.020  11.6 it/s
step    500  L=0.3376  src=0.0876  tgt=0.1249  trans=0.1246  gain=+0.0003  |dz|=0.018  11.7 it/s
step    550  L=0.1878  src=0.0791  tgt=0.0541  trans=0.0541  gain=-0.0000  |dz|=0.017  11.7 it/s
step    600  L=0.2831  src=0.0908  tgt=0.0960  trans=0.0959  gain=+0.0000  |dz|=0.019  11.7 it/s
step    650  L=0.2405  src=0.1303  tgt=0.0551  trans=0.0547  gain=+0.0003  |dz|=0.019  11.7 it/s
step    700  L=0.2939  src=0.1039  tgt=0.0950  trans=0.0947  gain=+0.0003  |dz|=0.017  11.7 it/s
step    750  L=0.1839  src=0.0722  tgt=0.0557  trans=0.0556  gain=+0.0002  |dz|=0.018  11.8 it/s
step    800  L=0.3131  src=0.1056  tgt=0.1036  trans=0.1036  gain=-0.0001  |dz|=0.018  11.8 it/s
step    850  L=0.2494  src=0.1125  tgt=0.0684  trans=0.0683  gain=+0.0000  |dz|=0.018  11.8 it/s
step    900  L=0.2845  src=0.1240  tgt=0.0802  trans=0.0801  gain=+0.0001  |dz|=0.018  11.8 it/s
step    950  L=0.1243  src=0.0486  tgt=0.0378  trans=0.0378  gain=-0.0000  |dz|=0.017  11.8 it/s
step   1000  L=0.1592  src=0.0566  tgt=0.0512  trans=0.0512  gain=+0.0000  |dz|=0.018  11.8 it/s
  [诊断 @ 1000] loss_correct=0.1532  loss_zero=0.2420  loss_shuffled=0.1532  loss_random=0.2402  loss_target_only=0.1532  r_basis=0.2818  |dz_transport|=0.0168  z_s_vs_enc_rel=0.0253  z_spread_rel=0.0161  gain_vs_zero=0.0888  gain_vs_shuffled=-0.0000  gain_vs_target_only=-0.0000
    ⚠ 坐标塌缩: 跨 episode 的 z 相对间距仅 0.016（阈值 0.05）—— encoder 在输出近似常量，此时 gain_vs_zero 反映的是基被当作共享容量，不是任务特异性
    ⚠ z_S 与 z^enc_T 相对间距仅 0.025 —— encoder 没有把 source 集和 target 集区分开
step   1050  L=0.1905  src=0.0510  tgt=0.0696  trans=0.0697  gain=-0.0000  |dz|=0.018  11.7 it/s
step   1100  L=0.2801  src=0.0862  tgt=0.0969  trans=0.0969  gain=-0.0000  |dz|=0.018  11.8 it/s
step   1150  L=0.2069  src=0.0711  tgt=0.0678  trans=0.0678  gain=-0.0000  |dz|=0.018  11.8 it/s
step   1200  L=0.1794  src=0.0640  tgt=0.0576  trans=0.0576  gain=+0.0000  |dz|=0.018  11.8 it/s
step   1250  L=0.1841  src=0.0500  tgt=0.0670  trans=0.0669  gain=+0.0001  |dz|=0.017  11.8 it/s
step   1300  L=0.1769  src=0.0525  tgt=0.0621  trans=0.0621  gain=+0.0000  |dz|=0.017  11.8 it/s
step   1350  L=0.1437  src=0.0443  tgt=0.0496  trans=0.0496  gain=+0.0000  |dz|=0.017  11.8 it/s
step   1400  L=0.1844  src=0.0448  tgt=0.0697  trans=0.0697  gain=+0.0000  |dz|=0.016  11.8 it/s
step   1450  L=0.1444  src=0.0580  tgt=0.0432  trans=0.0431  gain=+0.0000  |dz|=0.017  11.8 it/s
step   1500  L=0.1496  src=0.0498  tgt=0.0499  trans=0.0498  gain=+0.0000  |dz|=0.017  11.8 it/s
step   1550  L=0.1798  src=0.0646  tgt=0.0575  trans=0.0575  gain=+0.0000  |dz|=0.017  11.8 it/s
step   1600  L=0.1893  src=0.0750  tgt=0.0571  trans=0.0571  gain=-0.0000  |dz|=0.017  11.8 it/s
step   1650  L=0.2440  src=0.0611  tgt=0.0914  trans=0.0914  gain=-0.0000  |dz|=0.017  11.8 it/s
step   1700  L=0.1740  src=0.0721  tgt=0.0509  trans=0.0509  gain=+0.0000  |dz|=0.017  11.8 it/s
step   1750  L=0.1569  src=0.0592  tgt=0.0488  trans=0.0488  gain=-0.0000  |dz|=0.017  11.8 it/s
step   1800  L=0.2628  src=0.0424  tgt=0.1102  trans=0.1101  gain=+0.0000  |dz|=0.018  11.8 it/s
step   1850  L=0.1107  src=0.0403  tgt=0.0352  trans=0.0352  gain=+0.0000  |dz|=0.017  11.8 it/s
step   1900  L=0.2855  src=0.1048  tgt=0.0903  trans=0.0903  gain=-0.0000  |dz|=0.017  11.8 it/s
step   1950  L=0.1974  src=0.0592  tgt=0.0691  trans=0.0690  gain=+0.0000  |dz|=0.017  11.8 it/s
step   2000  L=0.1200  src=0.0527  tgt=0.0336  trans=0.0336  gain=+0.0000  |dz|=0.018  11.8 it/s
  [诊断 @ 2000] loss_correct=0.0965  loss_zero=0.1911  loss_shuffled=0.0965  loss_random=0.1959  loss_target_only=0.0965  r_basis=0.4545  |dz_transport|=0.0162  z_s_vs_enc_rel=0.0229  z_spread_rel=0.0169  gain_vs_zero=0.0946  gain_vs_shuffled=0.0000  gain_vs_target_only=0.0000
    ⚠ 坐标塌缩: 跨 episode 的 z 相对间距仅 0.017（阈值 0.05）—— encoder 在输出近似常量，此时 gain_vs_zero 反映的是基被当作共享容量，不是任务特异性
    ⚠ z_S 与 z^enc_T 相对间距仅 0.023 —— encoder 没有把 source 集和 target 集区分开
step   2050  L=0.1557  src=0.0549  tgt=0.0504  trans=0.0504  gain=+0.0000  |dz|=0.017  11.8 it/s
step   2100  L=0.1298  src=0.0465  tgt=0.0416  trans=0.0416  gain=-0.0000  |dz|=0.017  11.8 it/s
step   2150  L=0.2283  src=0.0794  tgt=0.0744  trans=0.0744  gain=-0.0000  |dz|=0.017  11.7 it/s
step   2200  L=0.2094  src=0.0730  tgt=0.0681  trans=0.0681  gain=+0.0000  |dz|=0.018  11.7 it/s
step   2250  L=0.2979  src=0.0881  tgt=0.1049  trans=0.1048  gain=+0.0000  |dz|=0.017  11.7 it/s
step   2300  L=0.1563  src=0.0863  tgt=0.0349  trans=0.0349  gain=-0.0000  |dz|=0.017  11.8 it/s
step   2350  L=0.1675  src=0.0565  tgt=0.0555  trans=0.0555  gain=+0.0000  |dz|=0.018  11.8 it/s
step   2400  L=0.2282  src=0.0342  tgt=0.0970  trans=0.0970  gain=+0.0000  |dz|=0.018  11.8 it/s
step   2450  L=0.2263  src=0.0941  tgt=0.0661  trans=0.0661  gain=-0.0000  |dz|=0.018  11.8 it/s
step   2500  L=0.1331  src=0.0499  tgt=0.0416  trans=0.0416  gain=+0.0000  |dz|=0.019  11.8 it/s
step   2550  L=0.1688  src=0.0866  tgt=0.0411  trans=0.0410  gain=+0.0000  |dz|=0.019  11.8 it/s
step   2600  L=0.1725  src=0.0348  tgt=0.0688  trans=0.0688  gain=+0.0000  |dz|=0.019  11.8 it/s
step   2650  L=0.1178  src=0.0403  tgt=0.0387  trans=0.0387  gain=-0.0000  |dz|=0.019  11.8 it/s
step   2700  L=0.1731  src=0.0663  tgt=0.0534  trans=0.0534  gain=-0.0000  |dz|=0.019  11.8 it/s
step   2750  L=0.1949  src=0.0768  tgt=0.0590  trans=0.0590  gain=+0.0000  |dz|=0.019  11.8 it/s
step   2800  L=0.2011  src=0.0543  tgt=0.0734  trans=0.0734  gain=-0.0001  |dz|=0.018  11.8 it/s
step   2850  L=0.1569  src=0.0740  tgt=0.0414  trans=0.0414  gain=-0.0000  |dz|=0.018  11.8 it/s
step   2900  L=0.1059  src=0.0341  tgt=0.0359  trans=0.0359  gain=-0.0000  |dz|=0.018  11.8 it/s
step   2950  L=0.1742  src=0.0690  tgt=0.0526  trans=0.0526  gain=-0.0001  |dz|=0.018  11.8 it/s
step   3000  L=0.1188  src=0.0556  tgt=0.0316  trans=0.0316  gain=+0.0000  |dz|=0.018  11.8 it/s
  [诊断 @ 3000] loss_correct=0.0700  loss_zero=0.1639  loss_shuffled=0.0700  loss_random=0.1688  loss_target_only=0.0700  r_basis=0.4696  |dz_transport|=0.0172  z_s_vs_enc_rel=0.0297  z_spread_rel=0.0132  gain_vs_zero=0.0939  gain_vs_shuffled=0.0000  gain_vs_target_only=0.0000
    ⚠ 坐标塌缩: 跨 episode 的 z 相对间距仅 0.013（阈值 0.05）—— encoder 在输出近似常量，此时 gain_vs_zero 反映的是基被当作共享容量，不是任务特异性
    ⚠ z_S 与 z^enc_T 相对间距仅 0.030 —— encoder 没有把 source 集和 target 集区分开
step   3050  L=0.2332  src=0.0767  tgt=0.0782  trans=0.0782  gain=-0.0000  |dz|=0.018  11.8 it/s
step   3100  L=0.2166  src=0.0797  tgt=0.0684  trans=0.0684  gain=-0.0000  |dz|=0.018  11.8 it/s
step   3150  L=0.1477  src=0.0720  tgt=0.0378  trans=0.0378  gain=+0.0000  |dz|=0.018  11.8 it/s
step   3200  L=0.1714  src=0.0468  tgt=0.0623  trans=0.0622  gain=+0.0000  |dz|=0.019  11.8 it/s
step   3250  L=0.1507  src=0.0568  tgt=0.0469  trans=0.0469  gain=+0.0000  |dz|=0.018  11.8 it/s
step   3300  L=0.1882  src=0.0800  tgt=0.0541  trans=0.0541  gain=+0.0000  |dz|=0.018  11.8 it/s
step   3350  L=0.2843  src=0.0638  tgt=0.1102  trans=0.1102  gain=+0.0000  |dz|=0.018  11.8 it/s
step   3400  L=0.1785  src=0.0731  tgt=0.0527  trans=0.0527  gain=-0.0000  |dz|=0.018  11.8 it/s
step   3450  L=0.1630  src=0.0537  tgt=0.0546  trans=0.0546  gain=+0.0000  |dz|=0.018  11.8 it/s
step   3500  L=0.2070  src=0.0302  tgt=0.0884  trans=0.0884  gain=-0.0000  |dz|=0.018  11.8 it/s
step   3550  L=0.1919  src=0.0617  tgt=0.0651  trans=0.0651  gain=-0.0000  |dz|=0.018  11.8 it/s
step   3600  L=0.2580  src=0.0476  tgt=0.1052  trans=0.1052  gain=+0.0000  |dz|=0.018  11.8 it/s
step   3650  L=0.1531  src=0.0340  tgt=0.0595  trans=0.0595  gain=-0.0000  |dz|=0.018  11.8 it/s
step   3700  L=0.1343  src=0.0648  tgt=0.0347  trans=0.0347  gain=+0.0000  |dz|=0.019  11.8 it/s
step   3750  L=0.1824  src=0.0487  tgt=0.0668  trans=0.0668  gain=-0.0000  |dz|=0.019  11.8 it/s
step   3800  L=0.1519  src=0.0667  tgt=0.0426  trans=0.0426  gain=-0.0000  |dz|=0.019  11.8 it/s
step   3850  L=0.2304  src=0.0322  tgt=0.0991  trans=0.0990  gain=+0.0000  |dz|=0.019  11.8 it/s
step   3900  L=0.2286  src=0.0581  tgt=0.0852  trans=0.0852  gain=-0.0000  |dz|=0.018  11.8 it/s
step   3950  L=0.2165  src=0.0505  tgt=0.0830  trans=0.0830  gain=-0.0000  |dz|=0.018  11.8 it/s
step   4000  L=0.1848  src=0.0449  tgt=0.0699  trans=0.0699  gain=-0.0000  |dz|=0.018  11.8 it/s
  [诊断 @ 4000] loss_correct=0.0657  loss_zero=0.1491  loss_shuffled=0.0657  loss_random=0.1584  loss_target_only=0.0657  r_basis=0.4277  |dz_transport|=0.0179  z_s_vs_enc_rel=0.0353  z_spread_rel=0.0239  gain_vs_zero=0.0833  gain_vs_shuffled=-0.0000  gain_vs_target_only=-0.0000
    ⚠ 坐标塌缩: 跨 episode 的 z 相对间距仅 0.024（阈值 0.05）—— encoder 在输出近似常量，此时 gain_vs_zero 反映的是基被当作共享容量，不是任务特异性
    ⚠ z_S 与 z^enc_T 相对间距仅 0.035 —— encoder 没有把 source 集和 target 集区分开
step   4050  L=0.1513  src=0.0509  tgt=0.0502  trans=0.0502  gain=+0.0000  |dz|=0.019  11.8 it/s
step   4100  L=0.1602  src=0.0616  tgt=0.0493  trans=0.0493  gain=+0.0000  |dz|=0.019  11.8 it/s
step   4150  L=0.1863  src=0.0705  tgt=0.0579  trans=0.0579  gain=-0.0000  |dz|=0.019  11.8 it/s
step   4200  L=0.1508  src=0.0484  tgt=0.0512  trans=0.0512  gain=-0.0000  |dz|=0.019  11.8 it/s
step   4250  L=0.2647  src=0.0649  tgt=0.0999  trans=0.0999  gain=-0.0000  |dz|=0.019  11.8 it/s
step   4300  L=0.1325  src=0.0308  tgt=0.0509  trans=0.0508  gain=+0.0001  |dz|=0.018  11.8 it/s
step   4350  L=0.1390  src=0.0460  tgt=0.0465  trans=0.0465  gain=+0.0000  |dz|=0.019  11.8 it/s
step   4400  L=0.1480  src=0.0564  tgt=0.0458  trans=0.0458  gain=+0.0000  |dz|=0.019  11.8 it/s
step   4450  L=0.1968  src=0.0615  tgt=0.0677  trans=0.0677  gain=+0.0000  |dz|=0.019  11.8 it/s
step   4500  L=0.2106  src=0.0769  tgt=0.0668  trans=0.0668  gain=+0.0000  |dz|=0.019  11.8 it/s
step   4550  L=0.1365  src=0.0507  tgt=0.0429  trans=0.0429  gain=-0.0000  |dz|=0.019  11.8 it/s
step   4600  L=0.1592  src=0.0522  tgt=0.0535  trans=0.0535  gain=-0.0000  |dz|=0.019  11.8 it/s
step   4650  L=0.2085  src=0.0624  tgt=0.0730  trans=0.0731  gain=-0.0000  |dz|=0.019  11.8 it/s
step   4700  L=0.1201  src=0.0451  tgt=0.0374  trans=0.0375  gain=-0.0000  |dz|=0.019  11.8 it/s
step   4750  L=0.1226  src=0.0419  tgt=0.0403  trans=0.0403  gain=-0.0000  |dz|=0.019  11.8 it/s
step   4800  L=0.2046  src=0.0417  tgt=0.0814  trans=0.0814  gain=-0.0000  |dz|=0.019  11.8 it/s
step   4850  L=0.1564  src=0.0612  tgt=0.0476  trans=0.0476  gain=+0.0000  |dz|=0.018  11.8 it/s
step   4900  L=0.2217  src=0.0813  tgt=0.0702  trans=0.0702  gain=+0.0000  |dz|=0.019  11.9 it/s
step   4950  L=0.2300  src=0.0765  tgt=0.0767  trans=0.0767  gain=-0.0000  |dz|=0.019  11.9 it/s
step   5000  L=0.2023  src=0.0647  tgt=0.0688  trans=0.0688  gain=+0.0000  |dz|=0.019  11.9 it/s
  [诊断 @ 5000] loss_correct=0.0571  loss_zero=0.1290  loss_shuffled=0.0571  loss_random=0.1355  loss_target_only=0.0571  r_basis=0.3761  |dz_transport|=0.0183  z_s_vs_enc_rel=0.0488  z_spread_rel=0.0201  gain_vs_zero=0.0719  gain_vs_shuffled=0.0000  gain_vs_target_only=0.0000
    ⚠ 坐标塌缩: 跨 episode 的 z 相对间距仅 0.020（阈值 0.05）—— encoder 在输出近似常量，此时 gain_vs_zero 反映的是基被当作共享容量，不是任务特异性
    ⚠ z_S 与 z^enc_T 相对间距仅 0.049 —— encoder 没有把 source 集和 target 集区分开
  已保存 C:\T1D Meta Learning\code\python\meta-diffusion\checkpoints\cifar_k16_50k_step5000.pt
step   5050  L=0.1659  src=0.0344  tgt=0.0657  trans=0.0657  gain=-0.0000  |dz|=0.019  11.8 it/s
step   5100  L=0.1024  src=0.0538  tgt=0.0243  trans=0.0243  gain=+0.0000  |dz|=0.019  11.8 it/s
step   5150  L=0.2244  src=0.0711  tgt=0.0766  trans=0.0766  gain=+0.0000  |dz|=0.019  11.8 it/s
step   5200  L=0.1856  src=0.0467  tgt=0.0695  trans=0.0695  gain=+0.0000  |dz|=0.019  11.8 it/s
step   5250  L=0.0811  src=0.0311  tgt=0.0250  trans=0.0250  gain=-0.0000  |dz|=0.020  11.8 it/s
step   5300  L=0.1018  src=0.0306  tgt=0.0356  trans=0.0356  gain=-0.0000  |dz|=0.019  11.8 it/s
step   5350  L=0.1467  src=0.0590  tgt=0.0438  trans=0.0438  gain=+0.0000  |dz|=0.019  11.8 it/s
step   5400  L=0.1732  src=0.0553  tgt=0.0589  trans=0.0589  gain=+0.0000  |dz|=0.019  11.8 it/s
step   5450  L=0.1960  src=0.0630  tgt=0.0665  trans=0.0665  gain=-0.0000  |dz|=0.018  11.8 it/s
step   5500  L=0.1711  src=0.0518  tgt=0.0597  trans=0.0596  gain=+0.0000  |dz|=0.019  11.8 it/s
step   5550  L=0.1340  src=0.0299  tgt=0.0520  trans=0.0520  gain=-0.0000  |dz|=0.019  11.8 it/s
step   5600  L=0.1283  src=0.0296  tgt=0.0493  trans=0.0493  gain=+0.0000  |dz|=0.019  11.9 it/s
step   5650  L=0.3275  src=0.0839  tgt=0.1218  trans=0.1218  gain=-0.0000  |dz|=0.019  11.9 it/s
step   5700  L=0.1395  src=0.0394  tgt=0.0500  trans=0.0500  gain=-0.0000  |dz|=0.019  11.9 it/s
step   5750  L=0.2443  src=0.0385  tgt=0.1029  trans=0.1029  gain=+0.0000  |dz|=0.019  11.9 it/s
step   5800  L=0.1558  src=0.0670  tgt=0.0444  trans=0.0444  gain=-0.0000  |dz|=0.019  11.9 it/s
step   5850  L=0.1327  src=0.0567  tgt=0.0380  trans=0.0380  gain=-0.0000  |dz|=0.019  11.9 it/s
step   5900  L=0.1458  src=0.0641  tgt=0.0408  trans=0.0408  gain=-0.0000  |dz|=0.018  11.9 it/s
step   5950  L=0.1969  src=0.0866  tgt=0.0551  trans=0.0551  gain=+0.0000  |dz|=0.018  11.9 it/s
step   6000  L=0.1594  src=0.0441  tgt=0.0576  trans=0.0576  gain=-0.0000  |dz|=0.019  11.9 it/s
  [诊断 @ 6000] loss_correct=0.0647  loss_zero=0.1241  loss_shuffled=0.0647  loss_random=0.1282  loss_target_only=0.0647  r_basis=0.3331  |dz_transport|=0.0185  z_s_vs_enc_rel=0.0294  z_spread_rel=0.0264  gain_vs_zero=0.0594  gain_vs_shuffled=0.0000  gain_vs_target_only=-0.0000
    ⚠ 坐标塌缩: 跨 episode 的 z 相对间距仅 0.026（阈值 0.05）—— encoder 在输出近似常量，此时 gain_vs_zero 反映的是基被当作共享容量，不是任务特异性
    ⚠ z_S 与 z^enc_T 相对间距仅 0.029 —— encoder 没有把 source 集和 target 集区分开
step   6050  L=0.1388  src=0.0556  tgt=0.0416  trans=0.0416  gain=+0.0000  |dz|=0.018  11.8 it/s
step   6100  L=0.2253  src=0.0502  tgt=0.0875  trans=0.0876  gain=-0.0000  |dz|=0.019  11.8 it/s
step   6150  L=0.1690  src=0.0686  tgt=0.0502  trans=0.0502  gain=-0.0000  |dz|=0.019  11.8 it/s
step   6200  L=0.2039  src=0.1020  tgt=0.0509  trans=0.0509  gain=+0.0000  |dz|=0.019  11.8 it/s
step   6250  L=0.1838  src=0.0457  tgt=0.0691  trans=0.0691  gain=+0.0000  |dz|=0.018  11.8 it/s
step   6300  L=0.1663  src=0.0397  tgt=0.0633  trans=0.0633  gain=+0.0000  |dz|=0.019  11.9 it/s
step   6350  L=0.1472  src=0.0514  tgt=0.0479  trans=0.0479  gain=+0.0000  |dz|=0.019  11.9 it/s
step   6400  L=0.1617  src=0.0950  tgt=0.0332  trans=0.0334  gain=-0.0001  |dz|=0.019  11.9 it/s
step   6450  L=0.1784  src=0.0544  tgt=0.0620  trans=0.0620  gain=-0.0000  |dz|=0.019  11.9 it/s