────────────────────────────────────────────────────────────────────────────────────────────
阶段 1 · 二维 GMM 解析验证   (k=16, 解码器 linear, 族 related@1.0, 设备 cuda)
────────────────────────────────────────────────────────────────────────────────────────────
任务族: train 192 · test 32 · 关系 ['rotate', 'translate', 'scale_cov', 'reweight']

参数 1.30M · 部署时可优化 16 个标量

训练:
  step      1  L=3.2340  src=1.0598  tgt=1.0871  trans=1.0871  |dz|=0.015  3 it/s
  step   8000  L=2.1738  src=0.6992  tgt=0.7955  trans=0.6791  |dz|=0.544  110 it/s
  step  16000  L=1.7932  src=0.6141  tgt=0.5948  trans=0.5839  |dz|=0.683  111 it/s
  step  24000  L=1.5926  src=0.6044  tgt=0.4974  trans=0.4907  |dz|=0.773  111 it/s
  step  32000  L=2.2565  src=0.5017  tgt=0.8879  trans=0.8665  |dz|=0.342  111 it/s
  step  40000  L=1.9358  src=0.6507  tgt=0.6530  trans=0.6318  |dz|=0.357  110 it/s
  step  48000  L=1.3473  src=0.4566  tgt=0.4527  trans=0.4376  |dz|=2.371  110 it/s
  step  56000  L=1.3752  src=0.5080  tgt=0.4459  trans=0.4208  |dz|=0.495  110 it/s
  step  64000  L=1.5384  src=0.4190  tgt=0.5774  trans=0.5417  |dz|=0.612  110 it/s
  step  72000  L=2.4178  src=0.6295  tgt=0.9742  trans=0.8135  |dz|=0.341  110 it/s
  step  80000  L=1.9270  src=0.5989  tgt=0.7158  trans=0.6118  |dz|=2.053  108 it/s
  权重已存: stage1_linear_k16_s80000_related1.0.pt

评估 (meta-test 的未见 GMM 配置):

────────────────────────────────────────────────────────────────────────────────────────────
 K_T  策略                    score_rel_err   denoise      SW2      MMD     |z|
-----------------------------------------------------------------------------
   1  zero                         0.9040    0.6250   2.0907   1.3733   0.762
   1  target_only                  0.9969    0.6615   1.9735   1.2059   1.863
   1  source_reuse                 0.9001    0.5887   1.4904   0.7378   1.399
   1  transport_no_refine          0.9033    0.6011   1.5248   0.8073   1.443
   1  transport                    0.9079    0.5579   1.4713   0.7153   1.467
   1  oracle                       0.8288    0.5291   1.3033   0.4775   1.606
   1  full_ft                      0.9544    0.7250   1.7042   1.0430   0.000
   1  full_ft_oracle               0.9438    0.6935   1.4505   0.7498   0.000
-----------------------------------------------------------------------------
   2  zero                         0.9037    0.6279   2.1315   1.6709   0.721
   2  target_only                  0.9253    0.6047   2.4680   2.1125   1.713
   2  source_reuse                 0.9014    0.5685   1.5342   0.7701   1.425
   2  transport_no_refine          0.9285    0.5883   1.5143   0.8220   1.442
   2  transport                    0.8949    0.5737   1.4921   0.7433   1.492
   2  oracle                       0.8365    0.5282   1.1624   0.3573   1.600
   2  full_ft                      0.9570    0.7047   1.7367   1.1569   0.000
   2  full_ft_oracle               0.9455    0.6992   1.4971   0.8174   0.000
-----------------------------------------------------------------------------
   5  zero                         0.9100    0.5973   1.7943   0.9334   0.684
   5  target_only                  0.9248    0.5825   1.1871   0.3656   1.657
   5  source_reuse                 0.8949    0.5635   1.3428   0.5791   1.430
   5  transport_no_refine          0.9128    0.5720   1.5228   0.8089   1.431
   5  transport                    0.8985    0.5803   1.3011   0.4960   1.495
   5  oracle                       0.8326    0.5093   1.3425   0.5515   1.588
   5  full_ft                      0.9527    0.7109   1.5939   0.8392   0.000
   5  full_ft_oracle               0.9468    0.7010   1.4434   0.7647   0.000
-----------------------------------------------------------------------------
  10  zero                         0.8980    0.6408   2.0321   1.5351   0.619
  10  target_only                  0.8865    0.5612   1.6308   0.8866   1.592
  10  source_reuse                 0.8799    0.5486   1.5276   0.7595   1.456
  10  transport_no_refine          0.9181    0.5679   1.5656   0.8589   1.461
  10  transport                    0.8888    0.5473   1.4000   0.6141   1.548
  10  oracle                       0.8325    0.5345   1.2542   0.4638   1.582
  10  full_ft                      0.9535    0.6950   1.6578   0.9526   0.000
  10  full_ft_oracle               0.9451    0.7221   1.4527   0.7570   0.000
-----------------------------------------------------------------------------
  20  zero                         0.9029    0.6271   1.9584   1.2021   0.572
  20  target_only                  0.8509    0.5252   1.3332   0.4686   1.507
  20  source_reuse                 0.8567    0.5516   1.3689   0.5634   1.440
  20  transport_no_refine          0.9172    0.5927   1.4944   0.8564   1.464
  20  transport                    0.8845    0.5459   1.3511   0.5609   1.519
  20  oracle                       0.8364    0.5118   1.2075   0.4367   1.617
  20  full_ft                      0.9553    0.7092   1.6492   1.0082   0.000
  20  full_ft_oracle               0.9477    0.7072   1.4672   0.7641   0.000
-----------------------------------------------------------------------------

判据（文档 §3.1 成功标准）:
  K_T= 1: transport vs target_only +0.0890 · vs source_reuse -0.0078 · 距 oracle +0.0791 · oracle 距全量微调 -0.1150
  K_T= 2: transport vs target_only +0.0304 · vs source_reuse +0.0065 · 距 oracle +0.0584 · oracle 距全量微调 -0.1090
  K_T= 5: transport vs target_only +0.0263 · vs source_reuse -0.0035 · 距 oracle +0.0659 · oracle 距全量微调 -0.1142
  K_T=10: transport vs target_only -0.0023 · vs source_reuse -0.0089 · 距 oracle +0.0563 · oracle 距全量微调 -0.1125
  K_T=20: transport vs target_only -0.0336 · vs source_reuse -0.0278 · 距 oracle +0.0481 · oracle 距全量微调 -0.1113
