────────────────────────────────────────────────────────────────────────────────────────────
阶段 1 · 二维 GMM 解析验证   (k=16, 解码器 nonlinear, 设备 cuda)
────────────────────────────────────────────────────────────────────────────────────────────
任务族: train 192 · test 32 · 关系 ['rotate', 'translate', 'scale_cov', 'reweight']

参数 1.31M · 部署时可优化 16 个标量

训练:
  step      1  L=3.3702  src=1.0926  tgt=1.1388  trans=1.1388  |dz|=0.015  3 it/s
  step   8000  L=1.9416  src=0.6251  tgt=0.7126  trans=0.6036  |dz|=2.416  96 it/s
  step  16000  L=1.3672  src=0.4782  tgt=0.4597  trans=0.4287  |dz|=0.675  97 it/s
  step  24000  L=1.4185  src=0.4468  tgt=0.5445  trans=0.4266  |dz|=1.835  97 it/s
  step  32000  L=1.5700  src=0.4323  tgt=0.5882  trans=0.5489  |dz|=0.506  98 it/s
  step  40000  L=1.1820  src=0.4576  tgt=0.3832  trans=0.3405  |dz|=4.714  97 it/s
  step  48000  L=1.3134  src=0.4443  tgt=0.4359  trans=0.4325  |dz|=2.709  97 it/s
  step  56000  L=1.2296  src=0.3443  tgt=0.4721  trans=0.4123  |dz|=2.585  97 it/s
  step  64000  L=1.4209  src=0.5187  tgt=0.4688  trans=0.4328  |dz|=1.822  97 it/s
  step  72000  L=1.4815  src=0.4578  tgt=0.5267  trans=0.4960  |dz|=4.086  97 it/s
  step  80000  L=1.3632  src=0.4353  tgt=0.4837  trans=0.4435  |dz|=3.554  97 it/s
  权重已存: stage1_nonlinear_k16_s80000.pt

评估 (meta-test 的未见 GMM 配置):

────────────────────────────────────────────────────────────────────────────────────────────
 K_T  策略                    score_rel_err   denoise      SW2      MMD     |z|
-----------------------------------------------------------------------------
   1  zero                         0.8830    0.5643   1.0372   0.6972   0.744
   1  target_only                  0.9161    0.5948   1.2580   0.9438   3.620
   1  source_reuse                 0.8876    0.5622   0.7380   0.3620   1.669
   1  transport_no_refine          0.7636    0.4733   0.5603   0.1679   2.435
   1  transport                    0.7649    0.4800   0.5435   0.1646   2.429
   1  oracle                       0.6909    0.4649   0.5333   0.1373   2.572
   1  full_ft                      0.8756    0.5787   1.0313   0.7391   0.000
   1  full_ft_oracle               0.8296    0.5423   0.6144   0.2157   0.000
-----------------------------------------------------------------------------
   2  zero                         0.8314    0.5468   0.8618   0.3968   0.695
   2  target_only                  0.9396    0.5693   0.7365   0.3359   2.231
   2  source_reuse                 0.9061    0.5705   0.7049   0.3424   1.727
   2  transport_no_refine          0.7580    0.4674   0.5557   0.1756   2.413
   2  transport                    0.7520    0.4866   0.5685   0.1820   2.424
   2  oracle                       0.6942    0.4509   0.5385   0.1234   2.562
   2  full_ft                      0.8598    0.5632   0.7728   0.3744   0.000
   2  full_ft_oracle               0.8303    0.5507   0.5964   0.2102   0.000
-----------------------------------------------------------------------------
   5  zero                         0.8391    0.5513   0.8372   0.3653   0.629
   5  target_only                  0.9254    0.5636   0.7600   0.3591   2.075
   5  source_reuse                 0.8756    0.5557   0.6952   0.3195   1.694
   5  transport_no_refine          0.7601    0.4825   0.5324   0.1535   2.409
   5  transport                    0.7484    0.4909   0.5501   0.1602   2.387
   5  oracle                       0.6880    0.4586   0.5458   0.1244   2.537
   5  full_ft                      0.8594    0.5712   0.7767   0.3624   0.000
   5  full_ft_oracle               0.8312    0.5452   0.6234   0.2166   0.000
-----------------------------------------------------------------------------
  10  zero                         0.7872    0.5280   0.8180   0.3649   0.625
  10  target_only                  0.8105    0.4918   0.5974   0.1769   1.896
  10  source_reuse                 0.8416    0.5331   0.6496   0.2564   1.657
  10  transport_no_refine          0.7587    0.5013   0.5351   0.1712   2.418
  10  transport                    0.7403    0.4802   0.5242   0.1362   2.457
  10  oracle                       0.6893    0.4623   0.5485   0.1398   2.523
  10  full_ft                      0.8450    0.5539   0.6918   0.2861   0.000
  10  full_ft_oracle               0.8315    0.5495   0.6021   0.2092   0.000
-----------------------------------------------------------------------------
  20  zero                         0.7842    0.5250   0.8648   0.4064   0.526
  20  target_only                  0.7192    0.4685   0.6328   0.2230   1.718
  20  source_reuse                 0.8089    0.5214   0.6474   0.2605   1.600
  20  transport_no_refine          0.7551    0.4903   0.5342   0.1582   2.412
  20  transport                    0.7223    0.4654   0.5528   0.1507   2.433
  20  oracle                       0.6881    0.4622   0.5269   0.1244   2.535
  20  full_ft                      0.8465    0.5523   0.7150   0.2913   0.000
  20  full_ft_oracle               0.8325    0.5504   0.6081   0.2029   0.000
-----------------------------------------------------------------------------

判据（文档 §3.1 成功标准）:
  K_T= 1: transport vs target_only +0.1512 · vs source_reuse +0.1227 · 距 oracle +0.0740 · oracle 距全量微调 -0.1388
  K_T= 2: transport vs target_only +0.1876 · vs source_reuse +0.1541 · 距 oracle +0.0578 · oracle 距全量微调 -0.1361
  K_T= 5: transport vs target_only +0.1770 · vs source_reuse +0.1272 · 距 oracle +0.0604 · oracle 距全量微调 -0.1432
  K_T=10: transport vs target_only +0.0702 · vs source_reuse +0.1013 · 距 oracle +0.0510 · oracle 距全量微调 -0.1422
  K_T=20: transport vs target_only -0.0030 · vs source_reuse +0.0866 · 距 oracle +0.0342 · oracle 距全量微调 -0.1444
