────────────────────────────────────────────────────────────────────────────────────────────
阶段 1 · 二维 GMM 解析验证   (k=16, 解码器 linear, 族 related@0.25, 设备 cuda)
────────────────────────────────────────────────────────────────────────────────────────────
任务族: train 192 · test 32 · 关系 ['rotate', 'translate', 'scale_cov', 'reweight']

参数 1.30M · 部署时可优化 16 个标量

训练:
  step      1  L=3.3163  src=1.0833  tgt=1.1165  trans=1.1165  |dz|=0.015  3 it/s
  step   8000  L=1.5019  src=0.4414  tgt=0.5709  trans=0.4894  |dz|=1.275  111 it/s
  step  16000  L=1.4217  src=0.4974  tgt=0.4637  trans=0.4604  |dz|=0.637  111 it/s
  step  24000  L=1.4356  src=0.4622  tgt=0.5046  trans=0.4686  |dz|=1.666  111 it/s
  step  32000  L=1.4744  src=0.4519  tgt=0.5197  trans=0.5026  |dz|=0.697  111 it/s
  step  40000  L=1.5358  src=0.4797  tgt=0.5740  trans=0.4820  |dz|=0.363  112 it/s
  step  48000  L=1.2962  src=0.4424  tgt=0.4310  trans=0.4227  |dz|=1.589  112 it/s
  step  56000  L=1.3772  src=0.3713  tgt=0.5112  trans=0.4946  |dz|=0.765  112 it/s
  step  64000  L=1.4124  src=0.3802  tgt=0.5305  trans=0.5016  |dz|=0.736  112 it/s
  step  72000  L=1.5909  src=0.4706  tgt=0.5804  trans=0.5397  |dz|=0.350  112 it/s
  step  80000  L=1.4787  src=0.4558  tgt=0.5339  trans=0.4887  |dz|=1.427  112 it/s
  权重已存: stage1_linear_k16_s80000_related0.25.pt

评估 (meta-test 的未见 GMM 配置):

────────────────────────────────────────────────────────────────────────────────────────────
 K_T  策略                    score_rel_err   denoise      SW2      MMD     |z|
-----------------------------------------------------------------------------
   1  zero                         0.9466    0.5589   1.0280   0.5682   0.748
   1  target_only                  1.0809    0.6392   1.2009   0.7082   1.207
   1  source_reuse                 0.6784    0.5042   1.0730   0.6572   0.926
   1  transport_no_refine          0.6694    0.4925   0.7622   0.2657   1.009
   1  transport                    0.6934    0.4757   0.7505   0.2467   1.039
   1  oracle                       0.5695    0.4528   0.6691   0.1933   1.215
   1  full_ft                      0.8378    0.5694   0.8848   0.5049   0.000
   1  full_ft_oracle               0.7747    0.5338   0.5501   0.1529   0.000
-----------------------------------------------------------------------------
   2  zero                         0.8208    0.5254   1.0034   0.5347   0.701
   2  target_only                  0.9380    0.5568   1.3103   0.7388   1.224
   2  source_reuse                 0.6891    0.4826   1.0476   0.6073   0.955
   2  transport_no_refine          0.6688    0.4819   0.7278   0.2467   1.002
   2  transport                    0.7018    0.4926   0.7796   0.3077   1.076
   2  oracle                       0.5714    0.4512   0.7122   0.2239   1.224
   2  full_ft                      0.8290    0.5474   0.8532   0.4355   0.000
   2  full_ft_oracle               0.7785    0.5487   0.5315   0.1465   0.000
-----------------------------------------------------------------------------
   5  zero                         0.7580    0.4938   1.1239   0.7147   0.570
   5  target_only                  0.7762    0.5067   1.2631   0.7642   1.207
   5  source_reuse                 0.6380    0.4880   1.0761   0.6763   0.985
   5  transport_no_refine          0.6628    0.4856   0.7263   0.2257   0.995
   5  transport                    0.6545    0.4963   0.8251   0.3145   1.078
   5  oracle                       0.5682    0.4290   0.7203   0.2604   1.204
   5  full_ft                      0.8218    0.5616   1.0031   0.5701   0.000
   5  full_ft_oracle               0.7797    0.5501   0.5589   0.1505   0.000
-----------------------------------------------------------------------------
  10  zero                         0.7327    0.5205   0.8905   0.4089   0.538
  10  target_only                  0.7099    0.4858   0.9856   0.4649   1.068
  10  source_reuse                 0.6373    0.4762   0.9276   0.4968   0.944
  10  transport_no_refine          0.6675    0.4662   0.7674   0.2642   1.015
  10  transport                    0.6685    0.4576   0.7239   0.2452   1.089
  10  oracle                       0.5646    0.4453   0.6645   0.1893   1.211
  10  full_ft                      0.8122    0.5561   0.5984   0.2011   0.000
  10  full_ft_oracle               0.7734    0.5548   0.5132   0.1509   0.000
-----------------------------------------------------------------------------
  20  zero                         0.6933    0.5036   1.0217   0.6001   0.499
  20  target_only                  0.6141    0.4621   1.0072   0.5011   1.089
  20  source_reuse                 0.5997    0.4759   0.9487   0.5469   0.981
  20  transport_no_refine          0.6634    0.4769   0.6973   0.2321   1.024
  20  transport                    0.6114    0.4631   0.8085   0.2603   1.118
  20  oracle                       0.5779    0.4366   0.6378   0.1758   1.256
  20  full_ft                      0.8136    0.5446   0.8380   0.4633   0.000
  20  full_ft_oracle               0.7778    0.5388   0.5256   0.1423   0.000
-----------------------------------------------------------------------------

判据（文档 §3.1 成功标准）:
  K_T= 1: transport vs target_only +0.3876 · vs source_reuse -0.0149 · 距 oracle +0.1239 · oracle 距全量微调 -0.2053
  K_T= 2: transport vs target_only +0.2361 · vs source_reuse -0.0128 · 距 oracle +0.1304 · oracle 距全量微调 -0.2071
  K_T= 5: transport vs target_only +0.1217 · vs source_reuse -0.0165 · 距 oracle +0.0863 · oracle 距全量微调 -0.2116
  K_T=10: transport vs target_only +0.0414 · vs source_reuse -0.0312 · 距 oracle +0.1038 · oracle 距全量微调 -0.2088
  K_T=20: transport vs target_only +0.0026 · vs source_reuse -0.0118 · 距 oracle +0.0335 · oracle 距全量微调 -0.1999
