────────────────────────────────────────────────────────────────────────────────────────────
阶段 1 · 二维 GMM 解析验证   (k=64, 解码器 linear, 族 unrelated, 设备 cuda)
────────────────────────────────────────────────────────────────────────────────────────────
任务族: train 192 · test 32 · 关系 ['rotate', 'translate', 'scale_cov', 'reweight']

参数 1.32M · 部署时可优化 64 个标量

训练:
  step      1  L=3.3926  src=1.1044  tgt=1.1441  trans=1.1441  |dz|=0.029  3 it/s
  step  32000  L=1.5922  src=0.4621  tgt=0.5752  trans=0.5547  |dz|=0.517  119 it/s
  step  64000  L=1.5031  src=0.5422  tgt=0.4943  trans=0.4665  |dz|=1.291  119 it/s
  step  96000  L=1.3384  src=0.4427  tgt=0.4858  trans=0.4097  |dz|=1.746  119 it/s
  step 128000  L=1.2404  src=0.3911  tgt=0.4445  trans=0.4046  |dz|=2.285  118 it/s
  step 160000  L=1.3757  src=0.4137  tgt=0.4970  trans=0.4646  |dz|=0.373  118 it/s
  step 192000  L=1.6512  src=0.5415  tgt=0.5801  trans=0.5293  |dz|=1.246  118 it/s
  step 224000  L=1.3592  src=0.4913  tgt=0.4559  trans=0.4119  |dz|=1.150  118 it/s
  step 256000  L=1.3298  src=0.4424  tgt=0.4517  trans=0.4354  |dz|=2.122  118 it/s
  step 288000  L=1.4711  src=0.4498  tgt=0.5094  trans=0.5116  |dz|=0.424  118 it/s
  step 320000  L=1.6092  src=0.5185  tgt=0.5593  trans=0.5311  |dz|=1.590  118 it/s
  权重已存: stage1_linear_k64_s320000_unrelated.pt

评估 (meta-test 的未见 GMM 配置):

────────────────────────────────────────────────────────────────────────────────────────────
 K_T  策略                    score_rel_err   denoise      SW2      MMD     |z|
-----------------------------------------------------------------------------
   1  zero                         0.9039    0.6234   1.1667   0.8065   0.000
   1  target_only                  1.0735    0.7400   1.7817   2.1812   1.441
   1  source_reuse                 0.8154    0.5296   0.7045   0.3534   1.127
   1  transport_no_refine          0.7812    0.4899   0.5736   0.1843   1.268
   1  transport                    0.7834    0.4875   0.6528   0.2292   1.274
   1  oracle                       0.5592    0.4363   0.5600   0.1440   1.686
   1  full_ft                      0.9116    0.6024   1.1872   0.9613   0.000
   1  full_ft_oracle               0.8272    0.5694   0.6389   0.2413   0.000
-----------------------------------------------------------------------------
   2  zero                         0.9024    0.5848   1.1663   0.8029   0.000
   2  target_only                  0.9993    0.5903   0.9536   0.5120   1.539
   2  source_reuse                 0.8249    0.5021   0.5672   0.1939   1.186
   2  transport_no_refine          0.7885    0.5048   0.5751   0.1755   1.266
   2  transport                    0.7636    0.5039   0.4892   0.1198   1.326
   2  oracle                       0.5582    0.4476   0.4992   0.1151   1.676
   2  full_ft                      0.8570    0.5811   0.7265   0.3078   0.000
   2  full_ft_oracle               0.8317    0.5668   0.6529   0.2376   0.000
-----------------------------------------------------------------------------
   5  zero                         0.9061    0.5850   1.1672   0.8352   0.000
   5  target_only                  0.7891    0.5147   0.7667   0.3831   1.288
   5  source_reuse                 0.7729    0.5021   0.6973   0.2958   1.190
   5  transport_no_refine          0.7727    0.5030   0.5821   0.1953   1.274
   5  transport                    0.7102    0.4813   0.6160   0.2461   1.307
   5  oracle                       0.5746    0.4534   0.5106   0.1409   1.711
   5  full_ft                      0.8528    0.5648   0.7718   0.3473   0.000
   5  full_ft_oracle               0.8295    0.5563   0.6293   0.2412   0.000
-----------------------------------------------------------------------------
  10  zero                         0.9005    0.6337   1.1609   0.8381   0.000
  10  target_only                  0.7075    0.4800   0.6044   0.1911   1.236
  10  source_reuse                 0.7272    0.4728   0.6015   0.1801   1.183
  10  transport_no_refine          0.7871    0.4996   0.6160   0.2097   1.267
  10  transport                    0.7114    0.4900   0.5668   0.1792   1.288
  10  oracle                       0.5677    0.4533   0.4887   0.1208   1.695
  10  full_ft                      0.8501    0.5904   0.8001   0.3883   0.000
  10  full_ft_oracle               0.8291    0.5476   0.6448   0.2189   0.000
-----------------------------------------------------------------------------
  20  zero                         0.9017    0.6229   1.1718   0.8598   0.000
  20  target_only                  0.7314    0.4562   0.4904   0.1040   1.240
  20  source_reuse                 0.7263    0.4892   0.4842   0.1112   1.228
  20  transport_no_refine          0.7910    0.4914   0.6152   0.1925   1.287
  20  transport                    0.7008    0.4647   0.5139   0.1259   1.359
  20  oracle                       0.5593    0.4592   0.5465   0.1501   1.676
  20  full_ft                      0.8523    0.5734   0.7573   0.3034   0.000
  20  full_ft_oracle               0.8312    0.5772   0.6503   0.2464   0.000
-----------------------------------------------------------------------------

判据（文档 §3.1 成功标准）:
  K_T= 1: transport vs target_only +0.2901 · vs source_reuse +0.0320 · 距 oracle +0.2242 · oracle 距全量微调 -0.2681
  K_T= 2: transport vs target_only +0.2356 · vs source_reuse +0.0613 · 距 oracle +0.2054 · oracle 距全量微调 -0.2734
  K_T= 5: transport vs target_only +0.0790 · vs source_reuse +0.0627 · 距 oracle +0.1356 · oracle 距全量微调 -0.2550
  K_T=10: transport vs target_only -0.0039 · vs source_reuse +0.0158 · 距 oracle +0.1437 · oracle 距全量微调 -0.2614
  K_T=20: transport vs target_only +0.0306 · vs source_reuse +0.0255 · 距 oracle +0.1414 · oracle 距全量微调 -0.2719
