────────────────────────────────────────────────────────────────────────────────────────────
阶段 1 · 二维 GMM 解析验证   (k=64, 解码器 linear, 族 unrelated, 设备 cuda)
────────────────────────────────────────────────────────────────────────────────────────────
任务族: train 192 · test 32 · 关系 ['rotate', 'translate', 'scale_cov', 'reweight']

参数 1.32M · 部署时可优化 64 个标量

训练:
  step      1  L=3.3926  src=1.1044  tgt=1.1441  trans=1.1441  |dz|=0.029  3 it/s
  step  16000  L=1.2982  src=0.4632  tgt=0.4256  trans=0.4092  |dz|=0.316  110 it/s
  step  32000  L=1.5922  src=0.4621  tgt=0.5752  trans=0.5547  |dz|=0.517  110 it/s
  step  48000  L=1.4216  src=0.4952  tgt=0.4703  trans=0.4558  |dz|=1.513  110 it/s
  step  64000  L=1.5031  src=0.5422  tgt=0.4943  trans=0.4665  |dz|=1.291  110 it/s
  step  80000  L=1.3557  src=0.4336  tgt=0.4651  trans=0.4569  |dz|=1.037  110 it/s
  step  96000  L=1.3384  src=0.4427  tgt=0.4858  trans=0.4097  |dz|=1.746  110 it/s
  step 112000  L=1.5652  src=0.4732  tgt=0.5918  trans=0.4999  |dz|=1.686  110 it/s
  step 128000  L=1.2404  src=0.3911  tgt=0.4445  trans=0.4046  |dz|=2.285  111 it/s
  step 144000  L=1.3219  src=0.4153  tgt=0.4844  trans=0.4219  |dz|=2.294  112 it/s
  step 160000  L=1.3757  src=0.4137  tgt=0.4970  trans=0.4646  |dz|=0.373  112 it/s
  权重已存: stage1_linear_k64_s160000_unrelated.pt

评估 (meta-test 的未见 GMM 配置):

────────────────────────────────────────────────────────────────────────────────────────────
 K_T  策略                    score_rel_err   denoise      SW2      MMD     |z|
-----------------------------------------------------------------------------
   1  zero                         0.9420    0.6124   1.2010   0.9968   0.000
   1  target_only                  1.0137    0.6299   1.4383   1.3474   1.259
   1  source_reuse                 0.8723    0.5369   0.9038   0.4833   1.010
   1  transport_no_refine          0.8721    0.5131   0.9111   0.5145   1.219
   1  transport                    0.8874    0.4956   1.0040   0.6046   1.217
   1  oracle                       0.5806    0.4573   0.4780   0.1165   1.660
   1  full_ft                      0.9481    0.6324   1.2272   1.0374   0.000
   1  full_ft_oracle               0.8468    0.5578   0.7531   0.3354   0.000
-----------------------------------------------------------------------------
   2  zero                         0.9391    0.6123   1.1870   0.9729   0.000
   2  target_only                  0.8269    0.5423   0.9281   0.3520   1.345
   2  source_reuse                 0.8503    0.5287   0.6969   0.2651   1.097
   2  transport_no_refine          0.8954    0.5132   0.9256   0.5263   1.249
   2  transport                    0.8358    0.5072   0.7608   0.3429   1.329
   2  oracle                       0.5878    0.4550   0.5356   0.1591   1.631
   2  full_ft                      0.8760    0.5636   0.9219   0.5543   0.000
   2  full_ft_oracle               0.8506    0.5640   0.7794   0.3358   0.000
-----------------------------------------------------------------------------
   5  zero                         0.9433    0.5986   1.2176   1.0113   0.000
   5  target_only                  0.8125    0.5241   0.8336   0.4050   1.159
   5  source_reuse                 0.7996    0.5021   0.7816   0.3206   1.106
   5  transport_no_refine          0.8722    0.5032   0.8889   0.4965   1.238
   5  transport                    0.8057    0.5022   0.8012   0.4091   1.315
   5  oracle                       0.5864    0.4406   0.5187   0.1518   1.640
   5  full_ft                      0.8740    0.5726   0.8928   0.4812   0.000
   5  full_ft_oracle               0.8483    0.5974   0.7385   0.3209   0.000
-----------------------------------------------------------------------------
  10  zero                         0.9369    0.6284   1.1997   1.0155   0.000
  10  target_only                  0.7239    0.4842   0.7922   0.3984   1.152
  10  source_reuse                 0.7767    0.5029   0.7622   0.2987   1.075
  10  transport_no_refine          0.8629    0.5286   0.9756   0.5558   1.230
  10  transport                    0.7299    0.4860   0.8140   0.4247   1.267
  10  oracle                       0.5851    0.4697   0.5307   0.1430   1.666
  10  full_ft                      0.8791    0.5780   0.9018   0.5018   0.000
  10  full_ft_oracle               0.8517    0.5580   0.7504   0.3069   0.000
-----------------------------------------------------------------------------
  20  zero                         0.9391    0.6145   1.1938   1.0388   0.000
  20  target_only                  0.6943    0.4623   0.5527   0.1900   1.192
  20  source_reuse                 0.7508    0.4862   0.6310   0.2087   1.117
  20  transport_no_refine          0.8779    0.5074   0.9535   0.5887   1.246
  20  transport                    0.7410    0.4916   0.6918   0.3020   1.353
  20  oracle                       0.5899    0.4496   0.5001   0.1226   1.645
  20  full_ft                      0.8766    0.6019   0.8425   0.4197   0.000
  20  full_ft_oracle               0.8511    0.5803   0.7594   0.3259   0.000
-----------------------------------------------------------------------------

判据（文档 §3.1 成功标准）:
  K_T= 1: transport vs target_only +0.1263 · vs source_reuse -0.0151 · 距 oracle +0.3068 · oracle 距全量微调 -0.2662
  K_T= 2: transport vs target_only -0.0089 · vs source_reuse +0.0145 · 距 oracle +0.2480 · oracle 距全量微调 -0.2628
  K_T= 5: transport vs target_only +0.0067 · vs source_reuse -0.0061 · 距 oracle +0.2193 · oracle 距全量微调 -0.2619
  K_T=10: transport vs target_only -0.0060 · vs source_reuse +0.0468 · 距 oracle +0.1448 · oracle 距全量微调 -0.2666
  K_T=20: transport vs target_only -0.0467 · vs source_reuse +0.0098 · 距 oracle +0.1511 · oracle 距全量微调 -0.2612
