────────────────────────────────────────────────────────────────────────────────────────────
阶段 1 · 二维 GMM 解析验证   (k=16, 解码器 linear, 族 unrelated, 设备 cuda)
────────────────────────────────────────────────────────────────────────────────────────────
任务族: train 192 · test 32 · 关系 ['rotate', 'translate', 'scale_cov', 'reweight']

参数 1.30M · 部署时可优化 16 个标量

训练:
  step      1  L=3.3924  src=1.1044  tgt=1.1440  trans=1.1440  |dz|=0.016  3 it/s
  step   8000  L=1.9531  src=0.6238  tgt=0.6995  trans=0.6297  |dz|=0.501  90 it/s
  step  16000  L=1.4038  src=0.4851  tgt=0.4728  trans=0.4456  |dz|=0.499  97 it/s
  step  24000  L=1.4589  src=0.4545  tgt=0.5615  trans=0.4427  |dz|=1.285  89 it/s
  step  32000  L=1.5455  src=0.4414  tgt=0.5788  trans=0.5251  |dz|=0.300  94 it/s
  step  40000  L=1.2086  src=0.4652  tgt=0.4026  trans=0.3406  |dz|=1.709  96 it/s
  step  48000  L=1.3319  src=0.4424  tgt=0.4689  trans=0.4202  |dz|=1.629  98 it/s
  step  56000  L=1.2518  src=0.3560  tgt=0.4549  trans=0.4405  |dz|=1.363  100 it/s
  step  64000  L=1.4478  src=0.5263  tgt=0.4797  trans=0.4416  |dz|=1.413  101 it/s
  step  72000  L=1.5116  src=0.4666  tgt=0.5204  trans=0.5243  |dz|=1.422  102 it/s
  step  80000  L=1.3659  src=0.4370  tgt=0.4513  trans=0.4774  |dz|=1.435  102 it/s
  权重已存: stage1_linear_k16_s80000_unrelated.pt

评估 (meta-test 的未见 GMM 配置):

────────────────────────────────────────────────────────────────────────────────────────────
 K_T  策略                    score_rel_err   denoise      SW2      MMD     |z|
-----------------------------------------------------------------------------
   1  zero                         0.9499    0.6309   1.1248   1.0812   0.778
   1  target_only                  1.1609    0.7481   1.4813   1.6964   1.381
   1  source_reuse                 0.7934    0.5225   0.6326   0.2565   1.081
   1  transport_no_refine          0.8356    0.5393   0.6523   0.2776   1.278
   1  transport                    0.8416    0.5178   0.7102   0.3193   1.287
   1  oracle                       0.6871    0.4833   0.5233   0.1546   1.372
   1  full_ft                      0.9159    0.6278   1.1339   0.9370   0.000
   1  full_ft_oracle               0.8360    0.5531   0.6400   0.2537   0.000
-----------------------------------------------------------------------------
   2  zero                         0.8221    0.5287   0.8423   0.4805   0.702
   2  target_only                  0.9255    0.5639   0.6602   0.3057   1.334
   2  source_reuse                 0.8114    0.4928   0.5059   0.1660   1.133
   2  transport_no_refine          0.8508    0.5397   0.5931   0.2481   1.268
   2  transport                    0.8205    0.5244   0.6076   0.2490   1.327
   2  oracle                       0.6847    0.4677   0.5272   0.1727   1.373
   2  full_ft                      0.8593    0.5732   0.7264   0.3360   0.000
   2  full_ft_oracle               0.8388    0.5554   0.6475   0.2438   0.000
-----------------------------------------------------------------------------
   5  zero                         0.7853    0.5253   0.7856   0.4592   0.621
   5  target_only                  0.7875    0.5291   0.5982   0.2045   1.300
   5  source_reuse                 0.7727    0.5027   0.5722   0.1851   1.138
   5  transport_no_refine          0.8229    0.5129   0.5889   0.2400   1.260
   5  transport                    0.7487    0.5150   0.6046   0.2146   1.284
   5  oracle                       0.6869    0.4605   0.5304   0.1443   1.354
   5  full_ft                      0.8595    0.5795   0.7749   0.3706   0.000
   5  full_ft_oracle               0.8383    0.5668   0.6440   0.2470   0.000
-----------------------------------------------------------------------------
  10  zero                         0.7602    0.5509   0.8234   0.4620   0.592
  10  target_only                  0.7395    0.5035   0.6615   0.2604   1.190
  10  source_reuse                 0.7410    0.5034   0.6049   0.2065   1.148
  10  transport_no_refine          0.8300    0.5128   0.6806   0.2874   1.275
  10  transport                    0.7403    0.5048   0.6779   0.3035   1.274
  10  oracle                       0.6934    0.4786   0.5311   0.1663   1.351
  10  full_ft                      0.8501    0.5732   0.7580   0.3945   0.000
  10  full_ft_oracle               0.8386    0.5823   0.6488   0.2359   0.000
-----------------------------------------------------------------------------
  20  zero                         0.7784    0.5240   0.7533   0.3760   0.516
  20  target_only                  0.7610    0.4915   0.4270   0.1091   1.182
  20  source_reuse                 0.7561    0.4899   0.5147   0.1606   1.125
  20  transport_no_refine          0.8367    0.5315   0.6293   0.2671   1.300
  20  transport                    0.7366    0.4917   0.6319   0.2359   1.235
  20  oracle                       0.6878    0.4709   0.5340   0.1583   1.362
  20  full_ft                      0.8525    0.5744   0.6907   0.2692   0.000
  20  full_ft_oracle               0.8381    0.5666   0.6731   0.2630   0.000
-----------------------------------------------------------------------------

判据（文档 §3.1 成功标准）:
  K_T= 1: transport vs target_only +0.3193 · vs source_reuse -0.0482 · 距 oracle +0.1545 · oracle 距全量微调 -0.1489
  K_T= 2: transport vs target_only +0.1049 · vs source_reuse -0.0091 · 距 oracle +0.1358 · oracle 距全量微调 -0.1541
  K_T= 5: transport vs target_only +0.0387 · vs source_reuse +0.0240 · 距 oracle +0.0618 · oracle 距全量微调 -0.1514
  K_T=10: transport vs target_only -0.0008 · vs source_reuse +0.0006 · 距 oracle +0.0469 · oracle 距全量微调 -0.1452
  K_T=20: transport vs target_only +0.0244 · vs source_reuse +0.0194 · 距 oracle +0.0488 · oracle 距全量微调 -0.1503
