────────────────────────────────────────────────────────────────────────────────────────────
阶段 1 · 二维 GMM 解析验证   (k=16, 解码器 linear, 设备 cuda)
────────────────────────────────────────────────────────────────────────────────────────────
任务族: train 192 · test 32 · 关系 ['rotate', 'translate', 'scale_cov', 'reweight']

参数 1.30M · 部署时可优化 16 个标量

训练:
  step      1  L=3.3924  src=1.1044  tgt=1.1440  trans=1.1440  |dz|=0.016  3 it/s
  step   8000  L=1.9531  src=0.6238  tgt=0.6995  trans=0.6297  |dz|=0.501  102 it/s
  step  16000  L=1.4038  src=0.4851  tgt=0.4728  trans=0.4456  |dz|=0.499  103 it/s
  step  24000  L=1.4589  src=0.4545  tgt=0.5615  trans=0.4427  |dz|=1.285  103 it/s
  step  32000  L=1.5455  src=0.4414  tgt=0.5788  trans=0.5251  |dz|=0.300  104 it/s
  step  40000  L=1.2086  src=0.4652  tgt=0.4026  trans=0.3406  |dz|=1.709  105 it/s
  step  48000  L=1.3319  src=0.4424  tgt=0.4689  trans=0.4202  |dz|=1.629  105 it/s
  step  56000  L=1.2518  src=0.3560  tgt=0.4549  trans=0.4405  |dz|=1.363  106 it/s
  step  64000  L=1.4478  src=0.5263  tgt=0.4797  trans=0.4416  |dz|=1.413  106 it/s
  step  72000  L=1.5116  src=0.4666  tgt=0.5204  trans=0.5243  |dz|=1.422  106 it/s
  step  80000  L=1.3659  src=0.4370  tgt=0.4513  trans=0.4774  |dz|=1.435  106 it/s
  权重已存: stage1_linear_k16_s80000.pt

评估 (meta-test 的未见 GMM 配置):

────────────────────────────────────────────────────────────────────────────────────────────
 K_T  策略                    score_rel_err   denoise      SW2      MMD     |z|
-----------------------------------------------------------------------------
   1  zero                         0.9149    0.5894   1.0119   0.8368   0.778
   1  target_only                  1.0353    0.6567   1.2085   1.1532   1.242
   1  source_reuse                 0.8827    0.5671   0.6482   0.3599   1.038
   1  transport_no_refine          0.8431    0.5072   0.5865   0.2480   1.405
   1  transport                    0.8485    0.5129   0.6000   0.2602   1.417
   1  oracle                       0.6973    0.4679   0.4524   0.1289   1.466
   1  full_ft                      0.8899    0.5859   0.9742   0.7374   0.000
   1  full_ft_oracle               0.8362    0.5457   0.6052   0.2331   0.000
-----------------------------------------------------------------------------
   2  zero                         0.8311    0.5505   0.7642   0.4175   0.668
   2  target_only                  0.9606    0.5967   0.7921   0.4399   1.359
   2  source_reuse                 0.8911    0.5756   0.6610   0.3565   1.129
   2  transport_no_refine          0.8430    0.4947   0.5605   0.2299   1.390
   2  transport                    0.7976    0.5079   0.5578   0.2083   1.397
   2  oracle                       0.6994    0.4535   0.4600   0.1162   1.437
   2  full_ft                      0.8640    0.5661   0.7409   0.3784   0.000
   2  full_ft_oracle               0.8368    0.5533   0.5960   0.2286   0.000
-----------------------------------------------------------------------------
   5  zero                         0.8342    0.5454   0.7618   0.4039   0.634
   5  target_only                  0.9018    0.5683   0.7318   0.4413   1.253
   5  source_reuse                 0.8661    0.5621   0.6875   0.3974   1.102
   5  transport_no_refine          0.8520    0.5224   0.5784   0.2397   1.426
   5  transport                    0.8128    0.5114   0.5871   0.2320   1.370
   5  oracle                       0.6989    0.4620   0.4526   0.1157   1.457
   5  full_ft                      0.8605    0.5731   0.7860   0.4330   0.000
   5  full_ft_oracle               0.8373    0.5482   0.6156   0.2321   0.000
-----------------------------------------------------------------------------
  10  zero                         0.7788    0.5207   0.7325   0.3852   0.604
  10  target_only                  0.8035    0.4938   0.5284   0.1612   1.224
  10  source_reuse                 0.8286    0.5288   0.5770   0.2789   1.086
  10  transport_no_refine          0.8449    0.5320   0.5512   0.2405   1.388
  10  transport                    0.7625    0.4899   0.4940   0.1665   1.378
  10  oracle                       0.6960    0.4644   0.4823   0.1400   1.447
  10  full_ft                      0.8480    0.5558   0.6694   0.3056   0.000
  10  full_ft_oracle               0.8372    0.5516   0.6041   0.2282   0.000
-----------------------------------------------------------------------------
  20  zero                         0.7812    0.5188   0.7421   0.3739   0.525
  20  target_only                  0.7166    0.4696   0.5072   0.1704   1.129
  20  source_reuse                 0.7901    0.5135   0.5620   0.2780   1.009
  20  transport_no_refine          0.8427    0.5232   0.5872   0.2506   1.387
  20  transport                    0.7258    0.4703   0.5152   0.1821   1.370
  20  oracle                       0.6890    0.4616   0.4577   0.1294   1.458
  20  full_ft                      0.8501    0.5550   0.6801   0.2984   0.000
  20  full_ft_oracle               0.8385    0.5540   0.5985   0.2138   0.000
-----------------------------------------------------------------------------

判据（文档 §3.1 成功标准）:
  K_T= 1: transport vs target_only +0.1868 · vs source_reuse +0.0342 · 距 oracle +0.1513 · oracle 距全量微调 -0.1389
  K_T= 2: transport vs target_only +0.1630 · vs source_reuse +0.0935 · 距 oracle +0.0982 · oracle 距全量微调 -0.1375
  K_T= 5: transport vs target_only +0.0890 · vs source_reuse +0.0533 · 距 oracle +0.1139 · oracle 距全量微调 -0.1384
  K_T=10: transport vs target_only +0.0410 · vs source_reuse +0.0662 · 距 oracle +0.0665 · oracle 距全量微调 -0.1413
  K_T=20: transport vs target_only -0.0092 · vs source_reuse +0.0643 · 距 oracle +0.0368 · oracle 距全量微调 -0.1495
