────────────────────────────────────────────────────────────────────────────────────────────
阶段 1 · 二维 GMM 解析验证   (k=4, 解码器 linear, 族 unrelated, 设备 cuda)
────────────────────────────────────────────────────────────────────────────────────────────
任务族: train 192 · test 32 · 关系 ['rotate', 'translate', 'scale_cov', 'reweight']

参数 1.29M · 部署时可优化 4 个标量

训练:
  step      1  L=3.3943  src=1.1050  tgt=1.1447  trans=1.1446  |dz|=0.022  3 it/s
  step   8000  L=2.0023  src=0.6109  tgt=0.7444  trans=0.6469  |dz|=0.318  110 it/s
  step  16000  L=1.3276  src=0.4648  tgt=0.4354  trans=0.4270  |dz|=0.327  110 it/s
  step  24000  L=1.6109  src=0.5204  tgt=0.5732  trans=0.5172  |dz|=0.735  111 it/s
  step  32000  L=1.7945  src=0.6275  tgt=0.5812  trans=0.5858  |dz|=0.101  111 it/s
  step  40000  L=1.3353  src=0.4906  tgt=0.4387  trans=0.4060  |dz|=1.011  111 it/s
  step  48000  L=1.8298  src=0.5978  tgt=0.6175  trans=0.6143  |dz|=0.847  110 it/s
  step  56000  L=1.3196  src=0.4286  tgt=0.4514  trans=0.4393  |dz|=1.069  111 it/s
  step  64000  L=1.5143  src=0.5564  tgt=0.4731  trans=0.4846  |dz|=0.879  110 it/s
  step  72000  L=1.5485  src=0.5013  tgt=0.5522  trans=0.4948  |dz|=0.964  110 it/s
  step  80000  L=1.5001  src=0.4791  tgt=0.5258  trans=0.4951  |dz|=0.570  111 it/s
  权重已存: stage1_linear_k4_s80000_unrelated.pt

评估 (meta-test 的未见 GMM 配置):

────────────────────────────────────────────────────────────────────────────────────────────
 K_T  策略                    score_rel_err   denoise      SW2      MMD     |z|
-----------------------------------------------------------------------------
   1  zero                         0.8918    0.6085   1.2422   0.9165   0.000
   1  target_only                  0.9652    0.6614   1.5574   1.5229   0.881
   1  source_reuse                 0.8260    0.5230   0.8333   0.3500   0.773
   1  transport_no_refine          0.8042    0.5115   0.7385   0.2986   0.868
   1  transport                    0.8079    0.5130   0.8191   0.3732   0.861
   1  oracle                       0.7977    0.5208   0.6194   0.2089   0.965
   1  full_ft                      0.8967    0.6091   1.1868   0.8602   0.000
   1  full_ft_oracle               0.8406    0.5603   0.8799   0.4345   0.000
-----------------------------------------------------------------------------
   2  zero                         0.8916    0.5987   1.2387   0.9080   0.000
   2  target_only                  0.8713    0.5749   0.8305   0.4641   0.886
   2  source_reuse                 0.8289    0.5297   0.7033   0.2545   0.857
   2  transport_no_refine          0.8101    0.5170   0.7224   0.3012   0.868
   2  transport                    0.8035    0.5194   0.6270   0.2232   0.928
   2  oracle                       0.8029    0.5189   0.6308   0.2331   0.947
   2  full_ft                      0.8575    0.5935   0.9882   0.5517   0.000
   2  full_ft_oracle               0.8427    0.5656   0.8995   0.4426   0.000
-----------------------------------------------------------------------------
   5  zero                         0.8942    0.5971   1.2545   0.9335   0.000
   5  target_only                  0.8141    0.5315   0.7780   0.3402   0.923
   5  source_reuse                 0.8315    0.5232   0.7852   0.3020   0.852
   5  transport_no_refine          0.8012    0.5451   0.7250   0.3102   0.846
   5  transport                    0.8042    0.5153   0.7231   0.2801   0.915
   5  oracle                       0.8027    0.5118   0.6079   0.1935   0.969
   5  full_ft                      0.8555    0.5822   1.0067   0.5411   0.000
   5  full_ft_oracle               0.8409    0.6028   0.8737   0.4359   0.000
-----------------------------------------------------------------------------
  10  zero                         0.8893    0.5933   1.2376   0.9575   0.000
  10  target_only                  0.8147    0.5073   0.8535   0.4071   0.906
  10  source_reuse                 0.8146    0.5315   0.8216   0.3380   0.825
  10  transport_no_refine          0.8076    0.5235   0.8156   0.3555   0.874
  10  transport                    0.8087    0.5154   0.8140   0.3753   0.881
  10  oracle                       0.7971    0.5303   0.6588   0.2424   0.962
  10  full_ft                      0.8530    0.5730   0.9469   0.5343   0.000
  10  full_ft_oracle               0.8430    0.5560   0.8933   0.4133   0.000
-----------------------------------------------------------------------------
  20  zero                         0.8894    0.5977   1.2405   0.9615   0.000
  20  target_only                  0.8131    0.5081   0.6780   0.2542   0.888
  20  source_reuse                 0.8153    0.5153   0.7228   0.2737   0.837
  20  transport_no_refine          0.8060    0.5283   0.7162   0.2779   0.865
  20  transport                    0.7987    0.5329   0.6563   0.2224   0.918
  20  oracle                       0.7962    0.5101   0.6301   0.2012   0.975
  20  full_ft                      0.8530    0.5694   0.9696   0.4924   0.000
  20  full_ft_oracle               0.8422    0.5881   0.9078   0.4328   0.000
-----------------------------------------------------------------------------

判据（文档 §3.1 成功标准）:
  K_T= 1: transport vs target_only +0.1572 · vs source_reuse +0.0181 · 距 oracle +0.0102 · oracle 距全量微调 -0.0429
  K_T= 2: transport vs target_only +0.0677 · vs source_reuse +0.0253 · 距 oracle +0.0006 · oracle 距全量微调 -0.0398
  K_T= 5: transport vs target_only +0.0099 · vs source_reuse +0.0273 · 距 oracle +0.0015 · oracle 距全量微调 -0.0383
  K_T=10: transport vs target_only +0.0060 · vs source_reuse +0.0059 · 距 oracle +0.0117 · oracle 距全量微调 -0.0460
  K_T=20: transport vs target_only +0.0144 · vs source_reuse +0.0166 · 距 oracle +0.0025 · oracle 距全量微调 -0.0460
