────────────────────────────────────────────────────────────────────────────────────────────
阶段 1 · 二维 GMM 解析验证   (k=32, 解码器 linear, 设备 cuda)
────────────────────────────────────────────────────────────────────────────────────────────
任务族: train 192 · test 32 · 关系 ['rotate', 'translate', 'scale_cov', 'reweight']

参数 1.31M · 部署时可优化 32 个标量

训练:
  step      1  L=3.3952  src=1.1053  tgt=1.1450  trans=1.1449  |dz|=0.032  3 it/s
  step   4000  L=1.5323  src=0.4773  tgt=0.5367  trans=0.5182  |dz|=0.588  83 it/s
  step   8000  L=1.9377  src=0.6210  tgt=0.6990  trans=0.6176  |dz|=0.655  82 it/s
  step  12000  L=1.3977  src=0.4666  tgt=0.4684  trans=0.4626  |dz|=0.183  81 it/s
  step  16000  L=1.3154  src=0.4678  tgt=0.4251  trans=0.4223  |dz|=0.583  81 it/s
  step  20000  L=1.5343  src=0.4733  tgt=0.5192  trans=0.5417  |dz|=1.281  81 it/s
  step  24000  L=1.5291  src=0.4790  tgt=0.5830  trans=0.4669  |dz|=1.096  81 it/s
  step  28000  L=1.1484  src=0.3761  tgt=0.3901  trans=0.3822  |dz|=0.493  81 it/s
  step  32000  L=1.5560  src=0.4514  tgt=0.5622  trans=0.5422  |dz|=0.365  80 it/s
  step  36000  L=1.6912  src=0.5017  tgt=0.6271  trans=0.5623  |dz|=0.968  80 it/s
  step  40000  L=1.2308  src=0.4789  tgt=0.3933  trans=0.3584  |dz|=1.552  80 it/s
  权重已存: stage1_linear_k32_s40000.pt

评估 (meta-test 的未见 GMM 配置):

────────────────────────────────────────────────────────────────────────────────────────────
 K_T  策略                    score_rel_err   denoise      SW2      MMD     |z|
-----------------------------------------------------------------------------
   1  zero                         0.9547    0.5978   1.0956   0.8187   0.989
   1  target_only                  1.0741    0.6653   1.0781   0.8632   1.174
   1  source_reuse                 0.8347    0.5301   0.8152   0.3785   0.845
   1  transport_no_refine          0.8131    0.4991   0.6291   0.2038   1.126
   1  transport                    0.8220    0.5010   0.6927   0.2480   1.126
   1  oracle                       0.7050    0.4564   0.5751   0.1551   1.357
   1  full_ft                      0.9053    0.5864   0.9845   0.7010   0.000
   1  full_ft_oracle               0.8429    0.5477   0.5751   0.2160   0.000
-----------------------------------------------------------------------------
   2  zero                         0.8418    0.5637   0.8604   0.4650   0.900
   2  target_only                  0.9488    0.5985   0.7594   0.4031   1.171
   2  source_reuse                 0.8362    0.5452   0.7463   0.3487   0.898
   2  transport_no_refine          0.8221    0.5080   0.6115   0.2165   1.120
   2  transport                    0.7989    0.5105   0.6129   0.1832   1.137
   2  oracle                       0.7096    0.4784   0.5859   0.1573   1.325
   2  full_ft                      0.8659    0.5735   0.7600   0.4066   0.000
   2  full_ft_oracle               0.8405    0.5471   0.5539   0.1835   0.000
-----------------------------------------------------------------------------
   5  zero                         0.8276    0.5337   0.7334   0.3290   0.818
   5  target_only                  0.8871    0.5413   0.7832   0.3534   1.066
   5  source_reuse                 0.8208    0.5278   0.7876   0.3578   0.902
   5  transport_no_refine          0.8148    0.5080   0.6508   0.2096   1.110
   5  transport                    0.8085    0.5019   0.6659   0.2274   1.150
   5  oracle                       0.7073    0.4612   0.6098   0.1726   1.340
   5  full_ft                      0.8612    0.5689   0.7400   0.3849   0.000
   5  full_ft_oracle               0.8455    0.5483   0.5599   0.1899   0.000
-----------------------------------------------------------------------------
  10  zero                         0.7891    0.5290   0.8223   0.3762   0.782
  10  target_only                  0.8036    0.5218   0.7978   0.3059   1.076
  10  source_reuse                 0.8035    0.5600   0.7666   0.3102   0.902
  10  transport_no_refine          0.8159    0.4937   0.6255   0.2160   1.113
  10  transport                    0.7683    0.4859   0.6665   0.2327   1.145
  10  oracle                       0.7031    0.4742   0.6010   0.1505   1.362
  10  full_ft                      0.8612    0.5542   0.7592   0.3553   0.000
  10  full_ft_oracle               0.8447    0.5598   0.5784   0.1910   0.000
-----------------------------------------------------------------------------
  20  zero                         0.7865    0.5190   0.7924   0.3365   0.692
  20  target_only                  0.7697    0.4934   0.6670   0.2189   1.019
  20  source_reuse                 0.7973    0.5342   0.7641   0.3053   0.923
  20  transport_no_refine          0.8109    0.5025   0.6051   0.1950   1.112
  20  transport                    0.7625    0.5026   0.6077   0.1699   1.160
  20  oracle                       0.7032    0.4572   0.5502   0.1322   1.351
  20  full_ft                      0.8602    0.5587   0.7183   0.3206   0.000
  20  full_ft_oracle               0.8439    0.5471   0.5689   0.1978   0.000
-----------------------------------------------------------------------------

判据（文档 §3.1 成功标准）:
  K_T= 1: transport vs target_only +0.2521 · vs source_reuse +0.0126 · 距 oracle +0.1170 · oracle 距全量微调 -0.1379
  K_T= 2: transport vs target_only +0.1499 · vs source_reuse +0.0373 · 距 oracle +0.0893 · oracle 距全量微调 -0.1310
  K_T= 5: transport vs target_only +0.0785 · vs source_reuse +0.0123 · 距 oracle +0.1012 · oracle 距全量微调 -0.1382
  K_T=10: transport vs target_only +0.0353 · vs source_reuse +0.0352 · 距 oracle +0.0652 · oracle 距全量微调 -0.1416
  K_T=20: transport vs target_only +0.0072 · vs source_reuse +0.0348 · 距 oracle +0.0593 · oracle 距全量微调 -0.1408
