────────────────────────────────────────────────────────────────────────────────────────────
阶段 1 · 二维 GMM 解析验证   (k=64, 解码器 linear, 族 unrelated, 设备 cuda)
────────────────────────────────────────────────────────────────────────────────────────────
任务族: train 192 · test 32 · 关系 ['rotate', 'translate', 'scale_cov', 'reweight']

参数 1.32M · 部署时可优化 64 个标量

训练:
  step      1  L=3.3926  src=1.1044  tgt=1.1441  trans=1.1441  |dz|=0.029  3 it/s
  step   4000  L=1.5397  src=0.4790  tgt=0.5425  trans=0.5182  |dz|=0.508  106 it/s
  step   8000  L=1.9482  src=0.6133  tgt=0.7109  trans=0.6240  |dz|=0.614  94 it/s
  step  12000  L=1.4516  src=0.4818  tgt=0.4881  trans=0.4816  |dz|=0.213  99 it/s
  step  16000  L=1.2982  src=0.4632  tgt=0.4256  trans=0.4092  |dz|=0.316  102 it/s
  step  20000  L=1.5946  src=0.4866  tgt=0.5701  trans=0.5378  |dz|=1.264  103 it/s
  step  24000  L=1.4178  src=0.4514  tgt=0.5232  trans=0.4431  |dz|=1.048  104 it/s
  step  28000  L=1.1500  src=0.3710  tgt=0.3931  trans=0.3859  |dz|=0.313  105 it/s
  step  32000  L=1.5922  src=0.4621  tgt=0.5752  trans=0.5547  |dz|=0.517  106 it/s
  step  36000  L=1.6525  src=0.5003  tgt=0.6025  trans=0.5496  |dz|=0.965  106 it/s
  step  40000  L=1.2049  src=0.4877  tgt=0.3821  trans=0.3350  |dz|=1.634  107 it/s
  权重已存: stage1_linear_k64_s40000_unrelated.pt

评估 (meta-test 的未见 GMM 配置):

────────────────────────────────────────────────────────────────────────────────────────────
 K_T  策略                    score_rel_err   denoise      SW2      MMD     |z|
-----------------------------------------------------------------------------
   1  zero                         0.9129    0.6123   1.2258   0.9093   0.000
   1  target_only                  1.1111    0.7978   1.4070   1.4398   1.222
   1  source_reuse                 0.8474    0.5280   0.7485   0.3206   0.813
   1  transport_no_refine          0.8262    0.5116   0.6365   0.2135   1.020
   1  transport                    0.8312    0.4985   0.7092   0.2939   1.010
   1  oracle                       0.7795    0.4631   0.5236   0.1264   1.534
   1  full_ft                      0.9215    0.6117   1.1929   0.9209   0.000
   1  full_ft_oracle               0.8765    0.5883   0.8179   0.3979   0.000
-----------------------------------------------------------------------------
   2  zero                         0.9143    0.6094   1.2116   0.8935   0.000
   2  target_only                  0.9381    0.6050   0.9643   0.4574   1.138
   2  source_reuse                 0.8602    0.5394   0.7045   0.2665   0.909
   2  transport_no_refine          0.8344    0.5123   0.5921   0.1923   1.031
   2  transport                    0.8435    0.5192   0.6695   0.2292   1.099
   2  oracle                       0.7855    0.4896   0.5130   0.1398   1.532
   2  full_ft                      0.8912    0.5581   0.9243   0.5113   0.000
   2  full_ft_oracle               0.8781    0.5581   0.8507   0.4144   0.000
-----------------------------------------------------------------------------
   5  zero                         0.9160    0.6069   1.2364   0.9318   0.000
   5  target_only                  0.8683    0.5352   0.6707   0.2715   1.121
   5  source_reuse                 0.8405    0.5161   0.5982   0.1661   0.945
   5  transport_no_refine          0.8219    0.5235   0.6050   0.2051   1.018
   5  transport                    0.8218    0.5087   0.5949   0.1764   1.115
   5  oracle                       0.7783    0.4786   0.5084   0.1164   1.506
   5  full_ft                      0.8866    0.5874   0.9080   0.4729   0.000
   5  full_ft_oracle               0.8760    0.5653   0.8116   0.3945   0.000
-----------------------------------------------------------------------------
  10  zero                         0.9139    0.6064   1.2181   0.9381   0.000
  10  target_only                  0.8330    0.5055   0.7379   0.3298   0.997
  10  source_reuse                 0.8245    0.5119   0.6714   0.2340   0.932
  10  transport_no_refine          0.8220    0.5005   0.6338   0.2074   1.027
  10  transport                    0.8174    0.5171   0.6352   0.2465   1.067
  10  oracle                       0.7744    0.4658   0.5420   0.1387   1.506
  10  full_ft                      0.8876    0.5851   0.8925   0.4832   0.000
  10  full_ft_oracle               0.8770    0.5688   0.8511   0.3834   0.000
-----------------------------------------------------------------------------
  20  zero                         0.9148    0.6031   1.2127   0.9550   0.000
  20  target_only                  0.8227    0.4924   0.5269   0.1452   1.002
  20  source_reuse                 0.8163    0.5084   0.5701   0.1410   0.962
  20  transport_no_refine          0.8293    0.4965   0.6176   0.2225   1.027
  20  transport                    0.8045    0.4769   0.5328   0.1493   1.111
  20  oracle                       0.7759    0.4543   0.4814   0.1007   1.533
  20  full_ft                      0.8878    0.5824   0.8298   0.3762   0.000
  20  full_ft_oracle               0.8740    0.5636   0.8354   0.3963   0.000
-----------------------------------------------------------------------------

判据（文档 §3.1 成功标准）:
  K_T= 1: transport vs target_only +0.2799 · vs source_reuse +0.0162 · 距 oracle +0.0517 · oracle 距全量微调 -0.0970
  K_T= 2: transport vs target_only +0.0946 · vs source_reuse +0.0167 · 距 oracle +0.0580 · oracle 距全量微调 -0.0927
  K_T= 5: transport vs target_only +0.0466 · vs source_reuse +0.0187 · 距 oracle +0.0434 · oracle 距全量微调 -0.0977
  K_T=10: transport vs target_only +0.0156 · vs source_reuse +0.0071 · 距 oracle +0.0430 · oracle 距全量微调 -0.1026
  K_T=20: transport vs target_only +0.0183 · vs source_reuse +0.0118 · 距 oracle +0.0286 · oracle 距全量微调 -0.0981
