────────────────────────────────────────────────────────────────────────────────────────────
阶段 1 · 二维 GMM 解析验证   (k=8, 解码器 linear, 族 unrelated, 设备 cuda)
────────────────────────────────────────────────────────────────────────────────────────────
任务族: train 192 · test 32 · 关系 ['rotate', 'translate', 'scale_cov', 'reweight']

参数 1.30M · 部署时可优化 8 个标量

训练:
  step      1  L=3.3946  src=1.1051  tgt=1.1448  trans=1.1448  |dz|=0.021  3 it/s
  step   8000  L=1.9286  src=0.6185  tgt=0.6965  trans=0.6134  |dz|=0.697  111 it/s
  step  16000  L=1.3317  src=0.4729  tgt=0.4293  trans=0.4292  |dz|=0.365  111 it/s
  step  24000  L=1.4473  src=0.4557  tgt=0.5561  trans=0.4352  |dz|=1.380  111 it/s
  step  32000  L=1.6230  src=0.4686  tgt=0.5851  trans=0.5690  |dz|=0.262  111 it/s
  step  40000  L=1.2711  src=0.4858  tgt=0.4041  trans=0.3809  |dz|=1.915  111 it/s
  step  48000  L=1.3756  src=0.4901  tgt=0.4500  trans=0.4350  |dz|=1.694  111 it/s
  step  56000  L=1.2705  src=0.3707  tgt=0.4629  trans=0.4364  |dz|=1.395  111 it/s
  step  64000  L=1.4343  src=0.5227  tgt=0.4718  trans=0.4396  |dz|=1.581  111 it/s
  step  72000  L=1.5084  src=0.4750  tgt=0.5470  trans=0.4861  |dz|=1.291  111 it/s
  step  80000  L=1.3685  src=0.4461  tgt=0.4678  trans=0.4545  |dz|=1.118  111 it/s
  权重已存: stage1_linear_k8_s80000_unrelated.pt

评估 (meta-test 的未见 GMM 配置):

────────────────────────────────────────────────────────────────────────────────────────────
 K_T  策略                    score_rel_err   denoise      SW2      MMD     |z|
-----------------------------------------------------------------------------
   1  zero                         0.9122    0.6222   1.0602   0.8584   0.000
   1  target_only                  1.1142    0.7512   1.3234   1.3652   1.384
   1  source_reuse                 0.8416    0.5232   0.5910   0.2526   1.075
   1  transport_no_refine          0.8352    0.5134   0.4423   0.1378   1.244
   1  transport                    0.8355    0.5125   0.4761   0.1627   1.235
   1  oracle                       0.7891    0.5148   0.3907   0.1014   1.363
   1  full_ft                      0.9191    0.6288   1.1012   0.9258   0.000
   1  full_ft_oracle               0.8477    0.5677   0.6366   0.2805   0.000
-----------------------------------------------------------------------------
   2  zero                         0.9122    0.6147   1.0712   0.8589   0.000
   2  target_only                  0.9323    0.5877   0.7272   0.4085   1.438
   2  source_reuse                 0.8529    0.5280   0.5188   0.2033   1.143
   2  transport_no_refine          0.8387    0.5186   0.4549   0.1311   1.210
   2  transport                    0.8423    0.5260   0.4654   0.1470   1.292
   2  oracle                       0.7988    0.5107   0.3972   0.1145   1.322
   2  full_ft                      0.8640    0.5980   0.7557   0.4089   0.000
   2  full_ft_oracle               0.8489    0.5692   0.6531   0.2782   0.000
-----------------------------------------------------------------------------
   5  zero                         0.9151    0.6124   1.0899   0.8988   0.000
   5  target_only                  0.8274    0.5292   0.6447   0.2575   1.283
   5  source_reuse                 0.8283    0.5144   0.5719   0.2189   1.145
   5  transport_no_refine          0.8235    0.5411   0.4609   0.1438   1.208
   5  transport                    0.8146    0.5110   0.4547   0.1325   1.260
   5  oracle                       0.7919    0.5018   0.3875   0.1028   1.368
   5  full_ft                      0.8662    0.5893   0.7469   0.3855   0.000
   5  full_ft_oracle               0.8495    0.6055   0.6381   0.2762   0.000
-----------------------------------------------------------------------------
  10  zero                         0.9096    0.6072   1.0679   0.8985   0.000
  10  target_only                  0.8124    0.5059   0.6694   0.2956   1.183
  10  source_reuse                 0.8179    0.5296   0.6003   0.2327   1.112
  10  transport_no_refine          0.8234    0.5217   0.4629   0.1416   1.190
  10  transport                    0.8145    0.5138   0.4887   0.1747   1.191
  10  oracle                       0.7869    0.5237   0.4135   0.1095   1.350
  10  full_ft                      0.8577    0.5752   0.7564   0.4183   0.000
  10  full_ft_oracle               0.8494    0.5619   0.6454   0.2665   0.000
-----------------------------------------------------------------------------
  20  zero                         0.9120    0.6101   1.0685   0.9053   0.000
  20  target_only                  0.8272    0.5061   0.4533   0.1309   1.254
  20  source_reuse                 0.8261    0.5130   0.5165   0.1877   1.135
  20  transport_no_refine          0.8349    0.5313   0.4445   0.1413   1.238
  20  transport                    0.8174    0.5342   0.4213   0.1148   1.258
  20  oracle                       0.7905    0.5053   0.4108   0.1018   1.357
  20  full_ft                      0.8593    0.5710   0.7346   0.3414   0.000
  20  full_ft_oracle               0.8497    0.5901   0.6585   0.2798   0.000
-----------------------------------------------------------------------------

判据（文档 §3.1 成功标准）:
  K_T= 1: transport vs target_only +0.2787 · vs source_reuse +0.0061 · 距 oracle +0.0464 · oracle 距全量微调 -0.0585
  K_T= 2: transport vs target_only +0.0900 · vs source_reuse +0.0106 · 距 oracle +0.0435 · oracle 距全量微调 -0.0502
  K_T= 5: transport vs target_only +0.0127 · vs source_reuse +0.0136 · 距 oracle +0.0228 · oracle 距全量微调 -0.0576
  K_T=10: transport vs target_only -0.0021 · vs source_reuse +0.0034 · 距 oracle +0.0276 · oracle 距全量微调 -0.0625
  K_T=20: transport vs target_only +0.0099 · vs source_reuse +0.0087 · 距 oracle +0.0268 · oracle 距全量微调 -0.0591
