────────────────────────────────────────────────────────────────────────────────────────────
阶段 1 · 二维 GMM 解析验证   (k=32, 解码器 linear, 族 unrelated, 设备 cuda)
────────────────────────────────────────────────────────────────────────────────────────────
任务族: train 192 · test 32 · 关系 ['rotate', 'translate', 'scale_cov', 'reweight']

参数 1.31M · 部署时可优化 32 个标量

训练:
  step      1  L=3.3952  src=1.1053  tgt=1.1450  trans=1.1449  |dz|=0.032  3 it/s
  step  16000  L=1.3154  src=0.4678  tgt=0.4251  trans=0.4223  |dz|=0.583  109 it/s
  step  32000  L=1.5560  src=0.4514  tgt=0.5622  trans=0.5422  |dz|=0.365  110 it/s
  step  48000  L=1.3806  src=0.4755  tgt=0.4632  trans=0.4416  |dz|=1.525  110 it/s
  step  64000  L=1.4555  src=0.5230  tgt=0.4776  trans=0.4548  |dz|=1.211  110 it/s
  step  80000  L=1.3347  src=0.4311  tgt=0.4532  trans=0.4502  |dz|=1.125  110 it/s
  step  96000  L=1.3706  src=0.4425  tgt=0.4939  trans=0.4340  |dz|=1.806  110 it/s
  step 112000  L=1.5742  src=0.4634  tgt=0.5897  trans=0.5208  |dz|=1.545  110 it/s
  step 128000  L=1.2553  src=0.3844  tgt=0.4626  trans=0.4080  |dz|=2.259  110 it/s
  step 144000  L=1.3326  src=0.4177  tgt=0.4901  trans=0.4245  |dz|=2.122  110 it/s
  step 160000  L=1.4420  src=0.4459  tgt=0.5123  trans=0.4835  |dz|=0.477  110 it/s
  权重已存: stage1_linear_k32_s160000_unrelated.pt

评估 (meta-test 的未见 GMM 配置):

────────────────────────────────────────────────────────────────────────────────────────────
 K_T  策略                    score_rel_err   denoise      SW2      MMD     |z|
-----------------------------------------------------------------------------
   1  zero                         0.9317    0.6066   1.1527   0.8063   0.000
   1  target_only                  1.0494    0.6519   1.3705   1.0833   1.297
   1  source_reuse                 0.8651    0.5447   1.0937   0.5966   1.073
   1  transport_no_refine          0.8120    0.5187   1.0763   0.5977   1.182
   1  transport                    0.8265    0.4993   1.0758   0.6008   1.179
   1  oracle                       0.5696    0.4591   0.5256   0.1227   1.456
   1  full_ft                      0.9319    0.6253   1.1822   0.9286   0.000
   1  full_ft_oracle               0.8437    0.5561   0.6835   0.2654   0.000
-----------------------------------------------------------------------------
   2  zero                         0.9295    0.6070   1.1455   0.7942   0.000
   2  target_only                  0.8792    0.5657   1.1014   0.5282   1.461
   2  source_reuse                 0.8029    0.5309   0.9208   0.3656   1.148
   2  transport_no_refine          0.8357    0.5160   1.0525   0.5887   1.209
   2  transport                    0.7448    0.5011   0.8548   0.3487   1.272
   2  oracle                       0.5759    0.4593   0.5465   0.1270   1.459
   2  full_ft                      0.8703    0.5612   0.7873   0.3625   0.000
   2  full_ft_oracle               0.8468    0.5632   0.6918   0.2642   0.000
-----------------------------------------------------------------------------
   5  zero                         0.9338    0.5938   1.1649   0.8261   0.000
   5  target_only                  0.8195    0.5300   1.0268   0.5423   1.227
   5  source_reuse                 0.7785    0.5062   1.0612   0.5691   1.143
   5  transport_no_refine          0.8147    0.5063   1.0160   0.5567   1.206
   5  transport                    0.7465    0.5017   0.9750   0.4926   1.264
   5  oracle                       0.5807    0.4447   0.4928   0.0970   1.444
   5  full_ft                      0.8684    0.5719   0.8108   0.3628   0.000
   5  full_ft_oracle               0.8446    0.5958   0.6668   0.2592   0.000
-----------------------------------------------------------------------------
  10  zero                         0.9275    0.6238   1.1500   0.8429   0.000
  10  target_only                  0.7216    0.4879   0.8554   0.3294   1.186
  10  source_reuse                 0.7383    0.5055   0.8912   0.3429   1.101
  10  transport_no_refine          0.8328    0.5344   1.1047   0.6179   1.219
  10  transport                    0.6931    0.4898   0.9212   0.4304   1.226
  10  oracle                       0.5789    0.4729   0.5240   0.1085   1.463
  10  full_ft                      0.8756    0.5779   0.8269   0.3954   0.000
  10  full_ft_oracle               0.8489    0.5552   0.6810   0.2424   0.000
-----------------------------------------------------------------------------
  20  zero                         0.9283    0.6098   1.1578   0.8506   0.000
  20  target_only                  0.6794    0.4662   0.7428   0.2886   1.213
  20  source_reuse                 0.7200    0.4874   0.8125   0.3276   1.149
  20  transport_no_refine          0.8269    0.5170   1.0671   0.5957   1.228
  20  transport                    0.6834    0.4978   0.7447   0.2364   1.293
  20  oracle                       0.5780    0.4533   0.5235   0.1129   1.454
  20  full_ft                      0.8734    0.6009   0.7219   0.2913   0.000
  20  full_ft_oracle               0.8471    0.5788   0.6955   0.2642   0.000
-----------------------------------------------------------------------------

判据（文档 §3.1 成功标准）:
  K_T= 1: transport vs target_only +0.2229 · vs source_reuse +0.0386 · 距 oracle +0.2569 · oracle 距全量微调 -0.2741
  K_T= 2: transport vs target_only +0.1344 · vs source_reuse +0.0581 · 距 oracle +0.1690 · oracle 距全量微调 -0.2710
  K_T= 5: transport vs target_only +0.0730 · vs source_reuse +0.0320 · 距 oracle +0.1658 · oracle 距全量微调 -0.2638
  K_T=10: transport vs target_only +0.0285 · vs source_reuse +0.0452 · 距 oracle +0.1142 · oracle 距全量微调 -0.2700
  K_T=20: transport vs target_only -0.0040 · vs source_reuse +0.0365 · 距 oracle +0.1054 · oracle 距全量微调 -0.2690
