────────────────────────────────────────────────────────────────────────────────────────────
阶段 1 · 二维 GMM 解析验证   (k=64, 解码器 linear, 族 unrelated, 设备 cuda)
────────────────────────────────────────────────────────────────────────────────────────────
任务族: train 192 · test 32 · 关系 ['rotate', 'translate', 'scale_cov', 'reweight']

参数 1.32M · 部署时可优化 64 个标量

训练:
  step      1  L=3.3926  src=1.1044  tgt=1.1441  trans=1.1441  |dz|=0.029  3 it/s
  step   8000  L=1.9482  src=0.6133  tgt=0.7109  trans=0.6240  |dz|=0.614  109 it/s
  step  16000  L=1.2982  src=0.4632  tgt=0.4256  trans=0.4092  |dz|=0.316  109 it/s
  step  24000  L=1.4178  src=0.4514  tgt=0.5232  trans=0.4431  |dz|=1.048  110 it/s
  step  32000  L=1.5922  src=0.4621  tgt=0.5752  trans=0.5547  |dz|=0.517  110 it/s
  step  40000  L=1.2049  src=0.4877  tgt=0.3821  trans=0.3350  |dz|=1.634  110 it/s
  step  48000  L=1.4216  src=0.4952  tgt=0.4703  trans=0.4558  |dz|=1.513  110 it/s
  step  56000  L=1.2606  src=0.3660  tgt=0.4566  trans=0.4377  |dz|=1.112  110 it/s
  step  64000  L=1.5031  src=0.5422  tgt=0.4943  trans=0.4665  |dz|=1.291  110 it/s
  step  72000  L=1.5299  src=0.4661  tgt=0.5518  trans=0.5118  |dz|=1.677  110 it/s
  step  80000  L=1.3557  src=0.4336  tgt=0.4651  trans=0.4569  |dz|=1.037  110 it/s
  权重已存: stage1_linear_k64_s80000_unrelated.pt

评估 (meta-test 的未见 GMM 配置):

────────────────────────────────────────────────────────────────────────────────────────────
 K_T  策略                    score_rel_err   denoise      SW2      MMD     |z|
-----------------------------------------------------------------------------
   1  zero                         0.9167    0.6149   1.0812   0.8760   0.000
   1  target_only                  1.1241    0.7497   1.4487   1.7321   1.268
   1  source_reuse                 0.8024    0.5114   0.6779   0.2928   0.953
   1  transport_no_refine          0.7960    0.5042   0.5827   0.2078   1.200
   1  transport                    0.8071    0.5022   0.6473   0.2340   1.224
   1  oracle                       0.6082    0.4707   0.4216   0.0644   1.692
   1  full_ft                      0.9237    0.6192   1.1615   0.9832   0.000
   1  full_ft_oracle               0.8333    0.5576   0.6058   0.2204   0.000
-----------------------------------------------------------------------------
   2  zero                         0.9161    0.6071   1.0846   0.8594   0.000
   2  target_only                  0.8930    0.5541   0.6838   0.3023   1.260
   2  source_reuse                 0.8011    0.5069   0.4862   0.1423   1.005
   2  transport_no_refine          0.8051    0.5045   0.5405   0.1548   1.188
   2  transport                    0.7932    0.5030   0.5093   0.1598   1.266
   2  oracle                       0.6059    0.4672   0.4327   0.0746   1.664
   2  full_ft                      0.8592    0.5910   0.7491   0.3811   0.000
   2  full_ft_oracle               0.8384    0.5602   0.6213   0.2215   0.000
-----------------------------------------------------------------------------
   5  zero                         0.9199    0.6042   1.1079   0.9059   0.000
   5  target_only                  0.8119    0.5204   0.6718   0.2831   1.156
   5  source_reuse                 0.7742    0.4910   0.6787   0.3027   1.044
   5  transport_no_refine          0.7908    0.5332   0.5178   0.1502   1.196
   5  transport                    0.7594    0.4955   0.6307   0.2297   1.268
   5  oracle                       0.6139    0.4563   0.3996   0.0641   1.686
   5  full_ft                      0.8610    0.5802   0.7407   0.3412   0.000
   5  full_ft_oracle               0.8364    0.5960   0.6007   0.2157   0.000
-----------------------------------------------------------------------------
  10  zero                         0.9149    0.6010   1.0868   0.9076   0.000
  10  target_only                  0.7349    0.4828   0.6302   0.2041   1.078
  10  source_reuse                 0.7335    0.4999   0.5883   0.1656   1.013
  10  transport_no_refine          0.7900    0.5080   0.5414   0.1556   1.190
  10  transport                    0.7324    0.4905   0.5542   0.1519   1.234
  10  oracle                       0.6184    0.4758   0.4617   0.0767   1.731
  10  full_ft                      0.8503    0.5675   0.7244   0.3352   0.000
  10  full_ft_oracle               0.8368    0.5522   0.6056   0.2040   0.000
-----------------------------------------------------------------------------
  20  zero                         0.9151    0.6034   1.0837   0.9146   0.000
  20  target_only                  0.7570    0.4808   0.5286   0.1280   1.105
  20  source_reuse                 0.7570    0.4880   0.5097   0.1615   1.063
  20  transport_no_refine          0.7992    0.5155   0.4791   0.1324   1.206
  20  transport                    0.7500    0.5064   0.6058   0.1862   1.312
  20  oracle                       0.6162    0.4594   0.4166   0.0655   1.713
  20  full_ft                      0.8544    0.5638   0.6779   0.2683   0.000
  20  full_ft_oracle               0.8381    0.5821   0.6178   0.2198   0.000
-----------------------------------------------------------------------------

判据（文档 §3.1 成功标准）:
  K_T= 1: transport vs target_only +0.3170 · vs source_reuse -0.0047 · 距 oracle +0.1990 · oracle 距全量微调 -0.2252
  K_T= 2: transport vs target_only +0.0998 · vs source_reuse +0.0079 · 距 oracle +0.1873 · oracle 距全量微调 -0.2325
  K_T= 5: transport vs target_only +0.0526 · vs source_reuse +0.0149 · 距 oracle +0.1454 · oracle 距全量微调 -0.2224
  K_T=10: transport vs target_only +0.0025 · vs source_reuse +0.0012 · 距 oracle +0.1140 · oracle 距全量微调 -0.2184
  K_T=20: transport vs target_only +0.0070 · vs source_reuse +0.0070 · 距 oracle +0.1339 · oracle 距全量微调 -0.2220
