────────────────────────────────────────────────────────────────────────────────────────────
阶段 1 · 二维 GMM 解析验证   (k=16, 设备 cuda)
────────────────────────────────────────────────────────────────────────────────────────────
任务族: train 192 · test 32 · 关系 ['rotate', 'translate', 'scale_cov', 'reweight']

参数 1.30M · 部署时可优化 16 个标量

训练:
  step      1  L=3.3924  src=1.1044  tgt=1.1440  trans=1.1440  |dz|=0.016  3 it/s
  step   8000  L=1.9531  src=0.6238  tgt=0.6995  trans=0.6297  |dz|=0.501  100 it/s
  step  16000  L=1.4038  src=0.4851  tgt=0.4728  trans=0.4456  |dz|=0.499  101 it/s
  step  24000  L=1.4589  src=0.4545  tgt=0.5615  trans=0.4427  |dz|=1.285  102 it/s
  step  32000  L=1.5455  src=0.4414  tgt=0.5788  trans=0.5251  |dz|=0.300  102 it/s
  step  40000  L=1.2086  src=0.4652  tgt=0.4026  trans=0.3406  |dz|=1.709  102 it/s
  step  48000  L=1.3319  src=0.4424  tgt=0.4689  trans=0.4202  |dz|=1.629  103 it/s
  step  56000  L=1.2518  src=0.3560  tgt=0.4549  trans=0.4405  |dz|=1.363  102 it/s
  step  64000  L=1.4478  src=0.5263  tgt=0.4797  trans=0.4416  |dz|=1.413  103 it/s
  step  72000  L=1.5116  src=0.4666  tgt=0.5204  trans=0.5243  |dz|=1.422  103 it/s
  step  80000  L=1.3659  src=0.4370  tgt=0.4513  trans=0.4774  |dz|=1.435  103 it/s

评估 (meta-test 的未见 GMM 配置):

────────────────────────────────────────────────────────────────────────────────────────────
 K_T  策略                    score_rel_err   denoise      SW2      MMD     |z|
-----------------------------------------------------------------------------
   1  zero                         0.9096    0.5933   1.0195   0.8165   0.779
   1  target_only                  1.0381    0.6733   1.2020   1.1406   1.241
   1  source_reuse                 0.8875    0.5552   0.6437   0.3684   1.038
   1  transport_no_refine          0.8403    0.5140   0.5716   0.2406   1.405
   1  transport                    0.8443    0.5030   0.5815   0.2441   1.419
   1  oracle                       0.6997    0.4648   0.4743   0.1407   1.464
-----------------------------------------------------------------------------
   2  zero                         0.8322    0.5507   0.7593   0.4246   0.652
   2  target_only                  0.9496    0.5960   0.8211   0.4637   1.359
   2  source_reuse                 0.8924    0.6068   0.6543   0.3575   1.132
   2  transport_no_refine          0.8359    0.5304   0.5670   0.2281   1.390
   2  transport                    0.8014    0.5011   0.5559   0.2001   1.399
   2  oracle                       0.6979    0.4684   0.4816   0.1374   1.456
-----------------------------------------------------------------------------
   5  zero                         0.8406    0.5274   0.7495   0.4057   0.632
   5  target_only                  0.8943    0.5494   0.7267   0.4296   1.237
   5  source_reuse                 0.8716    0.5557   0.7120   0.4178   1.086
   5  transport_no_refine          0.8483    0.5159   0.5800   0.2292   1.426
   5  transport                    0.8128    0.5128   0.5654   0.2120   1.370
   5  oracle                       0.6914    0.4604   0.4600   0.1233   1.449
-----------------------------------------------------------------------------
  10  zero                         0.7760    0.4928   0.7627   0.4018   0.603
  10  target_only                  0.8012    0.4907   0.5374   0.1728   1.236
  10  source_reuse                 0.8214    0.5298   0.5848   0.2725   1.085
  10  transport_no_refine          0.8436    0.5120   0.5635   0.2325   1.388
  10  transport                    0.7587    0.4754   0.4805   0.1540   1.369
  10  oracle                       0.6946    0.4549   0.4728   0.1317   1.446
-----------------------------------------------------------------------------
  20  zero                         0.7755    0.5226   0.7933   0.4252   0.511
  20  target_only                  0.7170    0.4858   0.5186   0.1579   1.135
  20  source_reuse                 0.7977    0.5217   0.5811   0.2919   1.013
  20  transport_no_refine          0.8395    0.5115   0.5714   0.2249   1.387
  20  transport                    0.7242    0.4857   0.5425   0.1839   1.391
  20  oracle                       0.6880    0.4544   0.4764   0.1304   1.443
-----------------------------------------------------------------------------

判据（文档 §3.1 成功标准）:
  K_T= 1: transport vs target_only +0.1938 · vs source_reuse +0.0432 · 距 oracle +0.1446
  K_T= 2: transport vs target_only +0.1482 · vs source_reuse +0.0910 · 距 oracle +0.1035
  K_T= 5: transport vs target_only +0.0815 · vs source_reuse +0.0588 · 距 oracle +0.1214
  K_T=10: transport vs target_only +0.0425 · vs source_reuse +0.0626 · 距 oracle +0.0642
  K_T=20: transport vs target_only -0.0073 · vs source_reuse +0.0734 · 距 oracle +0.0362
