────────────────────────────────────────────────────────────────────────────────────────────
阶段 1 · 二维 GMM 解析验证   (k=16, 解码器 linear, 族 unrelated, 设备 cuda)
────────────────────────────────────────────────────────────────────────────────────────────
任务族: train 192 · test 32 · 关系 ['rotate', 'translate', 'scale_cov', 'reweight']

参数 1.30M · 部署时可优化 16 个标量

训练:
  step      1  L=3.3924  src=1.1044  tgt=1.1440  trans=1.1440  |dz|=0.016  3 it/s
  step  32000  L=1.5455  src=0.4414  tgt=0.5788  trans=0.5251  |dz|=0.300  119 it/s
  step  64000  L=1.4478  src=0.5263  tgt=0.4797  trans=0.4416  |dz|=1.413  119 it/s
  step  96000  L=1.3214  src=0.4341  tgt=0.4668  trans=0.4202  |dz|=1.750  119 it/s
  step 128000  L=1.3066  src=0.3873  tgt=0.4447  trans=0.4743  |dz|=2.875  118 it/s
  step 160000  L=1.3965  src=0.4308  tgt=0.5039  trans=0.4612  |dz|=0.490  118 it/s
  step 192000  L=1.5857  src=0.5262  tgt=0.5647  trans=0.4945  |dz|=1.519  118 it/s
  step 224000  L=1.3464  src=0.4825  tgt=0.4670  trans=0.3967  |dz|=1.535  118 it/s
  step 256000  L=1.3012  src=0.4444  tgt=0.4287  trans=0.4277  |dz|=2.261  118 it/s
  step 288000  L=1.4610  src=0.4276  tgt=0.5186  trans=0.5143  |dz|=0.272  118 it/s
  step 320000  L=1.5771  src=0.5207  tgt=0.5396  trans=0.5166  |dz|=1.529  118 it/s
  权重已存: stage1_linear_k16_s320000_unrelated.pt

评估 (meta-test 的未见 GMM 配置):

────────────────────────────────────────────────────────────────────────────────────────────
 K_T  策略                    score_rel_err   denoise      SW2      MMD     |z|
-----------------------------------------------------------------------------
   1  zero                         0.8937    0.6215   1.1206   0.7158   0.000
   1  target_only                  1.0478    0.7235   1.5502   1.5215   1.258
   1  source_reuse                 0.8160    0.5323   0.8703   0.4947   1.147
   1  transport_no_refine          0.8272    0.5079   0.7433   0.3314   1.327
   1  transport                    0.7953    0.4954   0.7583   0.3176   1.302
   1  oracle                       0.6332    0.4507   0.5458   0.1793   1.423
   1  full_ft                      0.9042    0.6005   1.1597   0.8821   0.000
   1  full_ft_oracle               0.8313    0.5725   0.7064   0.3073   0.000
-----------------------------------------------------------------------------
   2  zero                         0.8920    0.5817   1.1358   0.7287   0.000
   2  target_only                  0.9590    0.5895   0.6930   0.3051   1.575
   2  source_reuse                 0.8198    0.5043   0.7309   0.3452   1.211
   2  transport_no_refine          0.8425    0.5220   0.7337   0.3198   1.322
   2  transport                    0.7779    0.5083   0.5980   0.2178   1.360
   2  oracle                       0.6330    0.4577   0.4947   0.1305   1.434
   2  full_ft                      0.8535    0.5829   0.7548   0.3148   0.000
   2  full_ft_oracle               0.8368    0.5686   0.7051   0.2785   0.000
-----------------------------------------------------------------------------
   5  zero                         0.8970    0.5822   1.1396   0.7774   0.000
   5  target_only                  0.7785    0.5152   0.8027   0.4352   1.344
   5  source_reuse                 0.7944    0.5098   0.8052   0.4347   1.204
   5  transport_no_refine          0.8222    0.5214   0.7233   0.3253   1.327
   5  transport                    0.7415    0.4899   0.7166   0.3081   1.330
   5  oracle                       0.6397    0.4637   0.5478   0.1749   1.431
   5  full_ft                      0.8532    0.5671   0.8541   0.4311   0.000
   5  full_ft_oracle               0.8336    0.5592   0.7087   0.2940   0.000
-----------------------------------------------------------------------------
  10  zero                         0.8907    0.6321   1.1260   0.7429   0.000
  10  target_only                  0.6793    0.4773   0.6756   0.2706   1.293
  10  source_reuse                 0.7479    0.4838   0.7732   0.3534   1.178
  10  transport_no_refine          0.8309    0.5113   0.7419   0.3488   1.328
  10  transport                    0.7139    0.4942   0.6667   0.2423   1.301
  10  oracle                       0.6442    0.4674   0.5336   0.1509   1.429
  10  full_ft                      0.8485    0.5923   0.8847   0.4562   0.000
  10  full_ft_oracle               0.8335    0.5508   0.6974   0.2850   0.000
-----------------------------------------------------------------------------
  20  zero                         0.8911    0.6214   1.1511   0.7837   0.000
  20  target_only                  0.7194    0.4565   0.6249   0.2154   1.257
  20  source_reuse                 0.7424    0.4965   0.6672   0.3127   1.197
  20  transport_no_refine          0.8423    0.5107   0.7428   0.3331   1.365
  20  transport                    0.7220    0.4733   0.6451   0.2196   1.345
  20  oracle                       0.6399    0.4711   0.5434   0.1818   1.435
  20  full_ft                      0.8508    0.5755   0.7996   0.3525   0.000
  20  full_ft_oracle               0.8354    0.5797   0.7214   0.3121   0.000
-----------------------------------------------------------------------------

判据（文档 §3.1 成功标准）:
  K_T= 1: transport vs target_only +0.2525 · vs source_reuse +0.0207 · 距 oracle +0.1621 · oracle 距全量微调 -0.1981
  K_T= 2: transport vs target_only +0.1811 · vs source_reuse +0.0420 · 距 oracle +0.1449 · oracle 距全量微调 -0.2038
  K_T= 5: transport vs target_only +0.0371 · vs source_reuse +0.0529 · 距 oracle +0.1018 · oracle 距全量微调 -0.1939
  K_T=10: transport vs target_only -0.0346 · vs source_reuse +0.0341 · 距 oracle +0.0697 · oracle 距全量微调 -0.1893
  K_T=20: transport vs target_only -0.0026 · vs source_reuse +0.0204 · 距 oracle +0.0821 · oracle 距全量微调 -0.1955
