────────────────────────────────────────────────────────────────────────────────────────────
阶段 1 · 二维 GMM 解析验证   (k=16, 解码器 linear, 设备 cuda)
────────────────────────────────────────────────────────────────────────────────────────────
任务族: train 192 · test 32 · 关系 ['rotate', 'translate', 'scale_cov', 'reweight']

参数 1.30M · 部署时可优化 16 个标量

训练:
  step      1  L=3.3924  src=1.1044  tgt=1.1440  trans=1.1440  |dz|=0.016  3 it/s
  step   4000  L=1.4997  src=0.4655  tgt=0.5223  trans=0.5118  |dz|=0.700  85 it/s
  step   8000  L=1.9531  src=0.6238  tgt=0.6995  trans=0.6297  |dz|=0.501  83 it/s
  step  12000  L=1.4113  src=0.4707  tgt=0.4735  trans=0.4669  |dz|=0.226  83 it/s
  step  16000  L=1.4038  src=0.4851  tgt=0.4728  trans=0.4456  |dz|=0.499  82 it/s
  step  20000  L=1.4536  src=0.4828  tgt=0.4844  trans=0.4862  |dz|=1.415  82 it/s
  step  24000  L=1.4589  src=0.4545  tgt=0.5615  trans=0.4427  |dz|=1.285  82 it/s
  step  28000  L=1.1428  src=0.3753  tgt=0.3965  trans=0.3709  |dz|=0.377  82 it/s
  step  32000  L=1.5455  src=0.4414  tgt=0.5788  trans=0.5251  |dz|=0.300  82 it/s
  step  36000  L=1.6431  src=0.4853  tgt=0.6071  trans=0.5504  |dz|=0.922  82 it/s
  step  40000  L=1.2086  src=0.4652  tgt=0.4026  trans=0.3406  |dz|=1.709  82 it/s
  权重已存: stage1_linear_k16_s40000.pt

评估 (meta-test 的未见 GMM 配置):

────────────────────────────────────────────────────────────────────────────────────────────
 K_T  策略                    score_rel_err   denoise      SW2      MMD     |z|
-----------------------------------------------------------------------------
   1  zero                         0.9254    0.5947   0.9632   0.7364   0.725
   1  target_only                  1.0405    0.6976   1.1275   0.9271   1.213
   1  source_reuse                 0.8492    0.5313   0.7268   0.3708   0.860
   1  transport_no_refine          0.8203    0.4989   0.5038   0.1622   1.157
   1  transport                    0.8314    0.5010   0.5575   0.2164   1.160
   1  oracle                       0.7653    0.4557   0.5025   0.1349   1.277
   1  full_ft                      0.8998    0.5892   1.0082   0.7563   0.000
   1  full_ft_oracle               0.8555    0.5505   0.5706   0.2224   0.000
-----------------------------------------------------------------------------
   2  zero                         0.8454    0.5448   0.9026   0.5101   0.660
   2  target_only                  0.9204    0.5916   0.8265   0.4263   1.225
   2  source_reuse                 0.8508    0.5469   0.7375   0.3545   0.908
   2  transport_no_refine          0.8290    0.5090   0.5166   0.1752   1.145
   2  transport                    0.8079    0.5034   0.5139   0.1452   1.142
   2  oracle                       0.7686    0.4784   0.5188   0.1431   1.219
   2  full_ft                      0.8712    0.5755   0.7874   0.4565   0.000
   2  full_ft_oracle               0.8534    0.5503   0.5532   0.2022   0.000
-----------------------------------------------------------------------------
   5  zero                         0.8528    0.5390   0.7847   0.4663   0.618
   5  target_only                  0.8811    0.5421   0.6908   0.2974   1.116
   5  source_reuse                 0.8252    0.5243   0.6631   0.3254   0.903
   5  transport_no_refine          0.8246    0.5085   0.5194   0.1770   1.141
   5  transport                    0.8248    0.5040   0.5587   0.1989   1.213
   5  oracle                       0.7678    0.4627   0.4512   0.1214   1.253
   5  full_ft                      0.8667    0.5714   0.7477   0.4225   0.000
   5  full_ft_oracle               0.8585    0.5512   0.5646   0.1966   0.000
-----------------------------------------------------------------------------
  10  zero                         0.8373    0.5378   0.8171   0.4347   0.586
  10  target_only                  0.8173    0.5147   0.6289   0.2122   1.076
  10  source_reuse                 0.8147    0.5578   0.6078   0.2620   0.863
  10  transport_no_refine          0.8248    0.4957   0.5382   0.1923   1.145
  10  transport                    0.7962    0.4864   0.4751   0.1522   1.173
  10  oracle                       0.7674    0.4712   0.4622   0.1002   1.253
  10  full_ft                      0.8677    0.5558   0.7304   0.3757   0.000
  10  full_ft_oracle               0.8582    0.5630   0.5730   0.1939   0.000
-----------------------------------------------------------------------------
  20  zero                         0.8249    0.5254   0.7516   0.3940   0.547
  20  target_only                  0.7997    0.4913   0.5496   0.1809   1.037
  20  source_reuse                 0.8262    0.5329   0.5791   0.2371   0.922
  20  transport_no_refine          0.8235    0.5057   0.5232   0.1745   1.134
  20  transport                    0.7940    0.4979   0.5064   0.1679   1.122
  20  oracle                       0.7686    0.4562   0.5182   0.1310   1.237
  20  full_ft                      0.8646    0.5606   0.7114   0.3580   0.000
  20  full_ft_oracle               0.8573    0.5504   0.5659   0.2077   0.000
-----------------------------------------------------------------------------

判据（文档 §3.1 成功标准）:
  K_T= 1: transport vs target_only +0.2091 · vs source_reuse +0.0179 · 距 oracle +0.0661 · oracle 距全量微调 -0.0902
  K_T= 2: transport vs target_only +0.1125 · vs source_reuse +0.0429 · 距 oracle +0.0393 · oracle 距全量微调 -0.0849
  K_T= 5: transport vs target_only +0.0563 · vs source_reuse +0.0004 · 距 oracle +0.0569 · oracle 距全量微调 -0.0907
  K_T=10: transport vs target_only +0.0211 · vs source_reuse +0.0185 · 距 oracle +0.0288 · oracle 距全量微调 -0.0908
  K_T=20: transport vs target_only +0.0057 · vs source_reuse +0.0321 · 距 oracle +0.0254 · oracle 距全量微调 -0.0887
