────────────────────────────────────────────────────────────────────────────────────────────
阶段 1 · 二维 GMM 解析验证   (k=32, 解码器 linear, 族 unrelated, 设备 cuda)
────────────────────────────────────────────────────────────────────────────────────────────
任务族: train 192 · test 32 · 关系 ['rotate', 'translate', 'scale_cov', 'reweight']

参数 1.31M · 部署时可优化 32 个标量

训练:
  step      1  L=3.3952  src=1.1053  tgt=1.1450  trans=1.1449  |dz|=0.032  3 it/s
  step   8000  L=1.9377  src=0.6210  tgt=0.6990  trans=0.6176  |dz|=0.655  110 it/s
  step  16000  L=1.3154  src=0.4678  tgt=0.4251  trans=0.4223  |dz|=0.583  110 it/s
  step  24000  L=1.5291  src=0.4790  tgt=0.5830  trans=0.4669  |dz|=1.096  110 it/s
  step  32000  L=1.5560  src=0.4514  tgt=0.5622  trans=0.5422  |dz|=0.365  110 it/s
  step  40000  L=1.2308  src=0.4789  tgt=0.3933  trans=0.3584  |dz|=1.552  110 it/s
  step  48000  L=1.3806  src=0.4755  tgt=0.4632  trans=0.4416  |dz|=1.525  110 it/s
  step  56000  L=1.2476  src=0.3673  tgt=0.4623  trans=0.4176  |dz|=1.369  110 it/s
  step  64000  L=1.4555  src=0.5230  tgt=0.4776  trans=0.4548  |dz|=1.211  110 it/s
  step  72000  L=1.5321  src=0.4713  tgt=0.5595  trans=0.5012  |dz|=1.517  110 it/s
  step  80000  L=1.3347  src=0.4311  tgt=0.4532  trans=0.4502  |dz|=1.125  110 it/s
  权重已存: stage1_linear_k32_s80000_unrelated.pt

评估 (meta-test 的未见 GMM 配置):

────────────────────────────────────────────────────────────────────────────────────────────
 K_T  策略                    score_rel_err   denoise      SW2      MMD     |z|
-----------------------------------------------------------------------------
   1  zero                         0.8966    0.6097   1.0536   0.7273   0.000
   1  target_only                  1.2362    0.8235   1.6277   1.9892   1.376
   1  source_reuse                 0.7653    0.4962   0.6622   0.2661   0.998
   1  transport_no_refine          0.7887    0.5028   0.6672   0.2908   1.146
   1  transport                    0.7982    0.5042   0.7164   0.3120   1.163
   1  oracle                       0.6479    0.4768   0.4560   0.1187   1.435
   1  full_ft                      0.9012    0.6139   1.1558   0.9552   0.000
   1  full_ft_oracle               0.8298    0.5590   0.6313   0.2433   0.000
-----------------------------------------------------------------------------
   2  zero                         0.8965    0.6008   1.0674   0.7314   0.000
   2  target_only                  0.8992    0.5602   0.7209   0.3639   1.331
   2  source_reuse                 0.8028    0.5061   0.5186   0.1761   1.088
   2  transport_no_refine          0.7987    0.5064   0.6078   0.2379   1.134
   2  transport                    0.8017    0.5053   0.5564   0.2092   1.215
   2  oracle                       0.6434    0.4711   0.4591   0.1146   1.394
   2  full_ft                      0.8538    0.5917   0.7073   0.3123   0.000
   2  full_ft_oracle               0.8328    0.5624   0.6376   0.2273   0.000
-----------------------------------------------------------------------------
   5  zero                         0.8991    0.5989   1.0732   0.7763   0.000
   5  target_only                  0.7871    0.5128   0.6857   0.3308   1.207
   5  source_reuse                 0.7541    0.4895   0.6137   0.2691   1.093
   5  transport_no_refine          0.7762    0.5311   0.5944   0.2250   1.126
   5  transport                    0.7539    0.4967   0.6371   0.2558   1.196
   5  oracle                       0.6539    0.4627   0.4545   0.1126   1.408
   5  full_ft                      0.8539    0.5809   0.7650   0.3676   0.000
   5  full_ft_oracle               0.8323    0.5983   0.6289   0.2356   0.000
-----------------------------------------------------------------------------
  10  zero                         0.8936    0.5952   1.0590   0.7705   0.000
  10  target_only                  0.7292    0.4785   0.5975   0.2007   1.110
  10  source_reuse                 0.7192    0.4924   0.5649   0.1721   1.057
  10  transport_no_refine          0.7926    0.5131   0.6668   0.2671   1.142
  10  transport                    0.7405    0.4925   0.6590   0.2804   1.136
  10  oracle                       0.6561    0.4817   0.4692   0.0979   1.406
  10  full_ft                      0.8449    0.5683   0.7286   0.3493   0.000
  10  full_ft_oracle               0.8322    0.5537   0.6271   0.2194   0.000
-----------------------------------------------------------------------------
  20  zero                         0.8949    0.5983   1.0764   0.7980   0.000
  20  target_only                  0.7354    0.4779   0.4842   0.1304   1.130
  20  source_reuse                 0.7429    0.4852   0.5211   0.1726   1.108
  20  transport_no_refine          0.7974    0.5258   0.6097   0.2324   1.164
  20  transport                    0.7337    0.5055   0.6338   0.2177   1.174
  20  oracle                       0.6565    0.4663   0.5186   0.1415   1.414
  20  full_ft                      0.8473    0.5650   0.7173   0.2918   0.000
  20  full_ft_oracle               0.8331    0.5831   0.6465   0.2466   0.000
-----------------------------------------------------------------------------

判据（文档 §3.1 成功标准）:
  K_T= 1: transport vs target_only +0.4380 · vs source_reuse -0.0329 · 距 oracle +0.1503 · oracle 距全量微调 -0.1819
  K_T= 2: transport vs target_only +0.0975 · vs source_reuse +0.0011 · 距 oracle +0.1584 · oracle 距全量微调 -0.1895
  K_T= 5: transport vs target_only +0.0332 · vs source_reuse +0.0002 · 距 oracle +0.1000 · oracle 距全量微调 -0.1784
  K_T=10: transport vs target_only -0.0113 · vs source_reuse -0.0214 · 距 oracle +0.0844 · oracle 距全量微调 -0.1762
  K_T=20: transport vs target_only +0.0017 · vs source_reuse +0.0092 · 距 oracle +0.0772 · oracle 距全量微调 -0.1767
