────────────────────────────────────────────────────────────────────────────────────────────
阶段 1 · 二维 GMM 解析验证   (k=2, 解码器 linear, 设备 cuda)
────────────────────────────────────────────────────────────────────────────────────────────
任务族: train 192 · test 32 · 关系 ['rotate', 'translate', 'scale_cov', 'reweight']

参数 1.29M · 部署时可优化 2 个标量

训练:
  step      1  L=3.3949  src=1.1051  tgt=1.1449  trans=1.1449  |dz|=0.010  3 it/s
  step   4000  L=1.5179  src=0.4751  tgt=0.5246  trans=0.5182  |dz|=0.639  107 it/s
  step   8000  L=1.9677  src=0.6258  tgt=0.6998  trans=0.6421  |dz|=0.332  107 it/s
  step  12000  L=1.5770  src=0.5489  tgt=0.5199  trans=0.5082  |dz|=0.044  106 it/s
  step  16000  L=1.8361  src=0.6250  tgt=0.6121  trans=0.5990  |dz|=0.032  107 it/s
  step  20000  L=1.5857  src=0.4867  tgt=0.5608  trans=0.5382  |dz|=1.201  107 it/s
  step  24000  L=1.6857  src=0.5597  tgt=0.6043  trans=0.5218  |dz|=0.699  107 it/s
  step  28000  L=1.4144  src=0.4850  tgt=0.4624  trans=0.4670  |dz|=0.049  107 it/s
  step  32000  L=1.8597  src=0.6397  tgt=0.6085  trans=0.6115  |dz|=0.042  107 it/s
  step  36000  L=1.6990  src=0.4814  tgt=0.6251  trans=0.5924  |dz|=0.678  107 it/s
  step  40000  L=1.4717  src=0.5270  tgt=0.4804  trans=0.4643  |dz|=0.470  107 it/s
  权重已存: stage1_linear_k2_s40000.pt

评估 (meta-test 的未见 GMM 配置):

────────────────────────────────────────────────────────────────────────────────────────────
 K_T  策略                    score_rel_err   denoise      SW2      MMD     |z|
-----------------------------------------------------------------------------
   1  zero                         0.8962    0.5758   1.0278   0.7965   0.302
   1  target_only                  0.9735    0.6831   1.4751   1.5070   0.707
   1  source_reuse                 0.8612    0.5454   0.7164   0.3779   0.441
   1  transport_no_refine          0.8442    0.5251   0.6036   0.2079   0.536
   1  transport                    0.8525    0.5374   0.7330   0.3227   0.514
   1  oracle                       0.8396    0.5222   0.5817   0.1549   0.539
   1  full_ft                      0.8961    0.5845   0.9995   0.7429   0.000
   1  full_ft_oracle               0.8499    0.5543   0.6265   0.2422   0.000
-----------------------------------------------------------------------------
   2  zero                         0.8654    0.5579   0.7908   0.4440   0.217
   2  target_only                  0.8526    0.5521   0.7208   0.3678   0.482
   2  source_reuse                 0.8541    0.5491   0.6923   0.3225   0.532
   2  transport_no_refine          0.8453    0.5415   0.6190   0.2124   0.545
   2  transport                    0.8422    0.5426   0.6214   0.1886   0.531
   2  oracle                       0.8419    0.5409   0.5728   0.1458   0.513
   2  full_ft                      0.8668    0.5760   0.8226   0.4756   0.000
   2  full_ft_oracle               0.8492    0.5532   0.6142   0.2209   0.000
-----------------------------------------------------------------------------
   5  zero                         0.8632    0.5536   0.8125   0.4886   0.252
   5  target_only                  0.8583    0.5460   0.7408   0.3656   0.445
   5  source_reuse                 0.8513    0.5450   0.6740   0.3190   0.475
   5  transport_no_refine          0.8445    0.5407   0.6400   0.2194   0.522
   5  transport                    0.8508    0.5355   0.6736   0.2610   0.526
   5  oracle                       0.8374    0.5243   0.5688   0.1581   0.506
   5  full_ft                      0.8619    0.5735   0.7921   0.4365   0.000
   5  full_ft_oracle               0.8525    0.5543   0.6301   0.2216   0.000
-----------------------------------------------------------------------------
  10  zero                         0.8620    0.5717   0.7854   0.4179   0.258
  10  target_only                  0.8561    0.5643   0.7259   0.3029   0.537
  10  source_reuse                 0.8529    0.5902   0.6546   0.2733   0.518
  10  transport_no_refine          0.8461    0.5302   0.6404   0.2316   0.526
  10  transport                    0.8435    0.5375   0.6591   0.2512   0.543
  10  oracle                       0.8353    0.5353   0.5909   0.1564   0.516
  10  full_ft                      0.8645    0.5590   0.7582   0.3993   0.000
  10  full_ft_oracle               0.8529    0.5677   0.6327   0.2076   0.000
-----------------------------------------------------------------------------
  20  zero                         0.8603    0.5602   0.7636   0.4073   0.225
  20  target_only                  0.8471    0.5322   0.5792   0.1749   0.527
  20  source_reuse                 0.8441    0.5568   0.6015   0.2231   0.541
  20  transport_no_refine          0.8430    0.5362   0.6200   0.2027   0.532
  20  transport                    0.8439    0.5443   0.5937   0.1727   0.544
  20  oracle                       0.8374    0.5263   0.5804   0.1540   0.521
  20  full_ft                      0.8640    0.5647   0.7640   0.3796   0.000
  20  full_ft_oracle               0.8516    0.5549   0.6248   0.2267   0.000
-----------------------------------------------------------------------------

判据（文档 §3.1 成功标准）:
  K_T= 1: transport vs target_only +0.1210 · vs source_reuse +0.0086 · 距 oracle +0.0129 · oracle 距全量微调 -0.0103
  K_T= 2: transport vs target_only +0.0104 · vs source_reuse +0.0118 · 距 oracle +0.0004 · oracle 距全量微调 -0.0073
  K_T= 5: transport vs target_only +0.0074 · vs source_reuse +0.0005 · 距 oracle +0.0134 · oracle 距全量微调 -0.0151
  K_T=10: transport vs target_only +0.0126 · vs source_reuse +0.0093 · 距 oracle +0.0083 · oracle 距全量微调 -0.0176
  K_T=20: transport vs target_only +0.0032 · vs source_reuse +0.0002 · 距 oracle +0.0065 · oracle 距全量微调 -0.0142
