────────────────────────────────────────────────────────────────────────────────────────────
阶段 1 · 二维 GMM 解析验证   (k=16, 解码器 linear, 族 related@0.1, 设备 cuda)
────────────────────────────────────────────────────────────────────────────────────────────
任务族: train 192 · test 32 · 关系 ['rotate', 'translate', 'scale_cov', 'reweight']

参数 1.30M · 部署时可优化 16 个标量

训练:
  step      1  L=3.3267  src=1.0964  tgt=1.1152  trans=1.1151  |dz|=0.015  3 it/s
  step   8000  L=1.3892  src=0.4068  tgt=0.4928  trans=0.4895  |dz|=1.085  110 it/s
  step  16000  L=1.2813  src=0.4099  tgt=0.4458  trans=0.4256  |dz|=0.567  111 it/s
  step  24000  L=1.3295  src=0.4084  tgt=0.4576  trans=0.4634  |dz|=1.281  111 it/s
  step  32000  L=1.2519  src=0.4008  tgt=0.4260  trans=0.4251  |dz|=0.619  111 it/s
  step  40000  L=1.4494  src=0.4647  tgt=0.5167  trans=0.4679  |dz|=0.331  111 it/s
  step  48000  L=1.2470  src=0.4286  tgt=0.4111  trans=0.4072  |dz|=1.096  111 it/s
  step  56000  L=1.2172  src=0.3423  tgt=0.4461  trans=0.4287  |dz|=0.602  111 it/s
  step  64000  L=1.2885  src=0.3413  tgt=0.4755  trans=0.4716  |dz|=0.653  111 it/s
  step  72000  L=1.4440  src=0.4249  tgt=0.5071  trans=0.5119  |dz|=0.459  111 it/s
  step  80000  L=1.3356  src=0.3957  tgt=0.4719  trans=0.4680  |dz|=1.203  111 it/s
  权重已存: stage1_linear_k16_s80000_related0.1.pt

评估 (meta-test 的未见 GMM 配置):

────────────────────────────────────────────────────────────────────────────────────────────
 K_T  策略                    score_rel_err   denoise      SW2      MMD     |z|
-----------------------------------------------------------------------------
   1  zero                         0.7378    0.4944   0.8176   0.3586   0.672
   1  target_only                  0.8029    0.5227   0.7648   0.3358   0.706
   1  source_reuse                 0.5893    0.4799   1.0743   0.6695   0.536
   1  transport_no_refine          0.4603    0.4526   0.4897   0.1101   0.671
   1  transport                    0.5057    0.4428   0.5129   0.1350   0.713
   1  oracle                       0.3874    0.4430   0.5185   0.1074   0.901
   1  full_ft                      0.6322    0.5169   0.7595   0.3508   0.000
   1  full_ft_oracle               0.5663    0.4864   0.4869   0.1043   0.000
-----------------------------------------------------------------------------
   2  zero                         0.5997    0.4712   0.8522   0.4035   0.619
   2  target_only                  0.7291    0.4780   0.7955   0.3235   0.775
   2  source_reuse                 0.5085    0.4505   0.9838   0.5429   0.564
   2  transport_no_refine          0.4623    0.4415   0.5200   0.1229   0.660
   2  transport                    0.4864    0.4538   0.5324   0.1115   0.752
   2  oracle                       0.3787    0.4327   0.4986   0.1003   0.922
   2  full_ft                      0.6296    0.4920   0.8216   0.3847   0.000
   2  full_ft_oracle               0.5698    0.4937   0.4798   0.1052   0.000
-----------------------------------------------------------------------------
   5  zero                         0.5904    0.4636   0.9713   0.5510   0.555
   5  target_only                  0.5787    0.4591   0.8513   0.3288   0.690
   5  source_reuse                 0.5063    0.4612   0.9738   0.5820   0.573
   5  transport_no_refine          0.4567    0.4462   0.4836   0.0993   0.664
   5  transport                    0.4678    0.4633   0.5544   0.1320   0.749
   5  oracle                       0.3815    0.4134   0.5498   0.1346   0.907
   5  full_ft                      0.6202    0.5147   0.9710   0.5765   0.000
   5  full_ft_oracle               0.5713    0.4960   0.4804   0.1030   0.000
-----------------------------------------------------------------------------
  10  zero                         0.5795    0.4812   0.8160   0.3183   0.532
  10  target_only                  0.6080    0.4554   0.7695   0.2577   0.670
  10  source_reuse                 0.5423    0.4586   0.9131   0.4665   0.596
  10  transport_no_refine          0.4653    0.4279   0.5422   0.1319   0.672
  10  transport                    0.5052    0.4432   0.5682   0.1429   0.767
  10  oracle                       0.3790    0.4344   0.5240   0.1115   0.892
  10  full_ft                      0.6103    0.5022   0.5548   0.1578   0.000
  10  full_ft_oracle               0.5703    0.5065   0.4731   0.1061   0.000
-----------------------------------------------------------------------------
  20  zero                         0.5195    0.4578   0.8062   0.3624   0.469
  20  target_only                  0.5209    0.4465   0.7296   0.2588   0.658
  20  source_reuse                 0.4777    0.4518   0.8993   0.5104   0.620
  20  transport_no_refine          0.4665    0.4392   0.4864   0.1028   0.675
  20  transport                    0.4541    0.4464   0.5725   0.1238   0.813
  20  oracle                       0.3857    0.4205   0.5301   0.1070   0.905
  20  full_ft                      0.6064    0.4897   0.7919   0.3897   0.000
  20  full_ft_oracle               0.5723    0.4848   0.4765   0.0989   0.000
-----------------------------------------------------------------------------

判据（文档 §3.1 成功标准）:
  K_T= 1: transport vs target_only +0.2972 · vs source_reuse +0.0836 · 距 oracle +0.1183 · oracle 距全量微调 -0.1789
  K_T= 2: transport vs target_only +0.2428 · vs source_reuse +0.0222 · 距 oracle +0.1077 · oracle 距全量微调 -0.1911
  K_T= 5: transport vs target_only +0.1109 · vs source_reuse +0.0384 · 距 oracle +0.0864 · oracle 距全量微调 -0.1899
  K_T=10: transport vs target_only +0.1029 · vs source_reuse +0.0371 · 距 oracle +0.1261 · oracle 距全量微调 -0.1913
  K_T=20: transport vs target_only +0.0667 · vs source_reuse +0.0235 · 距 oracle +0.0685 · oracle 距全量微调 -0.1866
