────────────────────────────────────────────────────────────────────────────────────────────
阶段 1 · 二维 GMM 解析验证   (k=2, 解码器 linear, 族 unrelated, 设备 cuda)
────────────────────────────────────────────────────────────────────────────────────────────
任务族: train 192 · test 32 · 关系 ['rotate', 'translate', 'scale_cov', 'reweight']

参数 1.29M · 部署时可优化 2 个标量

训练:
  step      1  L=3.3949  src=1.1051  tgt=1.1449  trans=1.1449  |dz|=0.010  3 it/s
  step   8000  L=1.9677  src=0.6258  tgt=0.6998  trans=0.6421  |dz|=0.332  108 it/s
  step  16000  L=1.8361  src=0.6250  tgt=0.6121  trans=0.5990  |dz|=0.032  109 it/s
  step  24000  L=1.6857  src=0.5597  tgt=0.6043  trans=0.5218  |dz|=0.699  110 it/s
  step  32000  L=1.8597  src=0.6397  tgt=0.6085  trans=0.6115  |dz|=0.042  110 it/s
  step  40000  L=1.4717  src=0.5270  tgt=0.4804  trans=0.4643  |dz|=0.470  109 it/s
  step  48000  L=1.9696  src=0.7066  tgt=0.6354  trans=0.6276  |dz|=0.747  110 it/s
  step  56000  L=1.4191  src=0.4416  tgt=0.5084  trans=0.4689  |dz|=0.902  110 it/s
  step  64000  L=1.6026  src=0.5908  tgt=0.5057  trans=0.5061  |dz|=0.765  110 it/s
  step  72000  L=1.6913  src=0.5481  tgt=0.5864  trans=0.5567  |dz|=0.180  110 it/s
  step  80000  L=1.5533  src=0.4940  tgt=0.5446  trans=0.5148  |dz|=0.313  110 it/s
  权重已存: stage1_linear_k2_s80000_unrelated.pt

评估 (meta-test 的未见 GMM 配置):

────────────────────────────────────────────────────────────────────────────────────────────
 K_T  策略                    score_rel_err   denoise      SW2      MMD     |z|
-----------------------------------------------------------------------------
   1  zero                         0.8798    0.6077   1.2624   0.8926   0.000
   1  target_only                  0.9316    0.6775   1.6223   1.5628   0.744
   1  source_reuse                 0.8317    0.5422   0.9462   0.3986   0.559
   1  transport_no_refine          0.8188    0.5296   0.8399   0.3110   0.628
   1  transport                    0.8257    0.5359   0.8800   0.3708   0.583
   1  oracle                       0.8148    0.5425   0.7578   0.2340   0.681
   1  full_ft                      0.8788    0.6051   1.2548   0.9127   0.000
   1  full_ft_oracle               0.8481    0.5677   0.8727   0.3800   0.000
-----------------------------------------------------------------------------
   2  zero                         0.8796    0.5962   1.2578   0.8873   0.000
   2  target_only                  0.8457    0.5692   0.8840   0.3994   0.801
   2  source_reuse                 0.8270    0.5359   0.8331   0.2811   0.677
   2  transport_no_refine          0.8218    0.5356   0.8245   0.3145   0.630
   2  transport                    0.8158    0.5392   0.7681   0.2677   0.706
   2  oracle                       0.8209    0.5419   0.7566   0.2432   0.707
   2  full_ft                      0.8613    0.6002   1.0089   0.5324   0.000
   2  full_ft_oracle               0.8508    0.5745   0.8993   0.3999   0.000
-----------------------------------------------------------------------------
   5  zero                         0.8824    0.5953   1.2632   0.9299   0.000
   5  target_only                  0.8331    0.5503   0.8681   0.3794   0.622
   5  source_reuse                 0.8281    0.5321   0.8825   0.3676   0.636
   5  transport_no_refine          0.8162    0.5604   0.8294   0.3114   0.609
   5  transport                    0.8187    0.5325   0.8098   0.2876   0.650
   5  oracle                       0.8190    0.5308   0.7466   0.2248   0.696
   5  full_ft                      0.8578    0.5870   1.0287   0.4941   0.000
   5  full_ft_oracle               0.8483    0.6115   0.8731   0.3925   0.000
-----------------------------------------------------------------------------
  10  zero                         0.8776    0.5918   1.2525   0.9432   0.000
  10  target_only                  0.8294    0.5227   0.9077   0.3872   0.478
  10  source_reuse                 0.8273    0.5500   0.9060   0.3664   0.565
  10  transport_no_refine          0.8214    0.5398   0.8600   0.3454   0.595
  10  transport                    0.8277    0.5298   0.8730   0.3692   0.561
  10  oracle                       0.8154    0.5524   0.7406   0.2204   0.673
  10  full_ft                      0.8555    0.5788   0.9848   0.5470   0.000
  10  full_ft_oracle               0.8512    0.5645   0.8941   0.3698   0.000
-----------------------------------------------------------------------------
  20  zero                         0.8781    0.5977   1.2625   0.9412   0.000
  20  target_only                  0.8257    0.5227   0.8041   0.2844   0.642
  20  source_reuse                 0.8242    0.5298   0.8387   0.3353   0.624
  20  transport_no_refine          0.8232    0.5422   0.7991   0.2825   0.601
  20  transport                    0.8172    0.5492   0.7798   0.2437   0.656
  20  oracle                       0.8148    0.5332   0.7520   0.2223   0.662
  20  full_ft                      0.8562    0.5758   1.0054   0.5056   0.000
  20  full_ft_oracle               0.8499    0.5976   0.9042   0.3922   0.000
-----------------------------------------------------------------------------

判据（文档 §3.1 成功标准）:
  K_T= 1: transport vs target_only +0.1059 · vs source_reuse +0.0059 · 距 oracle +0.0109 · oracle 距全量微调 -0.0334
  K_T= 2: transport vs target_only +0.0298 · vs source_reuse +0.0111 · 距 oracle -0.0051 · oracle 距全量微调 -0.0299
  K_T= 5: transport vs target_only +0.0144 · vs source_reuse +0.0094 · 距 oracle -0.0003 · oracle 距全量微调 -0.0293
  K_T=10: transport vs target_only +0.0018 · vs source_reuse -0.0004 · 距 oracle +0.0123 · oracle 距全量微调 -0.0359
  K_T=20: transport vs target_only +0.0085 · vs source_reuse +0.0070 · 距 oracle +0.0024 · oracle 距全量微调 -0.0351
