────────────────────────────────────────────────────────────────────────────────────────────
阶段 1 · 二维 GMM 解析验证   (k=8, 解码器 linear, 设备 cuda)
────────────────────────────────────────────────────────────────────────────────────────────
任务族: train 192 · test 32 · 关系 ['rotate', 'translate', 'scale_cov', 'reweight']

参数 1.30M · 部署时可优化 8 个标量

训练:
  step      1  L=3.3946  src=1.1051  tgt=1.1448  trans=1.1448  |dz|=0.021  3 it/s
  step   4000  L=1.5189  src=0.4739  tgt=0.5311  trans=0.5138  |dz|=0.780  104 it/s
  step   8000  L=1.9286  src=0.6185  tgt=0.6965  trans=0.6134  |dz|=0.697  105 it/s
  step  12000  L=1.4311  src=0.4725  tgt=0.4868  trans=0.4717  |dz|=0.134  105 it/s
  step  16000  L=1.3317  src=0.4729  tgt=0.4293  trans=0.4292  |dz|=0.365  105 it/s
  step  20000  L=1.4658  src=0.4708  tgt=0.4948  trans=0.5000  |dz|=1.339  101 it/s
  step  24000  L=1.4473  src=0.4557  tgt=0.5561  trans=0.4352  |dz|=1.380  95 it/s
  step  28000  L=1.1232  src=0.3759  tgt=0.3817  trans=0.3654  |dz|=0.410  90 it/s
  step  32000  L=1.6230  src=0.4686  tgt=0.5851  trans=0.5690  |dz|=0.262  86 it/s
  step  36000  L=1.6437  src=0.4845  tgt=0.6169  trans=0.5421  |dz|=1.103  86 it/s
  step  40000  L=1.2711  src=0.4858  tgt=0.4041  trans=0.3809  |dz|=1.915  85 it/s
  权重已存: stage1_linear_k8_s40000.pt

评估 (meta-test 的未见 GMM 配置):

────────────────────────────────────────────────────────────────────────────────────────────
 K_T  策略                    score_rel_err   denoise      SW2      MMD     |z|
-----------------------------------------------------------------------------
   1  zero                         0.9022    0.5738   0.9557   0.6394   0.542
   1  target_only                  0.9441    0.6703   1.2676   1.0556   1.281
   1  source_reuse                 0.8639    0.5360   0.6635   0.2962   0.972
   1  transport_no_refine          0.8391    0.5137   0.5482   0.1787   1.191
   1  transport                    0.8394    0.5090   0.5701   0.1861   1.159
   1  oracle                       0.8216    0.4819   0.5277   0.1403   1.141
   1  full_ft                      0.9004    0.5774   0.9881   0.6815   0.000
   1  full_ft_oracle               0.8535    0.5532   0.6154   0.2489   0.000
-----------------------------------------------------------------------------
   2  zero                         0.8699    0.5539   0.8779   0.4516   0.489
   2  target_only                  0.8783    0.5877   0.6958   0.3219   1.221
   2  source_reuse                 0.8628    0.5533   0.6874   0.3040   1.013
   2  transport_no_refine          0.8447    0.5172   0.5569   0.1764   1.177
   2  transport                    0.8354    0.5179   0.5755   0.1786   1.154
   2  oracle                       0.8208    0.5025   0.5157   0.1309   1.123
   2  full_ft                      0.8767    0.5734   0.7565   0.3871   0.000
   2  full_ft_oracle               0.8541    0.5526   0.5999   0.2261   0.000
-----------------------------------------------------------------------------
   5  zero                         0.8681    0.5432   0.8245   0.4391   0.490
   5  target_only                  0.8858    0.5477   0.6657   0.2707   1.230
   5  source_reuse                 0.8569    0.5375   0.6238   0.2505   1.016
   5  transport_no_refine          0.8341    0.5147   0.5270   0.1529   1.155
   5  transport                    0.8362    0.5018   0.5248   0.1463   1.141
   5  oracle                       0.8195    0.4826   0.4978   0.1420   1.147
   5  full_ft                      0.8748    0.5711   0.7563   0.3877   0.000
   5  full_ft_oracle               0.8586    0.5533   0.6067   0.2220   0.000
-----------------------------------------------------------------------------
  10  zero                         0.8604    0.5469   0.8427   0.4270   0.449
  10  target_only                  0.8435    0.5263   0.7258   0.2691   1.171
  10  source_reuse                 0.8518    0.5733   0.6248   0.2540   0.983
  10  transport_no_refine          0.8384    0.4992   0.5237   0.1584   1.157
  10  transport                    0.8297    0.4966   0.5354   0.1673   1.120
  10  oracle                       0.8175    0.4924   0.4896   0.1045   1.169
  10  full_ft                      0.8759    0.5576   0.7153   0.3291   0.000
  10  full_ft_oracle               0.8563    0.5651   0.6101   0.2152   0.000
-----------------------------------------------------------------------------
  20  zero                         0.8599    0.5387   0.8352   0.4358   0.407
  20  target_only                  0.8308    0.5041   0.5345   0.1657   1.081
  20  source_reuse                 0.8502    0.5483   0.6057   0.2456   1.014
  20  transport_no_refine          0.8401    0.5133   0.5353   0.1428   1.155
  20  transport                    0.8311    0.5160   0.5127   0.1368   1.124
  20  oracle                       0.8203    0.4828   0.5198   0.1300   1.116
  20  full_ft                      0.8792    0.5629   0.6807   0.2958   0.000
  20  full_ft_oracle               0.8556    0.5518   0.6115   0.2354   0.000
-----------------------------------------------------------------------------

判据（文档 §3.1 成功标准）:
  K_T= 1: transport vs target_only +0.1047 · vs source_reuse +0.0245 · 距 oracle +0.0178 · oracle 距全量微调 -0.0319
  K_T= 2: transport vs target_only +0.0429 · vs source_reuse +0.0273 · 距 oracle +0.0146 · oracle 距全量微调 -0.0333
  K_T= 5: transport vs target_only +0.0497 · vs source_reuse +0.0207 · 距 oracle +0.0167 · oracle 距全量微调 -0.0391
  K_T=10: transport vs target_only +0.0138 · vs source_reuse +0.0221 · 距 oracle +0.0122 · oracle 距全量微调 -0.0388
  K_T=20: transport vs target_only -0.0002 · vs source_reuse +0.0192 · 距 oracle +0.0107 · oracle 距全量微调 -0.0353
