────────────────────────────────────────────────────────────────────────────────────────────
阶段 1 · 二维 GMM 解析验证   (k=16, 解码器 linear, 族 related@0.5, 设备 cuda)
────────────────────────────────────────────────────────────────────────────────────────────
任务族: train 192 · test 32 · 关系 ['rotate', 'translate', 'scale_cov', 'reweight']

参数 1.30M · 部署时可优化 16 个标量

训练:
  step      1  L=3.2743  src=1.0662  tgt=1.1041  trans=1.1041  |dz|=0.015  3 it/s
  step   8000  L=1.5666  src=0.4861  tgt=0.5560  trans=0.5244  |dz|=0.962  110 it/s
  step  16000  L=1.6817  src=0.5695  tgt=0.5590  trans=0.5529  |dz|=0.457  111 it/s
  step  24000  L=1.5972  src=0.5310  tgt=0.5902  trans=0.4758  |dz|=1.117  111 it/s
  step  32000  L=1.7869  src=0.4905  tgt=0.6634  trans=0.6327  |dz|=0.612  111 it/s
  step  40000  L=1.6166  src=0.5154  tgt=0.5838  trans=0.5172  |dz|=0.292  111 it/s
  step  48000  L=1.3859  src=0.4660  tgt=0.4862  trans=0.4335  |dz|=1.716  111 it/s
  step  56000  L=1.3960  src=0.3943  tgt=0.4950  trans=0.5063  |dz|=0.837  111 it/s
  step  64000  L=1.4744  src=0.4013  tgt=0.5457  trans=0.5273  |dz|=0.666  111 it/s
  step  72000  L=1.8224  src=0.5287  tgt=0.6767  trans=0.6166  |dz|=0.336  111 it/s
  step  80000  L=1.6066  src=0.4749  tgt=0.5796  trans=0.5518  |dz|=2.451  111 it/s
  权重已存: stage1_linear_k16_s80000_related0.5.pt

评估 (meta-test 的未见 GMM 配置):

────────────────────────────────────────────────────────────────────────────────────────────
 K_T  策略                    score_rel_err   denoise      SW2      MMD     |z|
-----------------------------------------------------------------------------
   1  zero                         0.9557    0.5882   0.9331   0.4844   0.764
   1  target_only                  1.1166    0.6532   1.3135   0.9326   1.363
   1  source_reuse                 0.7706    0.5150   0.6869   0.1665   1.127
   1  transport_no_refine          0.7978    0.5150   0.7117   0.1923   1.259
   1  transport                    0.8137    0.4946   0.7619   0.2152   1.280
   1  oracle                       0.7168    0.4693   0.5163   0.0754   1.425
   1  full_ft                      0.9163    0.6248   0.8865   0.4225   0.000
   1  full_ft_oracle               0.8897    0.5915   0.6631   0.2105   0.000
-----------------------------------------------------------------------------
   2  zero                         0.8619    0.5606   0.9068   0.3569   0.675
   2  target_only                  0.9090    0.5835   1.0687   0.5250   1.448
   2  source_reuse                 0.7694    0.4953   0.6336   0.1274   1.155
   2  transport_no_refine          0.8071    0.5138   0.7281   0.2147   1.252
   2  transport                    0.7898    0.5130   0.7295   0.1746   1.311
   2  oracle                       0.7250    0.4746   0.5728   0.0963   1.411
   2  full_ft                      0.9127    0.6058   0.8150   0.3639   0.000
   2  full_ft_oracle               0.8905    0.6069   0.6675   0.2113   0.000
-----------------------------------------------------------------------------
   5  zero                         0.8452    0.5355   0.7378   0.2417   0.583
   5  target_only                  0.8500    0.5187   0.7880   0.2243   1.390
   5  source_reuse                 0.7596    0.5037   0.6381   0.1342   1.196
   5  transport_no_refine          0.8186    0.5143   0.6683   0.1687   1.258
   5  transport                    0.7866    0.5178   0.6768   0.1667   1.323
   5  oracle                       0.7171    0.4516   0.5392   0.0830   1.414
   5  full_ft                      0.9083    0.6176   0.7902   0.2909   0.000
   5  full_ft_oracle               0.8952    0.6063   0.6276   0.2014   0.000
-----------------------------------------------------------------------------
  10  zero                         0.8409    0.5663   0.7848   0.2451   0.573
  10  target_only                  0.8285    0.5082   0.8105   0.2725   1.352
  10  source_reuse                 0.7611    0.4981   0.6946   0.1914   1.217
  10  transport_no_refine          0.8175    0.4967   0.7916   0.2277   1.281
  10  transport                    0.8026    0.4850   0.7206   0.1715   1.330
  10  oracle                       0.7174    0.4759   0.5109   0.0722   1.406
  10  full_ft                      0.9044    0.6071   0.7572   0.2649   0.000
  10  full_ft_oracle               0.8891    0.6159   0.6478   0.1951   0.000
-----------------------------------------------------------------------------
  20  zero                         0.8260    0.5486   0.8294   0.2515   0.537
  20  target_only                  0.7558    0.4777   0.6858   0.1362   1.349
  20  source_reuse                 0.7291    0.4950   0.5945   0.0979   1.192
  20  transport_no_refine          0.8136    0.5050   0.7665   0.2224   1.260
  20  transport                    0.7586    0.4877   0.6810   0.1580   1.325
  20  oracle                       0.7243    0.4599   0.5371   0.0768   1.413
  20  full_ft                      0.9079    0.6024   0.8550   0.3391   0.000
  20  full_ft_oracle               0.8935    0.6013   0.6645   0.2120   0.000
-----------------------------------------------------------------------------

判据（文档 §3.1 成功标准）:
  K_T= 1: transport vs target_only +0.3029 · vs source_reuse -0.0431 · 距 oracle +0.0968 · oracle 距全量微调 -0.1729
  K_T= 2: transport vs target_only +0.1192 · vs source_reuse -0.0204 · 距 oracle +0.0648 · oracle 距全量微调 -0.1655
  K_T= 5: transport vs target_only +0.0634 · vs source_reuse -0.0271 · 距 oracle +0.0696 · oracle 距全量微调 -0.1781
  K_T=10: transport vs target_only +0.0259 · vs source_reuse -0.0415 · 距 oracle +0.0852 · oracle 距全量微调 -0.1718
  K_T=20: transport vs target_only -0.0029 · vs source_reuse -0.0295 · 距 oracle +0.0343 · oracle 距全量微调 -0.1692
