────────────────────────────────────────────────────────────────────────────────────────────
阶段 1 · 二维 GMM 解析验证   (k=4, 解码器 linear, 设备 cuda)
────────────────────────────────────────────────────────────────────────────────────────────
任务族: train 192 · test 32 · 关系 ['rotate', 'translate', 'scale_cov', 'reweight']

参数 1.29M · 部署时可优化 4 个标量

训练:
  step      1  L=3.3943  src=1.1050  tgt=1.1447  trans=1.1446  |dz|=0.022  3 it/s
  step   4000  L=1.5220  src=0.4699  tgt=0.5473  trans=0.5047  |dz|=0.694  105 it/s
  step   8000  L=2.0023  src=0.6109  tgt=0.7444  trans=0.6469  |dz|=0.318  106 it/s
  step  12000  L=1.4828  src=0.4927  tgt=0.5008  trans=0.4891  |dz|=0.059  106 it/s
  step  16000  L=1.3276  src=0.4648  tgt=0.4354  trans=0.4270  |dz|=0.327  106 it/s
  step  20000  L=1.8865  src=0.5285  tgt=0.6936  trans=0.6643  |dz|=1.071  107 it/s
  step  24000  L=1.6109  src=0.5204  tgt=0.5732  trans=0.5172  |dz|=0.735  107 it/s
  step  28000  L=1.2877  src=0.4376  tgt=0.4235  trans=0.4266  |dz|=0.109  107 it/s
  step  32000  L=1.7945  src=0.6275  tgt=0.5812  trans=0.5858  |dz|=0.101  107 it/s
  step  36000  L=1.6593  src=0.4888  tgt=0.6143  trans=0.5560  |dz|=1.009  107 it/s
  step  40000  L=1.3353  src=0.4906  tgt=0.4387  trans=0.4060  |dz|=1.011  107 it/s
  权重已存: stage1_linear_k4_s40000.pt

评估 (meta-test 的未见 GMM 配置):

────────────────────────────────────────────────────────────────────────────────────────────
 K_T  策略                    score_rel_err   denoise      SW2      MMD     |z|
-----------------------------------------------------------------------------
   1  zero                         0.9125    0.5991   0.9767   0.7864   0.402
   1  target_only                  0.9523    0.6618   1.3649   1.3276   0.886
   1  source_reuse                 0.8651    0.5522   0.6632   0.3484   0.648
   1  transport_no_refine          0.8351    0.5097   0.4931   0.1598   0.841
   1  transport                    0.8337    0.5167   0.5811   0.2230   0.824
   1  oracle                       0.8268    0.5059   0.4619   0.1196   0.884
   1  full_ft                      0.9100    0.5976   0.9733   0.7453   0.000
   1  full_ft_oracle               0.8602    0.5628   0.6404   0.2792   0.000
-----------------------------------------------------------------------------
   2  zero                         0.8768    0.5692   0.7933   0.4933   0.321
   2  target_only                  0.8744    0.5645   0.7181   0.4062   0.712
   2  source_reuse                 0.8633    0.5608   0.6522   0.3161   0.704
   2  transport_no_refine          0.8408    0.5265   0.4982   0.1552   0.836
   2  transport                    0.8387    0.5306   0.4971   0.1467   0.824
   2  oracle                       0.8308    0.5229   0.4737   0.1153   0.863
   2  full_ft                      0.8759    0.5877   0.8030   0.4867   0.000
   2  full_ft_oracle               0.8597    0.5605   0.6344   0.2622   0.000
-----------------------------------------------------------------------------
   5  zero                         0.8682    0.5579   0.7574   0.4586   0.388
   5  target_only                  0.8597    0.5394   0.6400   0.2755   0.883
   5  source_reuse                 0.8542    0.5465   0.6194   0.2968   0.728
   5  transport_no_refine          0.8324    0.5258   0.5261   0.1653   0.804
   5  transport                    0.8407    0.5223   0.5746   0.2066   0.866
   5  oracle                       0.8265    0.5078   0.4725   0.1350   0.882
   5  full_ft                      0.8709    0.5825   0.7647   0.4309   0.000
   5  full_ft_oracle               0.8617    0.5631   0.6396   0.2553   0.000
-----------------------------------------------------------------------------
  10  zero                         0.8639    0.5687   0.7329   0.4154   0.373
  10  target_only                  0.8491    0.5481   0.6603   0.2655   0.970
  10  source_reuse                 0.8506    0.5883   0.5944   0.2456   0.722
  10  transport_no_refine          0.8362    0.5167   0.5379   0.1842   0.802
  10  transport                    0.8316    0.5194   0.5406   0.1827   0.876
  10  oracle                       0.8237    0.5196   0.4735   0.1194   0.886
  10  full_ft                      0.8716    0.5664   0.7254   0.3709   0.000
  10  full_ft_oracle               0.8624    0.5753   0.6453   0.2480   0.000
-----------------------------------------------------------------------------
  20  zero                         0.8634    0.5586   0.6951   0.3854   0.334
  20  target_only                  0.8412    0.5214   0.4979   0.1417   0.834
  20  source_reuse                 0.8482    0.5571   0.5634   0.2272   0.748
  20  transport_no_refine          0.8365    0.5236   0.5110   0.1505   0.821
  20  transport                    0.8349    0.5305   0.4841   0.1318   0.854
  20  oracle                       0.8255    0.5084   0.4871   0.1218   0.868
  20  full_ft                      0.8724    0.5724   0.7305   0.3687   0.000
  20  full_ft_oracle               0.8620    0.5622   0.6453   0.2705   0.000
-----------------------------------------------------------------------------

判据（文档 §3.1 成功标准）:
  K_T= 1: transport vs target_only +0.1186 · vs source_reuse +0.0314 · 距 oracle +0.0069 · oracle 距全量微调 -0.0334
  K_T= 2: transport vs target_only +0.0357 · vs source_reuse +0.0246 · 距 oracle +0.0079 · oracle 距全量微调 -0.0288
  K_T= 5: transport vs target_only +0.0189 · vs source_reuse +0.0135 · 距 oracle +0.0143 · oracle 距全量微调 -0.0353
  K_T=10: transport vs target_only +0.0174 · vs source_reuse +0.0190 · 距 oracle +0.0079 · oracle 距全量微调 -0.0387
  K_T=20: transport vs target_only +0.0062 · vs source_reuse +0.0132 · 距 oracle +0.0094 · oracle 距全量微调 -0.0364
