===== k=16 =====
设备 cuda · 骨干 small_unet · k=16
φ 27.80M + encoder 0.33M + transport 6.3K
训练 episode 组合 300 · 共 20000 步

step      1  L=3.3094  src=1.0978  tgt=1.1058  trans=1.1058  gain=+0.0001  |dz|=0.011  1.5 it/s
step     50  L=1.1154  src=0.3825  tgt=0.3669  trans=0.3659  gain=+0.0010  |dz|=0.016  10.3 it/s
step    100  L=0.5022  src=0.1958  tgt=0.1530  trans=0.1530  gain=-0.0000  |dz|=0.035  11.0 it/s
step    150  L=0.2882  src=0.1332  tgt=0.0769  trans=0.0772  gain=-0.0003  |dz|=0.064  11.3 it/s
step    200  L=0.2410  src=0.1158  tgt=0.0621  trans=0.0619  gain=+0.0002  |dz|=0.080  11.4 it/s
step    250  L=0.2243  src=0.0913  tgt=0.0659  trans=0.0659  gain=-0.0000  |dz|=0.085  11.5 it/s
step    300  L=0.2889  src=0.0906  tgt=0.0990  trans=0.0983  gain=+0.0007  |dz|=0.077  11.5 it/s
step    350  L=0.1965  src=0.0794  tgt=0.0582  trans=0.0580  gain=+0.0002  |dz|=0.073  11.6 it/s
step    400  L=0.1783  src=0.0789  tgt=0.0489  trans=0.0497  gain=-0.0008  |dz|=0.063  11.6 it/s
step    450  L=0.1676  src=0.0421  tgt=0.0625  trans=0.0624  gain=+0.0001  |dz|=0.058  11.6 it/s
step    500  L=0.2377  src=0.0972  tgt=0.0702  trans=0.0698  gain=+0.0004  |dz|=0.049  11.6 it/s
step    550  L=0.1570  src=0.0845  tgt=0.0361  trans=0.0361  gain=+0.0001  |dz|=0.043  11.7 it/s
step    600  L=0.1985  src=0.0959  tgt=0.0515  trans=0.0509  gain=+0.0006  |dz|=0.049  11.7 it/s
step    650  L=0.2179  src=0.1425  tgt=0.0377  trans=0.0375  gain=+0.0001  |dz|=0.049  11.7 it/s
step    700  L=0.1834  src=0.0859  tgt=0.0486  trans=0.0486  gain=+0.0000  |dz|=0.055  11.7 it/s
step    750  L=0.1321  src=0.0746  tgt=0.0286  trans=0.0286  gain=+0.0001  |dz|=0.060  11.7 it/s
step    800  L=0.1943  src=0.1017  tgt=0.0463  trans=0.0461  gain=+0.0002  |dz|=0.062  11.7 it/s
step    850  L=0.1702  src=0.1014  tgt=0.0342  trans=0.0344  gain=-0.0002  |dz|=0.068  11.7 it/s
step    900  L=0.1908  src=0.1184  tgt=0.0361  trans=0.0360  gain=+0.0001  |dz|=0.072  11.7 it/s
step    950  L=0.0766  src=0.0370  tgt=0.0198  trans=0.0197  gain=+0.0002  |dz|=0.074  11.8 it/s
step   1000  L=0.1471  src=0.0793  tgt=0.0338  trans=0.0338  gain=+0.0001  |dz|=0.083  11.8 it/s
  [诊断 @ 1000] loss_correct=0.1132  loss_zero=0.1966  loss_shuffled=0.1132  loss_random=0.1960  loss_target_only=0.1132  r_basis=0.2588  |dz_transport|=0.0340  z_s_vs_enc_rel=0.0277  z_spread_rel=0.0256  gain_vs_zero=0.0834  gain_vs_shuffled=-0.0000  gain_vs_target_only=-0.0000
    ⚠ 坐标塌缩: 跨 episode 的 z 相对间距仅 0.026（阈值 0.05）—— encoder 在输出近似常量，此时 gain_vs_zero 反映的是基被当作共享容量，不是任务特异性
    ⚠ z_S 与 z^enc_T 相对间距仅 0.028 —— encoder 没有把 source 集和 target 集区分开
step   1050  L=0.1094  src=0.0523  tgt=0.0285  trans=0.0285  gain=+0.0001  |dz|=0.087  11.7 it/s
step   1100  L=0.1638  src=0.0796  tgt=0.0420  trans=0.0420  gain=-0.0000  |dz|=0.090  11.7 it/s
step   1150  L=0.1642  src=0.0864  tgt=0.0389  trans=0.0387  gain=+0.0001  |dz|=0.095  11.7 it/s
step   1200  L=0.1508  src=0.0880  tgt=0.0313  trans=0.0313  gain=-0.0000  |dz|=0.097  11.7 it/s
step   1250  L=0.1279  src=0.0524  tgt=0.0377  trans=0.0377  gain=+0.0000  |dz|=0.099  11.8 it/s
step   1300  L=0.1213  src=0.0641  tgt=0.0286  trans=0.0284  gain=+0.0002  |dz|=0.103  11.8 it/s
step   1350  L=0.0941  src=0.0435  tgt=0.0253  trans=0.0253  gain=+0.0000  |dz|=0.105  11.8 it/s
step   1400  L=0.0875  src=0.0372  tgt=0.0251  trans=0.0250  gain=+0.0001  |dz|=0.107  11.8 it/s
step   1450  L=0.1182  src=0.0692  tgt=0.0245  trans=0.0244  gain=+0.0000  |dz|=0.107  11.8 it/s
step   1500  L=0.1085  src=0.0438  tgt=0.0323  trans=0.0322  gain=+0.0001  |dz|=0.106  11.8 it/s
step   1550  L=0.0751  src=0.0349  tgt=0.0201  trans=0.0200  gain=+0.0001  |dz|=0.105  11.8 it/s
step   1600  L=0.1264  src=0.0817  tgt=0.0223  trans=0.0223  gain=+0.0001  |dz|=0.106  11.8 it/s
step   1650  L=0.1571  src=0.0580  tgt=0.0494  trans=0.0495  gain=-0.0001  |dz|=0.105  11.8 it/s
step   1700  L=0.1249  src=0.0718  tgt=0.0265  trans=0.0265  gain=+0.0000  |dz|=0.105  11.8 it/s
step   1750  L=0.1172  src=0.0657  tgt=0.0257  trans=0.0257  gain=+0.0001  |dz|=0.107  11.8 it/s
step   1800  L=0.1324  src=0.0460  tgt=0.0432  trans=0.0431  gain=+0.0001  |dz|=0.108  11.8 it/s
step   1850  L=0.1113  src=0.0592  tgt=0.0260  trans=0.0260  gain=-0.0000  |dz|=0.108  11.8 it/s
step   1900  L=0.1532  src=0.0818  tgt=0.0356  trans=0.0356  gain=+0.0000  |dz|=0.106  11.8 it/s
step   1950  L=0.1465  src=0.0737  tgt=0.0363  trans=0.0364  gain=-0.0001  |dz|=0.105  11.8 it/s
step   2000  L=0.1171  src=0.0572  tgt=0.0299  trans=0.0299  gain=+0.0000  |dz|=0.104  11.8 it/s
  [诊断 @ 2000] loss_correct=0.0521  loss_zero=0.1360  loss_shuffled=0.0521  loss_random=0.1419  loss_target_only=0.0523  r_basis=0.3974  |dz_transport|=0.0751  z_s_vs_enc_rel=0.0224  z_spread_rel=0.0169  gain_vs_zero=0.0839  gain_vs_shuffled=0.0000  gain_vs_target_only=0.0002
    ⚠ 坐标塌缩: 跨 episode 的 z 相对间距仅 0.017（阈值 0.05）—— encoder 在输出近似常量，此时 gain_vs_zero 反映的是基被当作共享容量，不是任务特异性
    ⚠ z_S 与 z^enc_T 相对间距仅 0.022 —— encoder 没有把 source 集和 target 集区分开
step   2050  L=0.0934  src=0.0543  tgt=0.0195  trans=0.0195  gain=+0.0000  |dz|=0.109  11.8 it/s
step   2100  L=0.1327  src=0.0692  tgt=0.0317  trans=0.0317  gain=+0.0000  |dz|=0.109  11.8 it/s
step   2150  L=0.1107  src=0.0622  tgt=0.0243  trans=0.0241  gain=+0.0002  |dz|=0.107  11.8 it/s
step   2200  L=0.1364  src=0.0776  tgt=0.0293  trans=0.0294  gain=-0.0001  |dz|=0.108  11.8 it/s
step   2250  L=0.1579  src=0.0764  tgt=0.0407  trans=0.0407  gain=+0.0000  |dz|=0.106  11.8 it/s
step   2300  L=0.1433  src=0.0934  tgt=0.0249  trans=0.0249  gain=+0.0001  |dz|=0.106  11.8 it/s
step   2350  L=0.1243  src=0.0578  tgt=0.0332  trans=0.0333  gain=-0.0001  |dz|=0.104  11.8 it/s
step   2400  L=0.1187  src=0.0368  tgt=0.0408  trans=0.0410  gain=-0.0002  |dz|=0.105  11.8 it/s
step   2450  L=0.1318  src=0.0743  tgt=0.0287  trans=0.0287  gain=+0.0000  |dz|=0.103  11.8 it/s
step   2500  L=0.0932  src=0.0505  tgt=0.0213  trans=0.0213  gain=+0.0000  |dz|=0.101  11.8 it/s
step   2550  L=0.1225  src=0.0694  tgt=0.0266  trans=0.0265  gain=+0.0001  |dz|=0.100  11.8 it/s
step   2600  L=0.1035  src=0.0457  tgt=0.0289  trans=0.0289  gain=+0.0000  |dz|=0.100  11.8 it/s
step   2650  L=0.1653  src=0.0820  tgt=0.0416  trans=0.0416  gain=+0.0000  |dz|=0.101  11.8 it/s
step   2700  L=0.0933  src=0.0569  tgt=0.0182  trans=0.0182  gain=+0.0000  |dz|=0.101  11.8 it/s
step   2750  L=0.1311  src=0.0795  tgt=0.0258  trans=0.0258  gain=-0.0000  |dz|=0.100  11.8 it/s
step   2800  L=0.0789  src=0.0394  tgt=0.0197  trans=0.0197  gain=+0.0000  |dz|=0.099  11.8 it/s
step   2850  L=0.1162  src=0.0719  tgt=0.0221  trans=0.0221  gain=-0.0000  |dz|=0.099  11.8 it/s
step   2900  L=0.0916  src=0.0456  tgt=0.0230  trans=0.0230  gain=+0.0000  |dz|=0.097  11.8 it/s
step   2950  L=0.0769  src=0.0447  tgt=0.0161  trans=0.0161  gain=-0.0000  |dz|=0.097  11.8 it/s
step   3000  L=0.1066  src=0.0706  tgt=0.0180  trans=0.0180  gain=-0.0000  |dz|=0.096  11.8 it/s
  [诊断 @ 3000] loss_correct=0.0328  loss_zero=0.1139  loss_shuffled=0.0328  loss_random=0.1178  loss_target_only=0.0328  r_basis=0.4064  |dz_transport|=0.0916  z_s_vs_enc_rel=0.0310  z_spread_rel=0.0242  gain_vs_zero=0.0811  gain_vs_shuffled=-0.0000  gain_vs_target_only=0.0001
    ⚠ 坐标塌缩: 跨 episode 的 z 相对间距仅 0.024（阈值 0.05）—— encoder 在输出近似常量，此时 gain_vs_zero 反映的是基被当作共享容量，不是任务特异性
    ⚠ z_S 与 z^enc_T 相对间距仅 0.031 —— encoder 没有把 source 集和 target 集区分开
step   3050  L=0.0984  src=0.0529  tgt=0.0227  trans=0.0227  gain=-0.0000  |dz|=0.097  11.8 it/s
step   3100  L=0.1026  src=0.0645  tgt=0.0191  trans=0.0190  gain=+0.0001  |dz|=0.094  11.8 it/s
step   3150  L=0.0915  src=0.0589  tgt=0.0163  trans=0.0162  gain=+0.0000  |dz|=0.092  11.8 it/s
step   3200  L=0.1348  src=0.0599  tgt=0.0374  trans=0.0374  gain=-0.0000  |dz|=0.093  11.8 it/s
step   3250  L=0.0941  src=0.0588  tgt=0.0176  trans=0.0177  gain=-0.0000  |dz|=0.093  11.8 it/s
step   3300  L=0.1264  src=0.0762  tgt=0.0250  trans=0.0250  gain=+0.0000  |dz|=0.093  11.8 it/s
step   3350  L=0.1020  src=0.0463  tgt=0.0278  trans=0.0278  gain=+0.0000  |dz|=0.092  11.8 it/s
step   3400  L=0.1225  src=0.0798  tgt=0.0214  trans=0.0213  gain=+0.0000  |dz|=0.093  11.8 it/s
step   3450  L=0.0715  src=0.0309  tgt=0.0203  trans=0.0202  gain=+0.0000  |dz|=0.091  11.8 it/s
step   3500  L=0.1234  src=0.0439  tgt=0.0398  trans=0.0397  gain=+0.0000  |dz|=0.091  11.8 it/s
step   3550  L=0.1320  src=0.0610  tgt=0.0355  trans=0.0355  gain=-0.0000  |dz|=0.092  11.8 it/s
step   3600  L=0.1400  src=0.0495  tgt=0.0453  trans=0.0453  gain=+0.0000  |dz|=0.095  11.8 it/s
step   3650  L=0.1048  src=0.0387  tgt=0.0330  trans=0.0330  gain=+0.0000  |dz|=0.095  11.8 it/s
step   3700  L=0.1293  src=0.0875  tgt=0.0209  trans=0.0209  gain=-0.0000  |dz|=0.095  11.8 it/s
step   3750  L=0.0853  src=0.0355  tgt=0.0249  trans=0.0249  gain=+0.0000  |dz|=0.096  11.8 it/s
step   3800  L=0.1027  src=0.0665  tgt=0.0181  trans=0.0181  gain=+0.0000  |dz|=0.096  11.8 it/s
step   3850  L=0.0896  src=0.0224  tgt=0.0336  trans=0.0336  gain=-0.0001  |dz|=0.097  11.8 it/s
step   3900  L=0.1431  src=0.0650  tgt=0.0391  trans=0.0391  gain=+0.0000  |dz|=0.093  11.8 it/s
step   3950  L=0.1222  src=0.0455  tgt=0.0383  trans=0.0383  gain=+0.0000  |dz|=0.092  11.8 it/s
step   4000  L=0.1164  src=0.0442  tgt=0.0361  trans=0.0361  gain=-0.0000  |dz|=0.093  11.8 it/s
  [诊断 @ 4000] loss_correct=0.0286  loss_zero=0.0987  loss_shuffled=0.0286  loss_random=0.1063  loss_target_only=0.0286  r_basis=0.3661  |dz_transport|=0.0929  z_s_vs_enc_rel=0.0776  z_spread_rel=0.0430  gain_vs_zero=0.0701  gain_vs_shuffled=0.0000  gain_vs_target_only=0.0000
    ⚠ 坐标塌缩: 跨 episode 的 z 相对间距仅 0.043（阈值 0.05）—— encoder 在输出近似常量，此时 gain_vs_zero 反映的是基被当作共享容量，不是任务特异性
step   4050  L=0.0926  src=0.0507  tgt=0.0209  trans=0.0209  gain=+0.0000  |dz|=0.092  11.8 it/s
step   4100  L=0.1068  src=0.0535  tgt=0.0266  trans=0.0266  gain=-0.0000  |dz|=0.093  11.8 it/s
step   4150  L=0.1054  src=0.0534  tgt=0.0259  trans=0.0260  gain=-0.0000  |dz|=0.091  11.8 it/s
step   4200  L=0.1115  src=0.0473  tgt=0.0321  trans=0.0321  gain=+0.0000  |dz|=0.092  11.8 it/s
step   4250  L=0.1088  src=0.0504  tgt=0.0292  trans=0.0292  gain=+0.0000  |dz|=0.089  11.8 it/s
step   4300  L=0.0795  src=0.0361  tgt=0.0217  trans=0.0217  gain=-0.0000  |dz|=0.088  11.8 it/s
step   4350  L=0.1153  src=0.0494  tgt=0.0330  trans=0.0329  gain=+0.0000  |dz|=0.086  11.8 it/s
step   4400  L=0.1140  src=0.0599  tgt=0.0270  trans=0.0271  gain=-0.0001  |dz|=0.086  11.8 it/s
step   4450  L=0.1453  src=0.0806  tgt=0.0323  trans=0.0323  gain=-0.0000  |dz|=0.089  11.8 it/s
step   4500  L=0.1356  src=0.0717  tgt=0.0320  trans=0.0319  gain=+0.0000  |dz|=0.089  11.8 it/s
step   4550  L=0.0814  src=0.0464  tgt=0.0176  trans=0.0175  gain=+0.0000  |dz|=0.087  11.8 it/s
step   4600  L=0.1274  src=0.0620  tgt=0.0327  trans=0.0327  gain=-0.0000  |dz|=0.084  11.8 it/s
step   4650  L=0.1521  src=0.0571  tgt=0.0475  trans=0.0475  gain=-0.0001  |dz|=0.082  11.8 it/s
step   4700  L=0.1129  src=0.0600  tgt=0.0265  trans=0.0265  gain=+0.0000  |dz|=0.081  11.8 it/s
step   4750  L=0.0928  src=0.0507  tgt=0.0211  trans=0.0211  gain=+0.0000  |dz|=0.082  11.8 it/s
step   4800  L=0.0835  src=0.0264  tgt=0.0286  trans=0.0286  gain=+0.0000  |dz|=0.082  11.8 it/s
step   4850  L=0.1022  src=0.0556  tgt=0.0233  trans=0.0233  gain=-0.0000  |dz|=0.083  11.8 it/s
step   4900  L=0.1278  src=0.0706  tgt=0.0286  trans=0.0286  gain=-0.0001  |dz|=0.084  11.8 it/s
step   4950  L=0.1278  src=0.0685  tgt=0.0296  trans=0.0296  gain=+0.0000  |dz|=0.087  11.8 it/s
step   5000  L=0.1004  src=0.0573  tgt=0.0215  trans=0.0216  gain=-0.0000  |dz|=0.087  11.8 it/s
  [诊断 @ 5000] loss_correct=0.0257  loss_zero=0.0840  loss_shuffled=0.0257  loss_random=0.0883  loss_target_only=0.0257  r_basis=0.3191  |dz_transport|=0.0884  z_s_vs_enc_rel=0.1364  z_spread_rel=0.0713  gain_vs_zero=0.0583  gain_vs_shuffled=0.0000  gain_vs_target_only=0.0000
step   5050  L=0.1318  src=0.0587  tgt=0.0366  trans=0.0366  gain=+0.0000  |dz|=0.085  11.8 it/s
step   5100  L=0.0904  src=0.0581  tgt=0.0162  trans=0.0161  gain=+0.0001  |dz|=0.084  11.8 it/s
step   5150  L=0.1649  src=0.0782  tgt=0.0433  trans=0.0433  gain=-0.0000  |dz|=0.083  11.8 it/s
step   5200  L=0.1300  src=0.0541  tgt=0.0379  trans=0.0380  gain=-0.0000  |dz|=0.081  11.8 it/s
step   5250  L=0.0783  src=0.0438  tgt=0.0172  trans=0.0172  gain=+0.0000  |dz|=0.081  11.8 it/s
step   5300  L=0.1149  src=0.0566  tgt=0.0292  trans=0.0291  gain=+0.0000  |dz|=0.081  11.8 it/s
step   5350  L=0.1148  src=0.0624  tgt=0.0262  trans=0.0261  gain=+0.0001  |dz|=0.080  11.8 it/s
step   5400  L=0.0970  src=0.0508  tgt=0.0231  trans=0.0231  gain=-0.0000  |dz|=0.081  11.8 it/s
step   5450  L=0.1388  src=0.0626  tgt=0.0381  trans=0.0380  gain=+0.0000  |dz|=0.079  11.8 it/s
step   5500  L=0.1199  src=0.0553  tgt=0.0323  trans=0.0323  gain=-0.0001  |dz|=0.080  11.8 it/s
step   5550  L=0.0888  src=0.0332  tgt=0.0278  trans=0.0278  gain=+0.0001  |dz|=0.079  11.8 it/s
step   5600  L=0.0719  src=0.0322  tgt=0.0199  trans=0.0198  gain=+0.0001  |dz|=0.080  11.8 it/s
step   5650  L=0.1609  src=0.0699  tgt=0.0455  trans=0.0455  gain=+0.0000  |dz|=0.082  11.8 it/s
step   5700  L=0.0646  src=0.0360  tgt=0.0143  trans=0.0143  gain=-0.0000  |dz|=0.085  11.8 it/s
step   5750  L=0.1451  src=0.0405  tgt=0.0523  trans=0.0523  gain=-0.0000  |dz|=0.087  11.8 it/s
step   5800  L=0.0758  src=0.0404  tgt=0.0178  trans=0.0177  gain=+0.0001  |dz|=0.086  11.8 it/s
step   5850  L=0.0959  src=0.0532  tgt=0.0214  trans=0.0213  gain=+0.0000  |dz|=0.090  11.8 it/s
step   5900  L=0.1281  src=0.0716  tgt=0.0282  trans=0.0282  gain=+0.0000  |dz|=0.091  11.8 it/s
step   5950  L=0.1022  src=0.0689  tgt=0.0167  trans=0.0167  gain=-0.0000  |dz|=0.088  11.8 it/s
step   6000  L=0.1011  src=0.0478  tgt=0.0266  trans=0.0266  gain=+0.0000  |dz|=0.087  11.8 it/s
  [诊断 @ 6000] loss_correct=0.0263  loss_zero=0.0723  loss_shuffled=0.0264  loss_random=0.0753  loss_target_only=0.0263  r_basis=0.2751  |dz_transport|=0.0855  z_s_vs_enc_rel=0.1879  z_spread_rel=0.1138  gain_vs_zero=0.0460  gain_vs_shuffled=0.0000  gain_vs_target_only=0.0000
step   6050  L=0.1052  src=0.0478  tgt=0.0287  trans=0.0287  gain=-0.0000  |dz|=0.089  11.8 it/s
step   6100  L=0.1030  src=0.0420  tgt=0.0305  trans=0.0305  gain=+0.0000  |dz|=0.088  11.8 it/s
step   6150  L=0.1063  src=0.0541  tgt=0.0261  trans=0.0261  gain=+0.0000  |dz|=0.086  11.8 it/s
step   6200  L=0.1340  src=0.0827  tgt=0.0256  trans=0.0257  gain=-0.0000  |dz|=0.089  11.8 it/s
step   6250  L=0.0859  src=0.0410  tgt=0.0225  trans=0.0224  gain=+0.0000  |dz|=0.088  11.8 it/s
step   6300  L=0.1084  src=0.0508  tgt=0.0287  trans=0.0288  gain=-0.0001  |dz|=0.086  11.8 it/s
step   6350  L=0.0590  src=0.0307  tgt=0.0141  trans=0.0142  gain=-0.0000  |dz|=0.084  11.8 it/s
step   6400  L=0.1288  src=0.0852  tgt=0.0218  trans=0.0218  gain=-0.0000  |dz|=0.079  11.8 it/s
step   6450  L=0.0968  src=0.0497  tgt=0.0235  trans=0.0236  gain=-0.0001  |dz|=0.080  11.8 it/s
step   6500  L=0.1431  src=0.0751  tgt=0.0340  trans=0.0340  gain=+0.0000  |dz|=0.078  11.8 it/s
step   6550  L=0.1311  src=0.0702  tgt=0.0304  trans=0.0304  gain=-0.0000  |dz|=0.078  11.8 it/s
step   6600  L=0.1052  src=0.0631  tgt=0.0210  trans=0.0210  gain=+0.0000  |dz|=0.076  11.8 it/s
step   6650  L=0.1273  src=0.0842  tgt=0.0215  trans=0.0215  gain=-0.0000  |dz|=0.073  11.8 it/s
step   6700  L=0.1118  src=0.0664  tgt=0.0227  trans=0.0227  gain=+0.0000  |dz|=0.073  11.8 it/s
step   6750  L=0.0560  src=0.0225  tgt=0.0167  trans=0.0167  gain=+0.0000  |dz|=0.073  11.8 it/s
step   6800  L=0.1113  src=0.0601  tgt=0.0255  trans=0.0256  gain=-0.0000  |dz|=0.074  11.8 it/s
step   6850  L=0.1323  src=0.0729  tgt=0.0297  trans=0.0297  gain=-0.0000  |dz|=0.073  11.8 it/s
step   6900  L=0.1845  src=0.1212  tgt=0.0316  trans=0.0316  gain=+0.0000  |dz|=0.076  11.8 it/s
step   6950  L=0.1283  src=0.0582  tgt=0.0351  trans=0.0351  gain=-0.0000  |dz|=0.079  11.8 it/s
step   7000  L=0.0904  src=0.0430  tgt=0.0237  trans=0.0237  gain=-0.0000  |dz|=0.076  11.8 it/s
  [诊断 @ 7000] loss_correct=0.0229  loss_zero=0.0605  loss_shuffled=0.0229  loss_random=0.0633  loss_target_only=0.0229  r_basis=0.2409  |dz_transport|=0.0811  z_s_vs_enc_rel=0.2438  z_spread_rel=0.1315  gain_vs_zero=0.0376  gain_vs_shuffled=0.0000  gain_vs_target_only=0.0000
step   7050  L=0.1411  src=0.0925  tgt=0.0243  trans=0.0243  gain=+0.0000  |dz|=0.075  11.8 it/s
step   7100  L=0.1397  src=0.0743  tgt=0.0327  trans=0.0327  gain=+0.0000  |dz|=0.077  11.8 it/s
step   7150  L=0.1321  src=0.0797  tgt=0.0262  trans=0.0262  gain=-0.0000  |dz|=0.081  11.8 it/s
step   7200  L=0.1317  src=0.0821  tgt=0.0248  trans=0.0248  gain=+0.0000  |dz|=0.081  11.8 it/s
step   7250  L=0.0926  src=0.0473  tgt=0.0227  trans=0.0227  gain=+0.0000  |dz|=0.077  11.8 it/s
step   7300  L=0.1305  src=0.0708  tgt=0.0298  trans=0.0298  gain=+0.0000  |dz|=0.078  11.8 it/s
step   7350  L=0.1032  src=0.0598  tgt=0.0217  trans=0.0217  gain=+0.0000  |dz|=0.076  11.8 it/s
step   7400  L=0.1402  src=0.0772  tgt=0.0315  trans=0.0315  gain=-0.0000  |dz|=0.077  11.8 it/s
step   7450  L=0.1342  src=0.0862  tgt=0.0240  trans=0.0240  gain=+0.0000  |dz|=0.081  11.8 it/s
step   7500  L=0.1219  src=0.0581  tgt=0.0319  trans=0.0319  gain=+0.0000  |dz|=0.077  11.8 it/s
step   7550  L=0.1226  src=0.0658  tgt=0.0284  trans=0.0284  gain=-0.0000  |dz|=0.077  11.8 it/s
step   7600  L=0.1448  src=0.0994  tgt=0.0227  trans=0.0227  gain=-0.0000  |dz|=0.077  11.8 it/s
step   7650  L=0.1688  src=0.1148  tgt=0.0270  trans=0.0270  gain=+0.0000  |dz|=0.079  11.8 it/s
step   7700  L=0.0781  src=0.0401  tgt=0.0190  trans=0.0190  gain=+0.0000  |dz|=0.077  11.8 it/s
step   7750  L=0.1149  src=0.0812  tgt=0.0169  trans=0.0169  gain=-0.0000  |dz|=0.075  11.8 it/s
step   7800  L=0.0823  src=0.0355  tgt=0.0234  trans=0.0234  gain=-0.0000  |dz|=0.074  11.8 it/s
step   7850  L=0.0978  src=0.0573  tgt=0.0203  trans=0.0203  gain=-0.0000  |dz|=0.075  11.8 it/s
step   7900  L=0.1288  src=0.0702  tgt=0.0293  trans=0.0293  gain=+0.0000  |dz|=0.074  11.8 it/s
step   7950  L=0.0693  src=0.0298  tgt=0.0197  trans=0.0197  gain=-0.0000  |dz|=0.078  11.8 it/s
step   8000  L=0.1330  src=0.0889  tgt=0.0220  trans=0.0220  gain=-0.0000  |dz|=0.079  11.8 it/s
  [诊断 @ 8000] loss_correct=0.0296  loss_zero=0.0598  loss_shuffled=0.0296  loss_random=0.0605  loss_target_only=0.0296  r_basis=0.2100  |dz_transport|=0.0788  z_s_vs_enc_rel=0.3358  z_spread_rel=0.1227  gain_vs_zero=0.0302  gain_vs_shuffled=0.0000  gain_vs_target_only=0.0000
step   8050  L=0.1792  src=0.1077  tgt=0.0357  trans=0.0358  gain=-0.0001  |dz|=0.077  11.8 it/s
step   8100  L=0.0960  src=0.0419  tgt=0.0271  trans=0.0271  gain=+0.0000  |dz|=0.075  11.8 it/s
step   8150  L=0.1048  src=0.0379  tgt=0.0335  trans=0.0334  gain=+0.0001  |dz|=0.078  11.8 it/s
step   8200  L=0.1231  src=0.0407  tgt=0.0412  trans=0.0412  gain=+0.0000  |dz|=0.079  11.8 it/s
step   8250  L=0.1125  src=0.0515  tgt=0.0305  trans=0.0305  gain=+0.0000  |dz|=0.081  11.8 it/s
step   8300  L=0.1301  src=0.0849  tgt=0.0226  trans=0.0226  gain=+0.0000  |dz|=0.082  11.8 it/s
step   8350  L=0.0803  src=0.0462  tgt=0.0170  trans=0.0171  gain=-0.0001  |dz|=0.082  11.8 it/s
step   8400  L=0.0853  src=0.0438  tgt=0.0208  trans=0.0208  gain=-0.0000  |dz|=0.081  11.8 it/s
step   8450  L=0.0857  src=0.0456  tgt=0.0200  trans=0.0201  gain=-0.0000  |dz|=0.076  11.8 it/s
step   8500  L=0.1281  src=0.0776  tgt=0.0252  trans=0.0253  gain=-0.0001  |dz|=0.078  11.8 it/s
step   8550  L=0.1236  src=0.0653  tgt=0.0292  trans=0.0292  gain=-0.0000  |dz|=0.076  11.8 it/s
step   8600  L=0.1348  src=0.0738  tgt=0.0305  trans=0.0305  gain=+0.0000  |dz|=0.075  11.8 it/s
step   8650  L=0.1502  src=0.1044  tgt=0.0229  trans=0.0229  gain=-0.0000  |dz|=0.075  11.8 it/s
step   8700  L=0.0651  src=0.0423  tgt=0.0114  trans=0.0114  gain=+0.0000  |dz|=0.075  11.8 it/s
step   8750  L=0.1155  src=0.0596  tgt=0.0279  trans=0.0280  gain=-0.0000  |dz|=0.072  11.8 it/s
step   8800  L=0.0835  src=0.0353  tgt=0.0241  trans=0.0242  gain=-0.0000  |dz|=0.071  11.8 it/s
step   8850  L=0.1004  src=0.0513  tgt=0.0245  trans=0.0245  gain=-0.0000  |dz|=0.074  11.8 it/s
step   8900  L=0.1462  src=0.0767  tgt=0.0348  trans=0.0347  gain=+0.0001  |dz|=0.078  11.8 it/s
step   8950  L=0.0995  src=0.0360  tgt=0.0318  trans=0.0318  gain=+0.0000  |dz|=0.077  11.8 it/s
step   9000  L=0.1003  src=0.0548  tgt=0.0227  trans=0.0227  gain=+0.0000  |dz|=0.077  11.8 it/s
  [诊断 @ 9000] loss_correct=0.0272  loss_zero=0.0509  loss_shuffled=0.0272  loss_random=0.0525  loss_target_only=0.0272  r_basis=0.1823  |dz_transport|=0.0772  z_s_vs_enc_rel=0.3573  z_spread_rel=0.1266  gain_vs_zero=0.0237  gain_vs_shuffled=0.0000  gain_vs_target_only=0.0000
step   9050  L=0.1089  src=0.0674  tgt=0.0207  trans=0.0208  gain=-0.0000  |dz|=0.075  11.8 it/s
step   9100  L=0.1078  src=0.0429  tgt=0.0325  trans=0.0325  gain=-0.0000  |dz|=0.071  11.8 it/s
step   9150  L=0.0842  src=0.0337  tgt=0.0252  trans=0.0253  gain=-0.0000  |dz|=0.074  11.8 it/s
step   9200  L=0.0950  src=0.0423  tgt=0.0264  trans=0.0264  gain=+0.0000  |dz|=0.074  11.8 it/s
step   9250  L=0.1019  src=0.0395  tgt=0.0312  trans=0.0312  gain=+0.0001  |dz|=0.076  11.8 it/s
step   9300  L=0.1178  src=0.0537  tgt=0.0321  trans=0.0321  gain=+0.0000  |dz|=0.079  11.8 it/s
step   9350  L=0.1277  src=0.0622  tgt=0.0327  trans=0.0327  gain=+0.0000  |dz|=0.077  11.8 it/s
step   9400  L=0.0947  src=0.0401  tgt=0.0273  trans=0.0273  gain=+0.0000  |dz|=0.077  11.8 it/s
step   9450  L=0.1190  src=0.0716  tgt=0.0237  trans=0.0237  gain=-0.0000  |dz|=0.075  11.8 it/s
step   9500  L=0.0875  src=0.0479  tgt=0.0199  trans=0.0198  gain=+0.0001  |dz|=0.073  11.8 it/s
step   9550  L=0.1330  src=0.0847  tgt=0.0242  trans=0.0242  gain=+0.0000  |dz|=0.077  11.8 it/s
step   9600  L=0.0886  src=0.0478  tgt=0.0204  trans=0.0204  gain=-0.0000  |dz|=0.075  11.8 it/s
step   9650  L=0.1114  src=0.0669  tgt=0.0223  trans=0.0223  gain=-0.0000  |dz|=0.078  11.8 it/s
step   9700  L=0.1311  src=0.0697  tgt=0.0307  trans=0.0307  gain=+0.0000  |dz|=0.072  11.8 it/s
step   9750  L=0.1225  src=0.0579  tgt=0.0323  trans=0.0323  gain=+0.0000  |dz|=0.072  11.8 it/s
step   9800  L=0.0819  src=0.0367  tgt=0.0226  trans=0.0226  gain=+0.0000  |dz|=0.075  11.8 it/s
step   9850  L=0.1046  src=0.0645  tgt=0.0201  trans=0.0200  gain=+0.0001  |dz|=0.073  11.8 it/s
step   9900  L=0.1101  src=0.0642  tgt=0.0230  trans=0.0230  gain=-0.0000  |dz|=0.075  11.8 it/s
step   9950  L=0.1030  src=0.0429  tgt=0.0300  trans=0.0300  gain=-0.0000  |dz|=0.078  11.8 it/s
step  10000  L=0.0882  src=0.0527  tgt=0.0177  trans=0.0177  gain=+0.0000  |dz|=0.077  11.8 it/s
  [诊断 @ 10000] loss_correct=0.0289  loss_zero=0.0479  loss_shuffled=0.0289  loss_random=0.0494  loss_target_only=0.0289  r_basis=0.1599  |dz_transport|=0.0765  z_s_vs_enc_rel=0.4824  z_spread_rel=0.1120  gain_vs_zero=0.0190  gain_vs_shuffled=0.0000  gain_vs_target_only=0.0000
step  10050  L=0.0807  src=0.0397  tgt=0.0205  trans=0.0205  gain=-0.0000  |dz|=0.075  11.8 it/s
step  10100  L=0.1140  src=0.0672  tgt=0.0234  trans=0.0234  gain=+0.0000  |dz|=0.076  11.8 it/s
step  10150  L=0.1222  src=0.0513  tgt=0.0355  trans=0.0354  gain=+0.0000  |dz|=0.078  11.8 it/s
step  10200  L=0.0930  src=0.0563  tgt=0.0184  trans=0.0184  gain=-0.0000  |dz|=0.077  11.8 it/s
step  10250  L=0.0719  src=0.0369  tgt=0.0175  trans=0.0175  gain=+0.0000  |dz|=0.075  11.8 it/s
step  10300  L=0.1261  src=0.0575  tgt=0.0343  trans=0.0343  gain=-0.0000  |dz|=0.081  11.8 it/s
step  10350  L=0.0785  src=0.0376  tgt=0.0204  trans=0.0205  gain=-0.0000  |dz|=0.078  11.8 it/s
step  10400  L=0.0949  src=0.0460  tgt=0.0244  trans=0.0245  gain=-0.0000  |dz|=0.080  11.8 it/s
step  10450  L=0.0970  src=0.0402  tgt=0.0284  trans=0.0284  gain=-0.0000  |dz|=0.073  11.8 it/s
step  10500  L=0.1399  src=0.0630  tgt=0.0384  trans=0.0384  gain=-0.0000  |dz|=0.080  11.8 it/s
step  10550  L=0.1211  src=0.0534  tgt=0.0339  trans=0.0339  gain=+0.0000  |dz|=0.083  11.8 it/s
step  10600  L=0.1415  src=0.0800  tgt=0.0307  trans=0.0307  gain=+0.0000  |dz|=0.082  11.8 it/s
step  10650  L=0.1160  src=0.0570  tgt=0.0295  trans=0.0295  gain=+0.0000  |dz|=0.083  11.8 it/s
step  10700  L=0.0781  src=0.0364  tgt=0.0208  trans=0.0208  gain=-0.0000  |dz|=0.077  11.8 it/s
step  10750  L=0.1202  src=0.0428  tgt=0.0387  trans=0.0387  gain=+0.0000  |dz|=0.085  11.8 it/s
step  10800  L=0.1088  src=0.0587  tgt=0.0250  trans=0.0250  gain=-0.0000  |dz|=0.076  11.8 it/s
step  10850  L=0.1730  src=0.1057  tgt=0.0336  trans=0.0336  gain=-0.0000  |dz|=0.081  11.8 it/s
step  10900  L=0.0868  src=0.0364  tgt=0.0252  trans=0.0252  gain=+0.0000  |dz|=0.080  11.8 it/s
step  10950  L=0.1253  src=0.0627  tgt=0.0313  trans=0.0313  gain=+0.0000  |dz|=0.080  11.8 it/s
step  11000  L=0.1060  src=0.0479  tgt=0.0290  trans=0.0290  gain=+0.0000  |dz|=0.078  11.8 it/s
  [诊断 @ 11000] loss_correct=0.0218  loss_zero=0.0370  loss_shuffled=0.0218  loss_random=0.0374  loss_target_only=0.0218  r_basis=0.1408  |dz_transport|=0.0771  z_s_vs_enc_rel=0.4628  z_spread_rel=0.1738  gain_vs_zero=0.0152  gain_vs_shuffled=0.0000  gain_vs_target_only=0.0000
step  11050  L=0.1075  src=0.0598  tgt=0.0238  trans=0.0238  gain=+0.0000  |dz|=0.079  11.8 it/s
step  11100  L=0.0692  src=0.0338  tgt=0.0177  trans=0.0177  gain=+0.0000  |dz|=0.072  11.8 it/s
step  11150  L=0.1393  src=0.0582  tgt=0.0406  trans=0.0406  gain=+0.0001  |dz|=0.087  11.8 it/s
step  11200  L=0.0753  src=0.0320  tgt=0.0217  trans=0.0217  gain=+0.0000  |dz|=0.077  11.8 it/s
step  11250  L=0.0785  src=0.0440  tgt=0.0172  trans=0.0173  gain=-0.0001  |dz|=0.079  11.8 it/s
step  11300  L=0.1112  src=0.0673  tgt=0.0220  trans=0.0220  gain=-0.0000  |dz|=0.079  11.8 it/s
step  11350  L=0.0679  src=0.0333  tgt=0.0173  trans=0.0173  gain=+0.0000  |dz|=0.078  11.8 it/s
step  11400  L=0.1586  src=0.0829  tgt=0.0378  trans=0.0378  gain=-0.0000  |dz|=0.083  11.8 it/s
step  11450  L=0.1101  src=0.0508  tgt=0.0297  trans=0.0297  gain=+0.0000  |dz|=0.085  11.8 it/s
step  11500  L=0.1306  src=0.0690  tgt=0.0308  trans=0.0308  gain=+0.0000  |dz|=0.080  11.8 it/s
step  11550  L=0.1438  src=0.0792  tgt=0.0323  trans=0.0323  gain=+0.0000  |dz|=0.075  11.8 it/s
step  11600  L=0.1124  src=0.0599  tgt=0.0262  trans=0.0262  gain=+0.0000  |dz|=0.079  11.8 it/s
step  11650  L=0.0823  src=0.0453  tgt=0.0185  trans=0.0185  gain=+0.0000  |dz|=0.087  11.8 it/s
step  11700  L=0.1264  src=0.0887  tgt=0.0188  trans=0.0188  gain=+0.0000  |dz|=0.087  11.8 it/s
step  11750  L=0.1351  src=0.0694  tgt=0.0328  trans=0.0328  gain=+0.0000  |dz|=0.077  11.8 it/s
step  11800  L=0.1062  src=0.0653  tgt=0.0204  trans=0.0204  gain=+0.0000  |dz|=0.078  11.8 it/s
step  11850  L=0.0995  src=0.0474  tgt=0.0261  trans=0.0261  gain=-0.0000  |dz|=0.079  11.8 it/s
step  11900  L=0.0741  src=0.0330  tgt=0.0206  trans=0.0206  gain=+0.0000  |dz|=0.079  11.8 it/s
step  11950  L=0.1248  src=0.0705  tgt=0.0272  trans=0.0272  gain=+0.0000  |dz|=0.079  11.8 it/s
step  12000  L=0.1068  src=0.0525  tgt=0.0271  trans=0.0272  gain=-0.0000  |dz|=0.079  11.8 it/s
  [诊断 @ 12000] loss_correct=0.0298  loss_zero=0.0415  loss_shuffled=0.0298  loss_random=0.0430  loss_target_only=0.0298  r_basis=0.1232  |dz_transport|=0.0794  z_s_vs_enc_rel=0.6477  z_spread_rel=0.1621  gain_vs_zero=0.0117  gain_vs_shuffled=-0.0000  gain_vs_target_only=-0.0000
    ⚠ 跨 episode 打乱坐标后表现相当 —— 坐标与任务没有建立对应
step  12050  L=0.1073  src=0.0637  tgt=0.0218  trans=0.0218  gain=+0.0000  |dz|=0.088  11.8 it/s
step  12100  L=0.0901  src=0.0457  tgt=0.0222  trans=0.0222  gain=-0.0000  |dz|=0.085  11.8 it/s
step  12150  L=0.1316  src=0.0930  tgt=0.0193  trans=0.0193  gain=+0.0000  |dz|=0.094  11.8 it/s
step  12200  L=0.1337  src=0.0663  tgt=0.0337  trans=0.0337  gain=-0.0000  |dz|=0.099  11.8 it/s
step  12250  L=0.2055  src=0.1101  tgt=0.0477  trans=0.0477  gain=+0.0000  |dz|=0.094  11.8 it/s
step  12300  L=0.1606  src=0.0871  tgt=0.0367  trans=0.0367  gain=+0.0000  |dz|=0.086  11.8 it/s
step  12350  L=0.1018  src=0.0521  tgt=0.0249  trans=0.0248  gain=+0.0000  |dz|=0.093  11.8 it/s
step  12400  L=0.0895  src=0.0475  tgt=0.0210  trans=0.0210  gain=-0.0000  |dz|=0.090  11.8 it/s
step  12450  L=0.1353  src=0.0523  tgt=0.0415  trans=0.0415  gain=+0.0000  |dz|=0.093  11.8 it/s
step  12500  L=0.1458  src=0.0753  tgt=0.0353  trans=0.0353  gain=+0.0000  |dz|=0.090  11.8 it/s
step  12550  L=0.0942  src=0.0401  tgt=0.0271  trans=0.0271  gain=+0.0000  |dz|=0.088  11.8 it/s
step  12600  L=0.1136  src=0.0602  tgt=0.0267  trans=0.0267  gain=-0.0000  |dz|=0.086  11.8 it/s
step  12650  L=0.1091  src=0.0423  tgt=0.0334  trans=0.0334  gain=-0.0000  |dz|=0.090  11.8 it/s
step  12700  L=0.1231  src=0.0697  tgt=0.0267  trans=0.0267  gain=-0.0000  |dz|=0.077  11.8 it/s
step  12750  L=0.1111  src=0.0544  tgt=0.0284  trans=0.0284  gain=+0.0000  |dz|=0.088  11.8 it/s
step  12800  L=0.0991  src=0.0473  tgt=0.0259  trans=0.0259  gain=+0.0000  |dz|=0.079  11.8 it/s
step  12850  L=0.0789  src=0.0312  tgt=0.0238  trans=0.0238  gain=-0.0000  |dz|=0.080  11.8 it/s
step  12900  L=0.1337  src=0.0645  tgt=0.0346  trans=0.0346  gain=-0.0000  |dz|=0.084  11.8 it/s
step  12950  L=0.1084  src=0.0391  tgt=0.0346  trans=0.0347  gain=-0.0000  |dz|=0.085  11.8 it/s
step  13000  L=0.1042  src=0.0511  tgt=0.0265  trans=0.0266  gain=-0.0000  |dz|=0.077  11.8 it/s
  [诊断 @ 13000] loss_correct=0.0316  loss_zero=0.0409  loss_shuffled=0.0317  loss_random=0.0413  loss_target_only=0.0316  r_basis=0.1075  |dz_transport|=0.0840  z_s_vs_enc_rel=0.7360  z_spread_rel=0.1851  gain_vs_zero=0.0093  gain_vs_shuffled=0.0000  gain_vs_target_only=0.0000
step  13050  L=0.0941  src=0.0441  tgt=0.0250  trans=0.0250  gain=-0.0000  |dz|=0.079  11.8 it/s
step  13100  L=0.0786  src=0.0415  tgt=0.0186  trans=0.0186  gain=-0.0000  |dz|=0.084  11.8 it/s
step  13150  L=0.0914  src=0.0424  tgt=0.0245  trans=0.0245  gain=-0.0000  |dz|=0.084  11.8 it/s
step  13200  L=0.0997  src=0.0439  tgt=0.0279  trans=0.0279  gain=+0.0000  |dz|=0.078  11.8 it/s
step  13250  L=0.1189  src=0.0553  tgt=0.0318  trans=0.0317  gain=+0.0000  |dz|=0.088  11.8 it/s
step  13300  L=0.0719  src=0.0358  tgt=0.0180  trans=0.0181  gain=-0.0001  |dz|=0.077  11.8 it/s
step  13350  L=0.0880  src=0.0478  tgt=0.0201  trans=0.0201  gain=-0.0000  |dz|=0.084  11.8 it/s
step  13400  L=0.0914  src=0.0500  tgt=0.0207  trans=0.0207  gain=+0.0000  |dz|=0.087  11.8 it/s
step  13450  L=0.0877  src=0.0432  tgt=0.0222  trans=0.0223  gain=-0.0000  |dz|=0.091  11.8 it/s
step  13500  L=0.1068  src=0.0564  tgt=0.0252  trans=0.0252  gain=+0.0000  |dz|=0.086  11.8 it/s
step  13550  L=0.1422  src=0.0905  tgt=0.0259  trans=0.0259  gain=+0.0000  |dz|=0.090  11.8 it/s
step  13600  L=0.1088  src=0.0796  tgt=0.0146  trans=0.0146  gain=+0.0000  |dz|=0.085  11.8 it/s
step  13650  L=0.0967  src=0.0442  tgt=0.0263  trans=0.0263  gain=-0.0000  |dz|=0.088  11.8 it/s
step  13700  L=0.1412  src=0.0846  tgt=0.0283  trans=0.0283  gain=-0.0000  |dz|=0.093  11.8 it/s
step  13750  L=0.1026  src=0.0577  tgt=0.0224  trans=0.0225  gain=-0.0001  |dz|=0.091  11.8 it/s
step  13800  L=0.0849  src=0.0473  tgt=0.0188  trans=0.0187  gain=+0.0001  |dz|=0.087  11.8 it/s
step  13850  L=0.1550  src=0.0617  tgt=0.0466  trans=0.0466  gain=+0.0000  |dz|=0.097  11.8 it/s
step  13900  L=0.0618  src=0.0272  tgt=0.0173  trans=0.0173  gain=-0.0000  |dz|=0.080  11.8 it/s
step  13950  L=0.1062  src=0.0509  tgt=0.0277  trans=0.0277  gain=-0.0000  |dz|=0.093  11.8 it/s
step  14000  L=0.0794  src=0.0402  tgt=0.0196  trans=0.0196  gain=-0.0000  |dz|=0.079  11.8 it/s
  [诊断 @ 14000] loss_correct=0.0278  loss_zero=0.0346  loss_shuffled=0.0278  loss_random=0.0351  loss_target_only=0.0278  r_basis=0.0919  |dz_transport|=0.0858  z_s_vs_enc_rel=0.8748  z_spread_rel=0.2725  gain_vs_zero=0.0068  gain_vs_shuffled=0.0000  gain_vs_target_only=0.0000
step  14050  L=0.0988  src=0.0659  tgt=0.0164  trans=0.0164  gain=-0.0000  |dz|=0.081  11.8 it/s
step  14100  L=0.1524  src=0.0710  tgt=0.0407  trans=0.0406  gain=+0.0001  |dz|=0.097  11.8 it/s
step  14150  L=0.1189  src=0.0583  tgt=0.0303  trans=0.0303  gain=+0.0000  |dz|=0.099  11.8 it/s
step  14200  L=0.0874  src=0.0435  tgt=0.0220  trans=0.0219  gain=+0.0001  |dz|=0.099  11.8 it/s
step  14250  L=0.0797  src=0.0399  tgt=0.0199  trans=0.0199  gain=-0.0000  |dz|=0.081  11.8 it/s
step  14300  L=0.1315  src=0.0733  tgt=0.0291  trans=0.0291  gain=-0.0000  |dz|=0.089  11.8 it/s
step  14350  L=0.1180  src=0.0681  tgt=0.0250  trans=0.0249  gain=+0.0000  |dz|=0.097  11.8 it/s
step  14400  L=0.0723  src=0.0408  tgt=0.0158  trans=0.0158  gain=+0.0000  |dz|=0.097  11.8 it/s
step  14450  L=0.0986  src=0.0661  tgt=0.0163  trans=0.0163  gain=+0.0000  |dz|=0.099  11.8 it/s
step  14500  L=0.0763  src=0.0373  tgt=0.0195  trans=0.0195  gain=+0.0000  |dz|=0.096  11.8 it/s
step  14550  L=0.0697  src=0.0273  tgt=0.0212  trans=0.0212  gain=+0.0000  |dz|=0.093  11.8 it/s
step  14600  L=0.0998  src=0.0408  tgt=0.0295  trans=0.0295  gain=+0.0000  |dz|=0.088  11.8 it/s
step  14650  L=0.0899  src=0.0380  tgt=0.0260  trans=0.0260  gain=+0.0000  |dz|=0.084  11.8 it/s
step  14700  L=0.1017  src=0.0647  tgt=0.0185  trans=0.0185  gain=+0.0000  |dz|=0.096  11.8 it/s
step  14750  L=0.1344  src=0.0712  tgt=0.0316  trans=0.0316  gain=+0.0000  |dz|=0.098  11.8 it/s
step  14800  L=0.1116  src=0.0454  tgt=0.0331  trans=0.0331  gain=+0.0000  |dz|=0.087  11.8 it/s
step  14850  L=0.1067  src=0.0531  tgt=0.0268  trans=0.0268  gain=-0.0000  |dz|=0.097  11.8 it/s
step  14900  L=0.0878  src=0.0486  tgt=0.0196  trans=0.0196  gain=+0.0000  |dz|=0.097  11.8 it/s
step  14950  L=0.1585  src=0.0910  tgt=0.0338  trans=0.0337  gain=+0.0000  |dz|=0.101  11.8 it/s
step  15000  L=0.1064  src=0.0603  tgt=0.0231  trans=0.0230  gain=+0.0000  |dz|=0.098  11.8 it/s
  [诊断 @ 15000] loss_correct=0.0255  loss_zero=0.0305  loss_shuffled=0.0255  loss_random=0.0309  loss_target_only=0.0255  r_basis=0.0782  |dz_transport|=0.0893  z_s_vs_enc_rel=0.9919  z_spread_rel=0.2177  gain_vs_zero=0.0050  gain_vs_shuffled=0.0000  gain_vs_target_only=0.0000
step  15050  L=0.1282  src=0.0956  tgt=0.0163  trans=0.0163  gain=+0.0000  |dz|=0.095  11.8 it/s
step  15100  L=0.1063  src=0.0310  tgt=0.0377  trans=0.0376  gain=+0.0001  |dz|=0.094  11.8 it/s
step  15150  L=0.0700  src=0.0227  tgt=0.0236  trans=0.0236  gain=-0.0000  |dz|=0.086  11.8 it/s
step  15200  L=0.0838  src=0.0437  tgt=0.0200  trans=0.0200  gain=+0.0000  |dz|=0.093  11.8 it/s
step  15250  L=0.1192  src=0.0793  tgt=0.0199  trans=0.0200  gain=-0.0000  |dz|=0.095  11.8 it/s
step  15300  L=0.1068  src=0.0636  tgt=0.0216  trans=0.0216  gain=-0.0000  |dz|=0.106  11.8 it/s
step  15350  L=0.1312  src=0.0611  tgt=0.0350  trans=0.0350  gain=-0.0000  |dz|=0.093  11.8 it/s
step  15400  L=0.0847  src=0.0445  tgt=0.0201  trans=0.0201  gain=+0.0000  |dz|=0.105  11.8 it/s
step  15450  L=0.1384  src=0.0558  tgt=0.0413  trans=0.0413  gain=+0.0000  |dz|=0.100  11.8 it/s
step  15500  L=0.1039  src=0.0625  tgt=0.0207  trans=0.0207  gain=+0.0000  |dz|=0.096  11.8 it/s
step  15550  L=0.1022  src=0.0496  tgt=0.0263  trans=0.0263  gain=+0.0000  |dz|=0.105  11.9 it/s
step  15600  L=0.0881  src=0.0462  tgt=0.0210  trans=0.0209  gain=+0.0000  |dz|=0.104  11.9 it/s
step  15650  L=0.1429  src=0.0726  tgt=0.0352  trans=0.0351  gain=+0.0000  |dz|=0.096  11.9 it/s
step  15700  L=0.0704  src=0.0301  tgt=0.0202  trans=0.0201  gain=+0.0000  |dz|=0.085  11.9 it/s
step  15750  L=0.1711  src=0.0798  tgt=0.0456  trans=0.0456  gain=-0.0000  |dz|=0.099  11.9 it/s
step  15800  L=0.1406  src=0.0842  tgt=0.0282  trans=0.0283  gain=-0.0000  |dz|=0.086  11.9 it/s
step  15850  L=0.1327  src=0.0849  tgt=0.0238  trans=0.0239  gain=-0.0000  |dz|=0.091  11.9 it/s
step  15900  L=0.1575  src=0.0915  tgt=0.0330  trans=0.0330  gain=+0.0000  |dz|=0.108  11.9 it/s
step  15950  L=0.0960  src=0.0506  tgt=0.0227  trans=0.0227  gain=-0.0000  |dz|=0.093  11.9 it/s
step  16000  L=0.0782  src=0.0429  tgt=0.0176  trans=0.0176  gain=-0.0000  |dz|=0.081  11.9 it/s
  [诊断 @ 16000] loss_correct=0.0248  loss_zero=0.0284  loss_shuffled=0.0248  loss_random=0.0289  loss_target_only=0.0248  r_basis=0.0663  |dz_transport|=0.0917  z_s_vs_enc_rel=1.1667  z_spread_rel=0.2269  gain_vs_zero=0.0036  gain_vs_shuffled=-0.0000  gain_vs_target_only=0.0000
    ⚠ 跨 episode 打乱坐标后表现相当 —— 坐标与任务没有建立对应
step  16050  L=0.0968  src=0.0523  tgt=0.0223  trans=0.0222  gain=+0.0000  |dz|=0.083  11.8 it/s
step  16100  L=0.1114  src=0.0539  tgt=0.0288  trans=0.0288  gain=+0.0000  |dz|=0.096  11.8 it/s
step  16150  L=0.0997  src=0.0489  tgt=0.0254  trans=0.0254  gain=-0.0000  |dz|=0.102  11.8 it/s
step  16200  L=0.0847  src=0.0426  tgt=0.0211  trans=0.0211  gain=+0.0000  |dz|=0.083  11.9 it/s
step  16250  L=0.1196  src=0.0613  tgt=0.0291  trans=0.0291  gain=-0.0000  |dz|=0.096  11.9 it/s
step  16300  L=0.1124  src=0.0692  tgt=0.0216  trans=0.0216  gain=+0.0000  |dz|=0.084  11.9 it/s
step  16350  L=0.0743  src=0.0395  tgt=0.0174  trans=0.0174  gain=+0.0000  |dz|=0.086  11.9 it/s
step  16400  L=0.1329  src=0.0724  tgt=0.0302  trans=0.0302  gain=+0.0000  |dz|=0.094  11.9 it/s
step  16450  L=0.0915  src=0.0481  tgt=0.0217  trans=0.0217  gain=-0.0000  |dz|=0.089  11.9 it/s
step  16500  L=0.1391  src=0.0871  tgt=0.0260  trans=0.0260  gain=-0.0000  |dz|=0.080  11.9 it/s
step  16550  L=0.0587  src=0.0244  tgt=0.0171  trans=0.0171  gain=+0.0000  |dz|=0.077  11.9 it/s
step  16600  L=0.1449  src=0.0938  tgt=0.0255  trans=0.0255  gain=-0.0000  |dz|=0.097  11.9 it/s
step  16650  L=0.1111  src=0.0619  tgt=0.0246  trans=0.0246  gain=+0.0000  |dz|=0.092  11.9 it/s
step  16700  L=0.1198  src=0.0547  tgt=0.0325  trans=0.0325  gain=-0.0000  |dz|=0.099  11.9 it/s
step  16750  L=0.1183  src=0.0635  tgt=0.0274  trans=0.0274  gain=-0.0000  |dz|=0.094  11.9 it/s
step  16800  L=0.0627  src=0.0343  tgt=0.0142  trans=0.0142  gain=-0.0001  |dz|=0.089  11.9 it/s
step  16850  L=0.0795  src=0.0375  tgt=0.0210  trans=0.0210  gain=+0.0000  |dz|=0.092  11.9 it/s
step  16900  L=0.1239  src=0.0634  tgt=0.0303  trans=0.0303  gain=+0.0000  |dz|=0.093  11.9 it/s
step  16950  L=0.1173  src=0.0385  tgt=0.0394  trans=0.0394  gain=+0.0000  |dz|=0.096  11.9 it/s
step  17000  L=0.1223  src=0.0751  tgt=0.0236  trans=0.0236  gain=+0.0000  |dz|=0.098  11.9 it/s
  [诊断 @ 17000] loss_correct=0.0257  loss_zero=0.0283  loss_shuffled=0.0257  loss_random=0.0286  loss_target_only=0.0257  r_basis=0.0557  |dz_transport|=0.0920  z_s_vs_enc_rel=1.1610  z_spread_rel=0.2032  gain_vs_zero=0.0026  gain_vs_shuffled=0.0000  gain_vs_target_only=0.0000
step  17050  L=0.1178  src=0.0616  tgt=0.0281  trans=0.0280  gain=+0.0000  |dz|=0.095  11.9 it/s
step  17100  L=0.0768  src=0.0352  tgt=0.0208  trans=0.0208  gain=-0.0000  |dz|=0.087  11.9 it/s
step  17150  L=0.0729  src=0.0418  tgt=0.0156  trans=0.0155  gain=+0.0000  |dz|=0.115  11.9 it/s
step  17200  L=0.1198  src=0.0588  tgt=0.0305  trans=0.0305  gain=-0.0000  |dz|=0.101  11.9 it/s
step  17250  L=0.1065  src=0.0719  tgt=0.0173  trans=0.0173  gain=+0.0000  |dz|=0.084  11.9 it/s
step  17300  L=0.1384  src=0.0712  tgt=0.0336  trans=0.0336  gain=+0.0000  |dz|=0.099  11.9 it/s
step  17350  L=0.0645  src=0.0364  tgt=0.0140  trans=0.0141  gain=-0.0000  |dz|=0.082  11.9 it/s
step  17400  L=0.0865  src=0.0503  tgt=0.0181  trans=0.0181  gain=-0.0001  |dz|=0.095  11.9 it/s
step  17450  L=0.1027  src=0.0412  tgt=0.0307  trans=0.0307  gain=-0.0000  |dz|=0.100  11.9 it/s
step  17500  L=0.1287  src=0.0648  tgt=0.0319  trans=0.0319  gain=-0.0000  |dz|=0.102  11.9 it/s
step  17550  L=0.1184  src=0.0617  tgt=0.0284  trans=0.0283  gain=+0.0000  |dz|=0.094  11.9 it/s
step  17600  L=0.0920  src=0.0421  tgt=0.0250  trans=0.0250  gain=+0.0000  |dz|=0.074  11.9 it/s
step  17650  L=0.1172  src=0.0682  tgt=0.0245  trans=0.0245  gain=+0.0000  |dz|=0.091  11.9 it/s
step  17700  L=0.1177  src=0.0740  tgt=0.0218  trans=0.0218  gain=+0.0000  |dz|=0.091  11.9 it/s
step  17750  L=0.1074  src=0.0607  tgt=0.0234  trans=0.0233  gain=+0.0001  |dz|=0.105  11.9 it/s
step  17800  L=0.1543  src=0.0947  tgt=0.0298  trans=0.0298  gain=-0.0000  |dz|=0.113  11.9 it/s
step  17850  L=0.0897  src=0.0604  tgt=0.0147  trans=0.0147  gain=-0.0000  |dz|=0.090  11.9 it/s
step  17900  L=0.0947  src=0.0388  tgt=0.0280  trans=0.0280  gain=+0.0000  |dz|=0.092  11.9 it/s
step  17950  L=0.1367  src=0.0705  tgt=0.0331  trans=0.0331  gain=+0.0000  |dz|=0.096  11.9 it/s
step  18000  L=0.1193  src=0.0572  tgt=0.0311  trans=0.0310  gain=+0.0000  |dz|=0.088  11.9 it/s
  [诊断 @ 18000] loss_correct=0.0285  loss_zero=0.0301  loss_shuffled=0.0285  loss_random=0.0303  loss_target_only=0.0285  r_basis=0.0448  |dz_transport|=0.0950  z_s_vs_enc_rel=1.3116  z_spread_rel=0.2362  gain_vs_zero=0.0016  gain_vs_shuffled=0.0000  gain_vs_target_only=0.0000
step  18050  L=0.0924  src=0.0450  tgt=0.0237  trans=0.0237  gain=+0.0001  |dz|=0.087  11.9 it/s
step  18100  L=0.1228  src=0.0534  tgt=0.0347  trans=0.0347  gain=-0.0000  |dz|=0.101  11.9 it/s
step  18150  L=0.0849  src=0.0302  tgt=0.0273  trans=0.0273  gain=-0.0000  |dz|=0.089  11.9 it/s
step  18200  L=0.1149  src=0.0757  tgt=0.0196  trans=0.0196  gain=-0.0000  |dz|=0.091  11.9 it/s
step  18250  L=0.0932  src=0.0513  tgt=0.0209  trans=0.0210  gain=-0.0000  |dz|=0.092  11.9 it/s
step  18300  L=0.0990  src=0.0700  tgt=0.0145  trans=0.0145  gain=-0.0000  |dz|=0.094  11.9 it/s
step  18350  L=0.1035  src=0.0628  tgt=0.0204  trans=0.0204  gain=+0.0000  |dz|=0.092  11.9 it/s
step  18400  L=0.1006  src=0.0542  tgt=0.0232  trans=0.0232  gain=-0.0000  |dz|=0.089  11.9 it/s
step  18450  L=0.1289  src=0.0865  tgt=0.0212  trans=0.0212  gain=-0.0000  |dz|=0.091  11.9 it/s
step  18500  L=0.1227  src=0.0499  tgt=0.0364  trans=0.0364  gain=+0.0000  |dz|=0.088  11.9 it/s
step  18550  L=0.1155  src=0.0627  tgt=0.0264  trans=0.0264  gain=+0.0000  |dz|=0.097  11.9 it/s
step  18600  L=0.0927  src=0.0450  tgt=0.0238  trans=0.0239  gain=-0.0000  |dz|=0.087  11.9 it/s
step  18650  L=0.0852  src=0.0484  tgt=0.0184  trans=0.0184  gain=+0.0000  |dz|=0.086  11.9 it/s
step  18700  L=0.0545  src=0.0247  tgt=0.0149  trans=0.0149  gain=+0.0000  |dz|=0.081  11.9 it/s
step  18750  L=0.0783  src=0.0385  tgt=0.0199  trans=0.0199  gain=+0.0000  |dz|=0.088  11.9 it/s
step  18800  L=0.0631  src=0.0220  tgt=0.0206  trans=0.0205  gain=+0.0000  |dz|=0.081  11.9 it/s
step  18850  L=0.1026  src=0.0508  tgt=0.0259  trans=0.0259  gain=-0.0000  |dz|=0.084  11.8 it/s
step  18900  L=0.1001  src=0.0345  tgt=0.0328  trans=0.0328  gain=+0.0000  |dz|=0.085  11.8 it/s
step  18950  L=0.1327  src=0.0826  tgt=0.0250  trans=0.0250  gain=-0.0000  |dz|=0.081  11.8 it/s
step  19000  L=0.1064  src=0.0567  tgt=0.0249  trans=0.0249  gain=+0.0000  |dz|=0.098  11.8 it/s
  [诊断 @ 19000] loss_correct=0.0282  loss_zero=0.0293  loss_shuffled=0.0282  loss_random=0.0295  loss_target_only=0.0282  r_basis=0.0356  |dz_transport|=0.0928  z_s_vs_enc_rel=1.2865  z_spread_rel=0.2654  gain_vs_zero=0.0011  gain_vs_shuffled=0.0000  gain_vs_target_only=0.0000
step  19050  L=0.1210  src=0.0732  tgt=0.0238  trans=0.0239  gain=-0.0001  |dz|=0.093  11.8 it/s
step  19100  L=0.0996  src=0.0531  tgt=0.0233  trans=0.0233  gain=+0.0000  |dz|=0.090  11.8 it/s
step  19150  L=0.1214  src=0.0482  tgt=0.0366  trans=0.0366  gain=-0.0000  |dz|=0.082  11.8 it/s
step  19200  L=0.1069  src=0.0557  tgt=0.0256  trans=0.0256  gain=-0.0000  |dz|=0.082  11.8 it/s
step  19250  L=0.0863  src=0.0339  tgt=0.0262  trans=0.0262  gain=-0.0000  |dz|=0.085  11.8 it/s
step  19300  L=0.1145  src=0.0660  tgt=0.0242  trans=0.0242  gain=-0.0000  |dz|=0.090  11.8 it/s
step  19350  L=0.1245  src=0.0810  tgt=0.0217  trans=0.0217  gain=+0.0000  |dz|=0.090  11.8 it/s
step  19400  L=0.1148  src=0.0700  tgt=0.0224  trans=0.0224  gain=+0.0001  |dz|=0.091  11.8 it/s
step  19450  L=0.0958  src=0.0516  tgt=0.0221  trans=0.0221  gain=+0.0000  |dz|=0.086  11.8 it/s
step  19500  L=0.1453  src=0.0606  tgt=0.0423  trans=0.0423  gain=-0.0000  |dz|=0.090  11.8 it/s
step  19550  L=0.1057  src=0.0577  tgt=0.0240  trans=0.0240  gain=+0.0000  |dz|=0.079  11.8 it/s
step  19600  L=0.1212  src=0.0697  tgt=0.0257  trans=0.0257  gain=+0.0000  |dz|=0.092  11.8 it/s
step  19650  L=0.1265  src=0.0768  tgt=0.0248  trans=0.0248  gain=+0.0000  |dz|=0.089  11.8 it/s
step  19700  L=0.1129  src=0.0555  tgt=0.0287  trans=0.0287  gain=-0.0000  |dz|=0.096  11.8 it/s
step  19750  L=0.0908  src=0.0546  tgt=0.0181  trans=0.0181  gain=-0.0000  |dz|=0.088  11.8 it/s
step  19800  L=0.1093  src=0.0546  tgt=0.0274  trans=0.0273  gain=+0.0000  |dz|=0.089  11.8 it/s
step  19850  L=0.1074  src=0.0452  tgt=0.0311  trans=0.0310  gain=+0.0001  |dz|=0.087  11.8 it/s
step  19900  L=0.1063  src=0.0432  tgt=0.0316  trans=0.0316  gain=+0.0000  |dz|=0.084  11.8 it/s
step  19950  L=0.1192  src=0.0715  tgt=0.0239  trans=0.0238  gain=+0.0000  |dz|=0.084  11.8 it/s
step  20000  L=0.0921  src=0.0554  tgt=0.0184  trans=0.0183  gain=+0.0000  |dz|=0.084  11.8 it/s
  [诊断 @ 20000] loss_correct=0.0228  loss_zero=0.0235  loss_shuffled=0.0228  loss_random=0.0237  loss_target_only=0.0228  r_basis=0.0286  |dz_transport|=0.0867  z_s_vs_enc_rel=1.3584  z_spread_rel=0.3180  gain_vs_zero=0.0007  gain_vs_shuffled=0.0000  gain_vs_target_only=0.0000
  已保存 C:\T1D Meta Learning\code\python\meta-diffusion\checkpoints\ds_k16_step20000.pt

完成,用时 28.3 分钟。日志: C:\T1D Meta Learning\code\python\meta-diffusion\checkpoints\ds_k16_log.jsonl
===== k=32 =====
device cuda | backbone small_unet | k=32
φ 27.85M + encoder 0.33M + transport 8.4K
training episode combinations 300 | 20000 steps

step      1  L=3.3056  src=1.0963  tgt=1.1047  trans=1.1046  gain=+0.0000  |dz|=0.020  1.6 it/s
step     50  L=1.0324  src=0.3560  tgt=0.3385  trans=0.3377  gain=+0.0008  |dz|=0.027  10.4 it/s
step    100  L=0.5115  src=0.1988  tgt=0.1562  trans=0.1561  gain=+0.0001  |dz|=0.039  11.1 it/s
step    150  L=0.2961  src=0.1350  tgt=0.0800  trans=0.0802  gain=-0.0002  |dz|=0.057  11.3 it/s
step    200  L=0.2498  src=0.1179  tgt=0.0661  trans=0.0649  gain=+0.0011  |dz|=0.065  11.5 it/s
step    250  L=0.2208  src=0.0910  tgt=0.0645  trans=0.0644  gain=+0.0002  |dz|=0.073  11.5 it/s
step    300  L=0.3006  src=0.0904  tgt=0.1052  trans=0.1042  gain=+0.0010  |dz|=0.076  11.6 it/s
step    350  L=0.2229  src=0.0882  tgt=0.0670  trans=0.0671  gain=-0.0001  |dz|=0.078  11.6 it/s
step    400  L=0.1798  src=0.0792  tgt=0.0503  trans=0.0499  gain=+0.0004  |dz|=0.107  11.7 it/s
step    450  L=0.1666  src=0.0424  tgt=0.0631  trans=0.0606  gain=+0.0026  |dz|=0.165  11.7 it/s
step    500  L=0.2270  src=0.0941  tgt=0.0665  trans=0.0660  gain=+0.0005  |dz|=0.177  11.7 it/s
step    550  L=0.1576  src=0.0847  tgt=0.0363  trans=0.0364  gain=-0.0001  |dz|=0.165  11.7 it/s
step    600  L=0.1924  src=0.0916  tgt=0.0506  trans=0.0500  gain=+0.0006  |dz|=0.185  11.7 it/s
step    650  L=0.2235  src=0.1424  tgt=0.0402  trans=0.0407  gain=-0.0005  |dz|=0.184  11.7 it/s
step    700  L=0.1822  src=0.0844  tgt=0.0490  trans=0.0486  gain=+0.0004  |dz|=0.181  11.7 it/s
step    750  L=0.1308  src=0.0742  tgt=0.0282  trans=0.0282  gain=+0.0000  |dz|=0.176  11.8 it/s
step    800  L=0.1989  src=0.1014  tgt=0.0488  trans=0.0485  gain=+0.0003  |dz|=0.183  11.8 it/s
step    850  L=0.1703  src=0.1003  tgt=0.0349  trans=0.0350  gain=-0.0001  |dz|=0.183  11.8 it/s
step    900  L=0.1877  src=0.1149  tgt=0.0363  trans=0.0364  gain=-0.0001  |dz|=0.184  11.8 it/s
step    950  L=0.0711  src=0.0356  tgt=0.0178  trans=0.0176  gain=+0.0002  |dz|=0.194  11.8 it/s
step   1000  L=0.1474  src=0.0802  tgt=0.0336  trans=0.0335  gain=+0.0001  |dz|=0.198  11.8 it/s
  [diagnostics @ 1000] loss_correct=0.1160  loss_zero=0.2210  loss_shuffled=0.1160  loss_random=0.2211  loss_target_only=0.1161  r_basis=0.3072  |dz_transport|=0.0742  z_s_vs_enc_rel=0.0693  z_spread_rel=0.0423  gain_vs_zero=0.1050  gain_vs_shuffled=-0.0000  gain_vs_target_only=0.0002
    ⚠ coordinate collapse: relative spacing of z across episodes is only 0.042 (threshold 0.05) -- the encoder emits a near-constant, so gain_vs_zero reflects the basis acting as shared capacity, not task specificity
step   1050  L=0.1086  src=0.0517  tgt=0.0285  trans=0.0283  gain=+0.0002  |dz|=0.180  11.7 it/s
step   1100  L=0.1666  src=0.0809  tgt=0.0428  trans=0.0428  gain=-0.0000  |dz|=0.177  11.7 it/s
step   1150  L=0.1628  src=0.0858  tgt=0.0385  trans=0.0384  gain=+0.0001  |dz|=0.186  11.7 it/s
step   1200  L=0.1519  src=0.0885  tgt=0.0317  trans=0.0317  gain=-0.0000  |dz|=0.185  11.8 it/s
step   1250  L=0.1258  src=0.0522  tgt=0.0368  trans=0.0367  gain=+0.0000  |dz|=0.179  11.8 it/s
step   1300  L=0.1222  src=0.0638  tgt=0.0294  trans=0.0289  gain=+0.0005  |dz|=0.177  11.8 it/s
step   1350  L=0.0967  src=0.0441  tgt=0.0262  trans=0.0262  gain=-0.0000  |dz|=0.174  11.8 it/s
step   1400  L=0.0872  src=0.0376  tgt=0.0247  trans=0.0247  gain=+0.0000  |dz|=0.177  11.8 it/s
step   1450  L=0.1169  src=0.0684  tgt=0.0242  trans=0.0242  gain=+0.0000  |dz|=0.190  11.8 it/s
step   1500  L=0.1085  src=0.0438  tgt=0.0323  trans=0.0323  gain=+0.0000  |dz|=0.187  11.8 it/s
step   1550  L=0.0746  src=0.0347  tgt=0.0200  trans=0.0199  gain=+0.0000  |dz|=0.185  11.8 it/s
step   1600  L=0.1257  src=0.0813  tgt=0.0222  trans=0.0222  gain=+0.0000  |dz|=0.176  11.8 it/s
step   1650  L=0.1524  src=0.0559  tgt=0.0482  trans=0.0481  gain=+0.0001  |dz|=0.190  11.8 it/s
step   1700  L=0.1234  src=0.0711  tgt=0.0261  trans=0.0261  gain=+0.0000  |dz|=0.185  11.8 it/s
step   1750  L=0.1164  src=0.0658  tgt=0.0253  trans=0.0253  gain=+0.0000  |dz|=0.199  11.8 it/s
step   1800  L=0.1301  src=0.0454  tgt=0.0424  trans=0.0422  gain=+0.0001  |dz|=0.201  11.8 it/s
step   1850  L=0.1114  src=0.0596  tgt=0.0259  trans=0.0258  gain=+0.0000  |dz|=0.199  11.8 it/s
step   1900  L=0.1542  src=0.0823  tgt=0.0358  trans=0.0359  gain=-0.0001  |dz|=0.196  11.8 it/s
step   1950  L=0.1469  src=0.0737  tgt=0.0366  trans=0.0365  gain=+0.0000  |dz|=0.188  11.8 it/s
step   2000  L=0.1184  src=0.0567  tgt=0.0307  trans=0.0309  gain=-0.0002  |dz|=0.195  11.8 it/s
  [diagnostics @ 2000] loss_correct=0.0515  loss_zero=0.1535  loss_shuffled=0.0516  loss_random=0.1591  loss_target_only=0.0517  r_basis=0.4507  |dz_transport|=0.1398  z_s_vs_enc_rel=0.1583  z_spread_rel=0.0543  gain_vs_zero=0.1020  gain_vs_shuffled=0.0000  gain_vs_target_only=0.0002
step   2050  L=0.0930  src=0.0540  tgt=0.0195  trans=0.0195  gain=+0.0000  |dz|=0.220  11.8 it/s
step   2100  L=0.1332  src=0.0691  tgt=0.0320  trans=0.0321  gain=-0.0000  |dz|=0.203  11.8 it/s
step   2150  L=0.1104  src=0.0622  tgt=0.0241  trans=0.0240  gain=+0.0001  |dz|=0.203  11.8 it/s
step   2200  L=0.1343  src=0.0762  tgt=0.0290  trans=0.0290  gain=+0.0000  |dz|=0.205  11.8 it/s
step   2250  L=0.1572  src=0.0763  tgt=0.0405  trans=0.0404  gain=+0.0001  |dz|=0.207  11.8 it/s
step   2300  L=0.1428  src=0.0931  tgt=0.0248  trans=0.0248  gain=+0.0001  |dz|=0.205  11.8 it/s
step   2350  L=0.1231  src=0.0567  tgt=0.0332  trans=0.0332  gain=+0.0000  |dz|=0.218  11.8 it/s
step   2400  L=0.1189  src=0.0367  tgt=0.0409  trans=0.0412  gain=-0.0003  |dz|=0.214  11.8 it/s
step   2450  L=0.1306  src=0.0735  tgt=0.0284  trans=0.0286  gain=-0.0002  |dz|=0.219  11.8 it/s
step   2500  L=0.0938  src=0.0508  tgt=0.0216  trans=0.0214  gain=+0.0001  |dz|=0.206  11.8 it/s
step   2550  L=0.1225  src=0.0696  tgt=0.0264  trans=0.0265  gain=-0.0001  |dz|=0.214  11.8 it/s
step   2600  L=0.1034  src=0.0457  tgt=0.0288  trans=0.0288  gain=+0.0001  |dz|=0.206  11.8 it/s
step   2650  L=0.1662  src=0.0823  tgt=0.0420  trans=0.0418  gain=+0.0001  |dz|=0.214  11.8 it/s
step   2700  L=0.0927  src=0.0564  tgt=0.0181  trans=0.0181  gain=+0.0000  |dz|=0.200  11.8 it/s
step   2750  L=0.1322  src=0.0800  tgt=0.0261  trans=0.0260  gain=+0.0000  |dz|=0.203  11.8 it/s
step   2800  L=0.0795  src=0.0395  tgt=0.0199  trans=0.0200  gain=-0.0000  |dz|=0.200  11.8 it/s
step   2850  L=0.1162  src=0.0717  tgt=0.0222  trans=0.0223  gain=-0.0001  |dz|=0.212  11.8 it/s
step   2900  L=0.0928  src=0.0458  tgt=0.0235  trans=0.0235  gain=+0.0000  |dz|=0.207  11.8 it/s
step   2950  L=0.0771  src=0.0451  tgt=0.0159  trans=0.0161  gain=-0.0002  |dz|=0.204  11.8 it/s
step   3000  L=0.1073  src=0.0704  tgt=0.0185  trans=0.0183  gain=+0.0002  |dz|=0.212  11.8 it/s
  [diagnostics @ 3000] loss_correct=0.0326  loss_zero=0.1269  loss_shuffled=0.0326  loss_random=0.1337  loss_target_only=0.0326  r_basis=0.4476  |dz_transport|=0.1810  z_s_vs_enc_rel=0.3402  z_spread_rel=0.0712  gain_vs_zero=0.0943  gain_vs_shuffled=0.0000  gain_vs_target_only=-0.0000
step   3050  L=0.0988  src=0.0532  tgt=0.0228  trans=0.0227  gain=+0.0001  |dz|=0.204  11.8 it/s
step   3100  L=0.1025  src=0.0648  tgt=0.0188  trans=0.0188  gain=+0.0000  |dz|=0.193  11.8 it/s
step   3150  L=0.0921  src=0.0588  tgt=0.0166  trans=0.0166  gain=+0.0000  |dz|=0.209  11.8 it/s
step   3200  L=0.1340  src=0.0599  tgt=0.0370  trans=0.0370  gain=-0.0000  |dz|=0.216  11.8 it/s
step   3250  L=0.0943  src=0.0588  tgt=0.0177  trans=0.0177  gain=-0.0000  |dz|=0.215  11.8 it/s
step   3300  L=0.1260  src=0.0760  tgt=0.0250  trans=0.0250  gain=-0.0000  |dz|=0.228  11.8 it/s
step   3350  L=0.1023  src=0.0466  tgt=0.0278  trans=0.0278  gain=+0.0001  |dz|=0.204  11.8 it/s
step   3400  L=0.1241  src=0.0803  tgt=0.0218  trans=0.0219  gain=-0.0000  |dz|=0.231  11.8 it/s
step   3450  L=0.0715  src=0.0308  tgt=0.0203  trans=0.0203  gain=-0.0000  |dz|=0.220  11.8 it/s
step   3500  L=0.1229  src=0.0438  tgt=0.0395  trans=0.0395  gain=-0.0000  |dz|=0.228  11.8 it/s
step   3550  L=0.1295  src=0.0608  tgt=0.0343  trans=0.0343  gain=-0.0000  |dz|=0.234  11.8 it/s
step   3600  L=0.1367  src=0.0485  tgt=0.0440  trans=0.0440  gain=+0.0000  |dz|=0.234  11.8 it/s
step   3650  L=0.1044  src=0.0380  tgt=0.0332  trans=0.0332  gain=+0.0001  |dz|=0.223  11.8 it/s
step   3700  L=0.1279  src=0.0867  tgt=0.0206  trans=0.0206  gain=+0.0000  |dz|=0.224  11.8 it/s
step   3750  L=0.0854  src=0.0351  tgt=0.0251  trans=0.0252  gain=-0.0000  |dz|=0.225  11.8 it/s
step   3800  L=0.1008  src=0.0657  tgt=0.0176  trans=0.0176  gain=-0.0000  |dz|=0.219  11.8 it/s
step   3850  L=0.0896  src=0.0225  tgt=0.0335  trans=0.0335  gain=-0.0000  |dz|=0.221  11.8 it/s
step   3900  L=0.1435  src=0.0650  tgt=0.0392  trans=0.0392  gain=+0.0000  |dz|=0.227  11.8 it/s
step   3950  L=0.1220  src=0.0452  tgt=0.0384  trans=0.0384  gain=-0.0000  |dz|=0.227  11.8 it/s
step   4000  L=0.1171  src=0.0453  tgt=0.0359  trans=0.0359  gain=+0.0000  |dz|=0.235  11.8 it/s
  [diagnostics @ 4000] loss_correct=0.0285  loss_zero=0.1088  loss_shuffled=0.0285  loss_random=0.1107  loss_target_only=0.0285  r_basis=0.3962  |dz_transport|=0.2062  z_s_vs_enc_rel=0.4640  z_spread_rel=0.0889  gain_vs_zero=0.0803  gain_vs_shuffled=-0.0000  gain_vs_target_only=0.0000
    ⚠ shuffling coordinates across episodes changes little -- z does not track the task
step   4050  L=0.0927  src=0.0507  tgt=0.0210  trans=0.0210  gain=+0.0001  |dz|=0.238  11.8 it/s
step   4100  L=0.1071  src=0.0539  tgt=0.0266  trans=0.0266  gain=+0.0000  |dz|=0.244  11.8 it/s
step   4150  L=0.1053  src=0.0531  tgt=0.0261  trans=0.0261  gain=-0.0000  |dz|=0.234  11.8 it/s
step   4200  L=0.1116  src=0.0475  tgt=0.0321  trans=0.0320  gain=+0.0000  |dz|=0.256  11.8 it/s
step   4250  L=0.1095  src=0.0514  tgt=0.0291  trans=0.0291  gain=+0.0000  |dz|=0.253  11.8 it/s
step   4300  L=0.0790  src=0.0362  tgt=0.0214  trans=0.0214  gain=+0.0000  |dz|=0.242  11.8 it/s
step   4350  L=0.1147  src=0.0494  tgt=0.0326  trans=0.0327  gain=-0.0000  |dz|=0.247  11.8 it/s
step   4400  L=0.1135  src=0.0600  tgt=0.0267  trans=0.0268  gain=-0.0001  |dz|=0.247  11.8 it/s
step   4450  L=0.1450  src=0.0806  tgt=0.0322  trans=0.0321  gain=+0.0001  |dz|=0.266  11.8 it/s
step   4500  L=0.1352  src=0.0715  tgt=0.0319  trans=0.0319  gain=-0.0000  |dz|=0.259  11.8 it/s
step   4550  L=0.0807  src=0.0459  tgt=0.0174  trans=0.0174  gain=-0.0000  |dz|=0.251  11.8 it/s
step   4600  L=0.1274  src=0.0617  tgt=0.0328  trans=0.0329  gain=-0.0001  |dz|=0.240  11.8 it/s
step   4650  L=0.1507  src=0.0566  tgt=0.0470  trans=0.0471  gain=-0.0000  |dz|=0.249  11.8 it/s
step   4700  L=0.1129  src=0.0596  tgt=0.0266  trans=0.0266  gain=+0.0000  |dz|=0.243  11.8 it/s
step   4750  L=0.0927  src=0.0510  tgt=0.0208  trans=0.0209  gain=-0.0000  |dz|=0.239  11.8 it/s
step   4800  L=0.0830  src=0.0260  tgt=0.0285  trans=0.0285  gain=+0.0000  |dz|=0.235  11.8 it/s
step   4850  L=0.1019  src=0.0555  tgt=0.0232  trans=0.0232  gain=+0.0000  |dz|=0.240  11.8 it/s
step   4900  L=0.1268  src=0.0702  tgt=0.0283  trans=0.0283  gain=+0.0000  |dz|=0.241  11.8 it/s
step   4950  L=0.1270  src=0.0680  tgt=0.0295  trans=0.0295  gain=-0.0001  |dz|=0.253  11.8 it/s
step   5000  L=0.0994  src=0.0567  tgt=0.0213  trans=0.0214  gain=-0.0001  |dz|=0.239  11.7 it/s
  [diagnostics @ 5000] loss_correct=0.0256  loss_zero=0.0924  loss_shuffled=0.0256  loss_random=0.0973  loss_target_only=0.0257  r_basis=0.3451  |dz_transport|=0.2304  z_s_vs_enc_rel=0.5977  z_spread_rel=0.1006  gain_vs_zero=0.0668  gain_vs_shuffled=0.0000  gain_vs_target_only=0.0000
step   5050  L=0.1310  src=0.0584  tgt=0.0363  trans=0.0363  gain=+0.0000  |dz|=0.251  11.6 it/s
step   5100  L=0.0905  src=0.0578  tgt=0.0163  trans=0.0164  gain=-0.0001  |dz|=0.244  11.6 it/s
step   5150  L=0.1651  src=0.0782  tgt=0.0435  trans=0.0434  gain=+0.0000  |dz|=0.254  11.5 it/s
step   5200  L=0.1288  src=0.0536  tgt=0.0376  trans=0.0376  gain=-0.0000  |dz|=0.250  11.4 it/s
step   5250  L=0.0778  src=0.0439  tgt=0.0169  trans=0.0170  gain=-0.0000  |dz|=0.250  11.4 it/s
step   5300  L=0.1139  src=0.0560  tgt=0.0289  trans=0.0289  gain=-0.0000  |dz|=0.260  11.3 it/s
step   5350  L=0.1153  src=0.0626  tgt=0.0265  trans=0.0263  gain=+0.0002  |dz|=0.249  11.2 it/s
step   5400  L=0.0955  src=0.0503  tgt=0.0226  trans=0.0227  gain=-0.0001  |dz|=0.239  11.2 it/s
step   5450  L=0.1376  src=0.0626  tgt=0.0375  trans=0.0375  gain=-0.0000  |dz|=0.250  11.1 it/s
step   5500  L=0.1191  src=0.0553  tgt=0.0319  trans=0.0319  gain=+0.0000  |dz|=0.250  11.1 it/s
step   5550  L=0.0886  src=0.0328  tgt=0.0279  trans=0.0279  gain=+0.0000  |dz|=0.251  11.0 it/s
step   5600  L=0.0712  src=0.0320  tgt=0.0196  trans=0.0196  gain=-0.0000  |dz|=0.240  10.9 it/s
step   5650  L=0.1582  src=0.0679  tgt=0.0451  trans=0.0452  gain=-0.0000  |dz|=0.243  10.9 it/s
step   5700  L=0.0609  src=0.0334  tgt=0.0138  trans=0.0138  gain=-0.0000  |dz|=0.225  10.8 it/s
step   5750  L=0.1440  src=0.0396  tgt=0.0522  trans=0.0522  gain=-0.0000  |dz|=0.246  10.8 it/s
step   5800  L=0.0744  src=0.0394  tgt=0.0175  trans=0.0175  gain=+0.0000  |dz|=0.236  10.7 it/s
step   5850  L=0.0949  src=0.0527  tgt=0.0211  trans=0.0211  gain=+0.0000  |dz|=0.249  10.7 it/s
step   5900  L=0.1275  src=0.0716  tgt=0.0279  trans=0.0280  gain=-0.0001  |dz|=0.258  10.6 it/s
step   5950  L=0.1024  src=0.0692  tgt=0.0165  trans=0.0166  gain=-0.0000  |dz|=0.251  10.6 it/s
step   6000  L=0.1009  src=0.0477  tgt=0.0266  trans=0.0266  gain=-0.0000  |dz|=0.242  10.6 it/s
  [diagnostics @ 6000] loss_correct=0.0263  loss_zero=0.0800  loss_shuffled=0.0263  loss_random=0.0827  loss_target_only=0.0263  r_basis=0.3003  |dz_transport|=0.2384  z_s_vs_enc_rel=0.7941  z_spread_rel=0.1120  gain_vs_zero=0.0537  gain_vs_shuffled=0.0000  gain_vs_target_only=0.0000
step   6050  L=0.1058  src=0.0483  tgt=0.0287  trans=0.0287  gain=-0.0000  |dz|=0.246  10.5 it/s
step   6100  L=0.1021  src=0.0416  tgt=0.0303  trans=0.0303  gain=+0.0000  |dz|=0.242  10.5 it/s
step   6150  L=0.1046  src=0.0539  tgt=0.0254  trans=0.0253  gain=+0.0000  |dz|=0.230  10.4 it/s
step   6200  L=0.1339  src=0.0826  tgt=0.0256  trans=0.0256  gain=-0.0000  |dz|=0.245  10.4 it/s
step   6250  L=0.0858  src=0.0407  tgt=0.0226  trans=0.0226  gain=+0.0000  |dz|=0.245  10.3 it/s
step   6300  L=0.1084  src=0.0509  tgt=0.0287  trans=0.0287  gain=-0.0000  |dz|=0.253  10.3 it/s
step   6350  L=0.0588  src=0.0306  tgt=0.0140  trans=0.0141  gain=-0.0001  |dz|=0.245  10.3 it/s
step   6400  L=0.1291  src=0.0858  tgt=0.0217  trans=0.0216  gain=+0.0000  |dz|=0.236  10.2 it/s
step   6450  L=0.0959  src=0.0493  tgt=0.0233  trans=0.0233  gain=-0.0001  |dz|=0.237  10.2 it/s
step   6500  L=0.1415  src=0.0749  tgt=0.0334  trans=0.0333  gain=+0.0001  |dz|=0.235  10.2 it/s
step   6550  L=0.1300  src=0.0694  tgt=0.0303  trans=0.0303  gain=-0.0000  |dz|=0.240  10.1 it/s
step   6600  L=0.1052  src=0.0632  tgt=0.0210  trans=0.0210  gain=+0.0000  |dz|=0.244  10.1 it/s
step   6650  L=0.1268  src=0.0842  tgt=0.0214  trans=0.0213  gain=+0.0000  |dz|=0.250  10.1 it/s
step   6700  L=0.1115  src=0.0660  tgt=0.0227  trans=0.0227  gain=-0.0000  |dz|=0.237  10.0 it/s
step   6750  L=0.0559  src=0.0227  tgt=0.0166  trans=0.0166  gain=-0.0001  |dz|=0.245  10.0 it/s
step   6800  L=0.1108  src=0.0596  tgt=0.0256  trans=0.0256  gain=-0.0000  |dz|=0.236  10.0 it/s
step   6850  L=0.1321  src=0.0725  tgt=0.0298  trans=0.0298  gain=-0.0000  |dz|=0.239  9.9 it/s
step   6900  L=0.1842  src=0.1211  tgt=0.0315  trans=0.0316  gain=-0.0001  |dz|=0.238  9.9 it/s
step   6950  L=0.1279  src=0.0578  tgt=0.0350  trans=0.0350  gain=+0.0000  |dz|=0.245  9.9 it/s
step   7000  L=0.0894  src=0.0426  tgt=0.0234  trans=0.0234  gain=+0.0000  |dz|=0.238  9.9 it/s
  [diagnostics @ 7000] loss_correct=0.0228  loss_zero=0.0680  loss_shuffled=0.0228  loss_random=0.0681  loss_target_only=0.0228  r_basis=0.2666  |dz_transport|=0.2415  z_s_vs_enc_rel=0.8634  z_spread_rel=0.1228  gain_vs_zero=0.0452  gain_vs_shuffled=0.0000  gain_vs_target_only=0.0000
step   7050  L=0.1408  src=0.0924  tgt=0.0242  trans=0.0242  gain=+0.0000  |dz|=0.243  9.8 it/s
step   7100  L=0.1379  src=0.0731  tgt=0.0324  trans=0.0324  gain=+0.0000  |dz|=0.244  9.8 it/s
step   7150  L=0.1299  src=0.0789  tgt=0.0255  trans=0.0255  gain=+0.0000  |dz|=0.253  9.8 it/s
step   7200  L=0.1305  src=0.0813  tgt=0.0246  trans=0.0246  gain=+0.0001  |dz|=0.243  9.7 it/s
step   7250  L=0.0920  src=0.0468  tgt=0.0226  trans=0.0225  gain=+0.0001  |dz|=0.239  9.7 it/s
step   7300  L=0.1297  src=0.0704  tgt=0.0296  trans=0.0297  gain=-0.0001  |dz|=0.240  9.7 it/s
step   7350  L=0.1024  src=0.0599  tgt=0.0212  trans=0.0212  gain=-0.0000  |dz|=0.233  9.7 it/s
step   7400  L=0.1387  src=0.0765  tgt=0.0311  trans=0.0311  gain=-0.0000  |dz|=0.241  9.6 it/s
step   7450  L=0.1331  src=0.0854  tgt=0.0238  trans=0.0239  gain=-0.0001  |dz|=0.242  9.6 it/s
step   7500  L=0.1212  src=0.0576  tgt=0.0318  trans=0.0318  gain=+0.0000  |dz|=0.234  9.6 it/s
step   7550  L=0.1218  src=0.0651  tgt=0.0283  trans=0.0284  gain=-0.0001  |dz|=0.233  9.6 it/s
step   7600  L=0.1438  src=0.0987  tgt=0.0225  trans=0.0226  gain=-0.0000  |dz|=0.239  9.6 it/s
step   7650  L=0.1667  src=0.1136  tgt=0.0266  trans=0.0265  gain=+0.0000  |dz|=0.246  9.5 it/s
step   7700  L=0.0776  src=0.0397  tgt=0.0190  trans=0.0189  gain=+0.0000  |dz|=0.234  9.5 it/s
step   7750  L=0.1144  src=0.0807  tgt=0.0168  trans=0.0168  gain=+0.0000  |dz|=0.230  9.5 it/s
step   7800  L=0.0816  src=0.0348  tgt=0.0233  trans=0.0234  gain=-0.0001  |dz|=0.230  9.5 it/s
step   7850  L=0.0974  src=0.0572  tgt=0.0201  trans=0.0201  gain=-0.0000  |dz|=0.232  9.4 it/s
step   7900  L=0.1283  src=0.0698  tgt=0.0293  trans=0.0293  gain=+0.0000  |dz|=0.240  9.4 it/s
step   7950  L=0.0683  src=0.0293  tgt=0.0195  trans=0.0195  gain=+0.0000  |dz|=0.232  9.4 it/s
step   8000  L=0.1325  src=0.0885  tgt=0.0220  trans=0.0220  gain=-0.0000  |dz|=0.233  9.4 it/s
  [diagnostics @ 8000] loss_correct=0.0295  loss_zero=0.0671  loss_shuffled=0.0295  loss_random=0.0706  loss_target_only=0.0295  r_basis=0.2390  |dz_transport|=0.2397  z_s_vs_enc_rel=0.9459  z_spread_rel=0.1007  gain_vs_zero=0.0376  gain_vs_shuffled=0.0000  gain_vs_target_only=0.0000
step   8050  L=0.1779  src=0.1068  tgt=0.0356  trans=0.0355  gain=+0.0001  |dz|=0.234  9.4 it/s
step   8100  L=0.0958  src=0.0415  tgt=0.0271  trans=0.0271  gain=-0.0001  |dz|=0.234  9.3 it/s
step   8150  L=0.1022  src=0.0371  tgt=0.0326  trans=0.0326  gain=+0.0000  |dz|=0.248  9.3 it/s
step   8200  L=0.1222  src=0.0404  tgt=0.0409  trans=0.0409  gain=+0.0000  |dz|=0.237  9.3 it/s
step   8250  L=0.1123  src=0.0514  tgt=0.0305  trans=0.0305  gain=+0.0000  |dz|=0.242  9.3 it/s
step   8300  L=0.1296  src=0.0845  tgt=0.0225  trans=0.0226  gain=-0.0000  |dz|=0.228  9.3 it/s
step   8350  L=0.0792  src=0.0456  tgt=0.0168  trans=0.0169  gain=-0.0001  |dz|=0.230  9.3 it/s
step   8400  L=0.0843  src=0.0438  tgt=0.0202  trans=0.0202  gain=-0.0000  |dz|=0.241  9.2 it/s
step   8450  L=0.0847  src=0.0453  tgt=0.0197  trans=0.0197  gain=+0.0000  |dz|=0.244  9.2 it/s
step   8500  L=0.1268  src=0.0770  tgt=0.0249  trans=0.0249  gain=-0.0001  |dz|=0.246  9.2 it/s
step   8550  L=0.1229  src=0.0651  tgt=0.0289  trans=0.0289  gain=-0.0000  |dz|=0.243  9.2 it/s
step   8600  L=0.1333  src=0.0732  tgt=0.0301  trans=0.0300  gain=+0.0000  |dz|=0.241  9.2 it/s
step   8650  L=0.1514  src=0.1058  tgt=0.0228  trans=0.0228  gain=-0.0001  |dz|=0.242  9.2 it/s
step   8700  L=0.0648  src=0.0421  tgt=0.0113  trans=0.0113  gain=-0.0000  |dz|=0.224  9.1 it/s
step   8750  L=0.1154  src=0.0591  tgt=0.0281  trans=0.0282  gain=-0.0001  |dz|=0.232  9.1 it/s
step   8800  L=0.0834  src=0.0349  tgt=0.0242  trans=0.0242  gain=+0.0000  |dz|=0.222  9.1 it/s
step   8850  L=0.0997  src=0.0513  tgt=0.0242  trans=0.0242  gain=-0.0000  |dz|=0.232  9.1 it/s
step   8900  L=0.1444  src=0.0759  tgt=0.0343  trans=0.0343  gain=-0.0000  |dz|=0.235  9.1 it/s
step   8950  L=0.0994  src=0.0357  tgt=0.0318  trans=0.0319  gain=-0.0001  |dz|=0.228  9.1 it/s
step   9000  L=0.0992  src=0.0540  tgt=0.0226  trans=0.0226  gain=-0.0000  |dz|=0.227  9.1 it/s
  [diagnostics @ 9000] loss_correct=0.0271  loss_zero=0.0576  loss_shuffled=0.0271  loss_random=0.0586  loss_target_only=0.0271  r_basis=0.2122  |dz_transport|=0.2352  z_s_vs_enc_rel=1.0012  z_spread_rel=0.1075  gain_vs_zero=0.0305  gain_vs_shuffled=0.0000  gain_vs_target_only=0.0000
step   9050  L=0.1082  src=0.0670  tgt=0.0206  trans=0.0206  gain=-0.0000  |dz|=0.227  9.0 it/s
step   9100  L=0.1071  src=0.0427  tgt=0.0322  trans=0.0322  gain=+0.0000  |dz|=0.219  9.0 it/s
step   9150  L=0.0838  src=0.0336  tgt=0.0251  trans=0.0251  gain=+0.0000  |dz|=0.234  9.0 it/s
step   9200  L=0.0945  src=0.0419  tgt=0.0263  trans=0.0263  gain=-0.0000  |dz|=0.226  9.0 it/s
step   9250  L=0.1005  src=0.0395  tgt=0.0305  trans=0.0305  gain=-0.0001  |dz|=0.228  9.0 it/s
step   9300  L=0.1166  src=0.0529  tgt=0.0318  trans=0.0318  gain=+0.0000  |dz|=0.228  9.0 it/s
step   9350  L=0.1267  src=0.0615  tgt=0.0326  trans=0.0326  gain=+0.0000  |dz|=0.227  9.0 it/s
step   9400  L=0.0942  src=0.0398  tgt=0.0272  trans=0.0272  gain=-0.0000  |dz|=0.221  9.0 it/s
step   9450  L=0.1182  src=0.0712  tgt=0.0235  trans=0.0235  gain=-0.0000  |dz|=0.220  9.0 it/s
step   9500  L=0.0875  src=0.0478  tgt=0.0199  trans=0.0197  gain=+0.0001  |dz|=0.222  9.0 it/s
step   9550  L=0.1329  src=0.0847  tgt=0.0241  trans=0.0241  gain=-0.0000  |dz|=0.231  9.0 it/s
step   9600  L=0.0879  src=0.0473  tgt=0.0203  trans=0.0203  gain=-0.0000  |dz|=0.222  9.0 it/s
step   9650  L=0.1115  src=0.0665  tgt=0.0225  trans=0.0225  gain=-0.0000  |dz|=0.220  9.0 it/s
step   9700  L=0.1308  src=0.0697  tgt=0.0306  trans=0.0306  gain=-0.0000  |dz|=0.226  9.0 it/s
step   9750  L=0.1221  src=0.0576  tgt=0.0322  trans=0.0322  gain=+0.0000  |dz|=0.223  9.0 it/s
step   9800  L=0.0814  src=0.0365  tgt=0.0225  trans=0.0225  gain=+0.0000  |dz|=0.232  9.0 it/s
step   9850  L=0.1038  src=0.0640  tgt=0.0199  trans=0.0199  gain=-0.0000  |dz|=0.216  9.1 it/s
step   9900  L=0.1099  src=0.0643  tgt=0.0228  trans=0.0228  gain=-0.0000  |dz|=0.216  9.1 it/s
step   9950  L=0.1033  src=0.0429  tgt=0.0302  trans=0.0302  gain=+0.0000  |dz|=0.234  9.1 it/s
step  10000  L=0.0880  src=0.0525  tgt=0.0178  trans=0.0178  gain=+0.0000  |dz|=0.223  9.1 it/s
  [diagnostics @ 10000] loss_correct=0.0288  loss_zero=0.0538  loss_shuffled=0.0288  loss_random=0.0549  loss_target_only=0.0288  r_basis=0.1895  |dz_transport|=0.2308  z_s_vs_enc_rel=1.0689  z_spread_rel=0.0891  gain_vs_zero=0.0250  gain_vs_shuffled=0.0000  gain_vs_target_only=0.0000
step  10050  L=0.0794  src=0.0392  tgt=0.0201  trans=0.0201  gain=-0.0000  |dz|=0.218  9.1 it/s
step  10100  L=0.1139  src=0.0670  tgt=0.0235  trans=0.0234  gain=+0.0001  |dz|=0.232  9.1 it/s
step  10150  L=0.1218  src=0.0511  tgt=0.0354  trans=0.0354  gain=+0.0000  |dz|=0.232  9.1 it/s
step  10200  L=0.0926  src=0.0560  tgt=0.0183  trans=0.0183  gain=+0.0000  |dz|=0.220  9.1 it/s
step  10250  L=0.0708  src=0.0365  tgt=0.0172  trans=0.0172  gain=+0.0000  |dz|=0.213  9.1 it/s
step  10300  L=0.1248  src=0.0568  tgt=0.0340  trans=0.0340  gain=+0.0000  |dz|=0.237  9.1 it/s
step  10350  L=0.0784  src=0.0372  tgt=0.0206  trans=0.0206  gain=+0.0000  |dz|=0.225  9.1 it/s
step  10400  L=0.0944  src=0.0456  tgt=0.0244  trans=0.0244  gain=-0.0000  |dz|=0.225  9.1 it/s
step  10450  L=0.0966  src=0.0399  tgt=0.0284  trans=0.0284  gain=+0.0000  |dz|=0.222  9.1 it/s
step  10500  L=0.1396  src=0.0627  tgt=0.0384  trans=0.0385  gain=-0.0000  |dz|=0.221  9.1 it/s
step  10550  L=0.1213  src=0.0533  tgt=0.0340  trans=0.0340  gain=+0.0000  |dz|=0.223  9.1 it/s
step  10600  L=0.1414  src=0.0798  tgt=0.0308  trans=0.0308  gain=+0.0001  |dz|=0.217  9.1 it/s
step  10650  L=0.1157  src=0.0569  tgt=0.0294  trans=0.0294  gain=+0.0000  |dz|=0.219  9.1 it/s
step  10700  L=0.0771  src=0.0363  tgt=0.0204  trans=0.0204  gain=+0.0000  |dz|=0.223  9.1 it/s
step  10750  L=0.1193  src=0.0425  tgt=0.0384  trans=0.0384  gain=-0.0000  |dz|=0.221  9.2 it/s
step  10800  L=0.1072  src=0.0585  tgt=0.0244  trans=0.0243  gain=+0.0001  |dz|=0.215  9.2 it/s
step  10850  L=0.1719  src=0.1053  tgt=0.0333  trans=0.0333  gain=-0.0000  |dz|=0.216  9.2 it/s
step  10900  L=0.0846  src=0.0356  tgt=0.0245  trans=0.0245  gain=-0.0000  |dz|=0.209  9.2 it/s
step  10950  L=0.1250  src=0.0625  tgt=0.0313  trans=0.0313  gain=+0.0000  |dz|=0.214  9.2 it/s
step  11000  L=0.1063  src=0.0477  tgt=0.0293  trans=0.0293  gain=+0.0001  |dz|=0.217  9.2 it/s
  [diagnostics @ 11000] loss_correct=0.0217  loss_zero=0.0416  loss_shuffled=0.0217  loss_random=0.0432  loss_target_only=0.0217  r_basis=0.1661  |dz_transport|=0.2211  z_s_vs_enc_rel=1.1115  z_spread_rel=0.1271  gain_vs_zero=0.0199  gain_vs_shuffled=0.0000  gain_vs_target_only=-0.0000
step  11050  L=0.1069  src=0.0595  tgt=0.0237  trans=0.0237  gain=+0.0000  |dz|=0.221  9.2 it/s
step  11100  L=0.0681  src=0.0332  tgt=0.0174  trans=0.0174  gain=+0.0000  |dz|=0.209  9.2 it/s
step  11150  L=0.1395  src=0.0585  tgt=0.0405  trans=0.0405  gain=+0.0000  |dz|=0.224  9.2 it/s
step  11200  L=0.0752  src=0.0319  tgt=0.0216  trans=0.0216  gain=+0.0000  |dz|=0.217  9.2 it/s
step  11250  L=0.0790  src=0.0439  tgt=0.0175  trans=0.0176  gain=-0.0001  |dz|=0.212  9.2 it/s
step  11300  L=0.1106  src=0.0669  tgt=0.0218  trans=0.0219  gain=-0.0000  |dz|=0.212  9.3 it/s
step  11350  L=0.0674  src=0.0329  tgt=0.0173  trans=0.0172  gain=+0.0000  |dz|=0.223  9.3 it/s
step  11400  L=0.1581  src=0.0829  tgt=0.0376  trans=0.0376  gain=-0.0000  |dz|=0.215  9.3 it/s
step  11450  L=0.1093  src=0.0501  tgt=0.0296  trans=0.0296  gain=+0.0000  |dz|=0.218  9.3 it/s
step  11500  L=0.1299  src=0.0685  tgt=0.0307  trans=0.0306  gain=+0.0001  |dz|=0.217  9.2 it/s
step  11550  L=0.1430  src=0.0790  tgt=0.0320  trans=0.0320  gain=-0.0000  |dz|=0.215  9.2 it/s
step  11600  L=0.1124  src=0.0597  tgt=0.0263  trans=0.0263  gain=-0.0000  |dz|=0.213  9.2 it/s
step  11650  L=0.0809  src=0.0448  tgt=0.0180  trans=0.0181  gain=-0.0001  |dz|=0.217  9.2 it/s
step  11700  L=0.1260  src=0.0886  tgt=0.0187  trans=0.0187  gain=+0.0000  |dz|=0.220  9.2 it/s
step  11750  L=0.1349  src=0.0697  tgt=0.0326  trans=0.0326  gain=-0.0000  |dz|=0.216  9.2 it/s
step  11800  L=0.1059  src=0.0653  tgt=0.0203  trans=0.0203  gain=+0.0000  |dz|=0.216  9.2 it/s
step  11850  L=0.0986  src=0.0467  tgt=0.0260  trans=0.0260  gain=+0.0000  |dz|=0.217  9.2 it/s
step  11900  L=0.0736  src=0.0327  tgt=0.0205  trans=0.0204  gain=+0.0000  |dz|=0.206  9.2 it/s
step  11950  L=0.1245  src=0.0703  tgt=0.0271  trans=0.0271  gain=-0.0000  |dz|=0.206  9.2 it/s
step  12000  L=0.1064  src=0.0521  tgt=0.0272  trans=0.0272  gain=-0.0000  |dz|=0.209  9.2 it/s
  [diagnostics @ 12000] loss_correct=0.0298  loss_zero=0.0450  loss_shuffled=0.0298  loss_random=0.0467  loss_target_only=0.0298  r_basis=0.1446  |dz_transport|=0.2172  z_s_vs_enc_rel=1.1648  z_spread_rel=0.1196  gain_vs_zero=0.0153  gain_vs_shuffled=0.0000  gain_vs_target_only=0.0000
step  12050  L=0.1069  src=0.0635  tgt=0.0217  trans=0.0217  gain=+0.0000  |dz|=0.215  9.2 it/s
step  12100  L=0.0890  src=0.0449  tgt=0.0221  trans=0.0220  gain=+0.0000  |dz|=0.212  9.1 it/s
step  12150  L=0.1304  src=0.0922  tgt=0.0191  trans=0.0191  gain=+0.0000  |dz|=0.220  9.1 it/s
step  12200  L=0.1341  src=0.0665  tgt=0.0338  trans=0.0339  gain=-0.0000  |dz|=0.216  9.1 it/s
step  12250  L=0.2043  src=0.1094  tgt=0.0474  trans=0.0474  gain=+0.0000  |dz|=0.222  9.1 it/s
step  12300  L=0.1596  src=0.0867  tgt=0.0364  trans=0.0364  gain=+0.0000  |dz|=0.212  9.1 it/s
step  12350  L=0.1013  src=0.0514  tgt=0.0250  trans=0.0250  gain=+0.0000  |dz|=0.217  9.1 it/s
step  12400  L=0.0890  src=0.0470  tgt=0.0210  trans=0.0210  gain=+0.0000  |dz|=0.210  9.1 it/s
step  12450  L=0.1350  src=0.0521  tgt=0.0414  trans=0.0414  gain=-0.0000  |dz|=0.215  9.2 it/s
step  12500  L=0.1463  src=0.0750  tgt=0.0356  trans=0.0357  gain=-0.0000  |dz|=0.211  9.2 it/s
step  12550  L=0.0937  src=0.0400  tgt=0.0268  trans=0.0269  gain=-0.0001  |dz|=0.206  9.2 it/s
step  12600  L=0.1136  src=0.0602  tgt=0.0267  trans=0.0267  gain=+0.0000  |dz|=0.211  9.2 it/s
step  12650  L=0.1089  src=0.0420  tgt=0.0334  trans=0.0335  gain=-0.0000  |dz|=0.217  9.2 it/s
step  12700  L=0.1228  src=0.0698  tgt=0.0265  trans=0.0265  gain=-0.0000  |dz|=0.199  9.2 it/s
step  12750  L=0.1108  src=0.0542  tgt=0.0283  trans=0.0283  gain=-0.0000  |dz|=0.218  9.2 it/s
step  12800  L=0.0989  src=0.0472  tgt=0.0259  trans=0.0258  gain=+0.0000  |dz|=0.204  9.2 it/s
step  12850  L=0.0789  src=0.0311  tgt=0.0239  trans=0.0239  gain=-0.0000  |dz|=0.201  9.2 it/s
step  12900  L=0.1334  src=0.0641  tgt=0.0347  trans=0.0347  gain=+0.0000  |dz|=0.202  9.2 it/s
step  12950  L=0.1077  src=0.0387  tgt=0.0345  trans=0.0345  gain=+0.0000  |dz|=0.207  9.2 it/s
step  13000  L=0.1033  src=0.0505  tgt=0.0264  trans=0.0264  gain=+0.0000  |dz|=0.212  9.2 it/s
  [diagnostics @ 13000] loss_correct=0.0316  loss_zero=0.0432  loss_shuffled=0.0317  loss_random=0.0439  loss_target_only=0.0316  r_basis=0.1228  |dz_transport|=0.2126  z_s_vs_enc_rel=1.1845  z_spread_rel=0.1310  gain_vs_zero=0.0115  gain_vs_shuffled=0.0000  gain_vs_target_only=0.0000
step  13050  L=0.0937  src=0.0437  tgt=0.0250  trans=0.0250  gain=-0.0000  |dz|=0.203  9.2 it/s
step  13100  L=0.0784  src=0.0415  tgt=0.0185  trans=0.0185  gain=+0.0000  |dz|=0.205  9.3 it/s
step  13150  L=0.0907  src=0.0420  tgt=0.0244  trans=0.0244  gain=-0.0000  |dz|=0.202  9.3 it/s
step  13200  L=0.0985  src=0.0434  tgt=0.0276  trans=0.0276  gain=-0.0000  |dz|=0.201  9.3 it/s
step  13250  L=0.1178  src=0.0545  tgt=0.0316  trans=0.0316  gain=-0.0000  |dz|=0.205  9.3 it/s
step  13300  L=0.0716  src=0.0357  tgt=0.0180  trans=0.0180  gain=-0.0000  |dz|=0.190  9.3 it/s
step  13350  L=0.0874  src=0.0471  tgt=0.0201  trans=0.0201  gain=+0.0000  |dz|=0.207  9.3 it/s
step  13400  L=0.0911  src=0.0495  tgt=0.0208  trans=0.0208  gain=-0.0000  |dz|=0.203  9.3 it/s
step  13450  L=0.0870  src=0.0429  tgt=0.0220  trans=0.0221  gain=-0.0001  |dz|=0.208  9.3 it/s
step  13500  L=0.1051  src=0.0554  tgt=0.0249  trans=0.0249  gain=-0.0000  |dz|=0.203  9.3 it/s
step  13550  L=0.1414  src=0.0904  tgt=0.0255  trans=0.0255  gain=-0.0000  |dz|=0.205  9.3 it/s
step  13600  L=0.1088  src=0.0797  tgt=0.0145  trans=0.0145  gain=-0.0000  |dz|=0.204  9.3 it/s
step  13650  L=0.0970  src=0.0438  tgt=0.0266  trans=0.0266  gain=-0.0000  |dz|=0.205  9.3 it/s
step  13700  L=0.1424  src=0.0850  tgt=0.0288  trans=0.0287  gain=+0.0000  |dz|=0.211  9.3 it/s
step  13750  L=0.1022  src=0.0573  tgt=0.0224  trans=0.0225  gain=-0.0000  |dz|=0.207  9.3 it/s
step  13800  L=0.0841  src=0.0470  tgt=0.0185  trans=0.0186  gain=-0.0000  |dz|=0.202  9.4 it/s
step  13850  L=0.1546  src=0.0615  tgt=0.0466  trans=0.0465  gain=+0.0000  |dz|=0.209  9.4 it/s
step  13900  L=0.0618  src=0.0271  tgt=0.0173  trans=0.0173  gain=-0.0000  |dz|=0.197  9.4 it/s
step  13950  L=0.1061  src=0.0507  tgt=0.0277  trans=0.0277  gain=-0.0000  |dz|=0.206  9.4 it/s
step  14000  L=0.0795  src=0.0402  tgt=0.0197  trans=0.0196  gain=+0.0000  |dz|=0.195  9.4 it/s
  [diagnostics @ 14000] loss_correct=0.0278  loss_zero=0.0361  loss_shuffled=0.0279  loss_random=0.0366  loss_target_only=0.0279  r_basis=0.1025  |dz_transport|=0.2061  z_s_vs_enc_rel=1.2133  z_spread_rel=0.1932  gain_vs_zero=0.0083  gain_vs_shuffled=0.0000  gain_vs_target_only=0.0000
step  14050  L=0.0980  src=0.0653  tgt=0.0164  trans=0.0164  gain=-0.0000  |dz|=0.200  9.4 it/s
step  14100  L=0.1525  src=0.0712  tgt=0.0407  trans=0.0406  gain=+0.0001  |dz|=0.210  9.4 it/s
step  14150  L=0.1189  src=0.0581  tgt=0.0304  trans=0.0304  gain=-0.0000  |dz|=0.207  9.4 it/s
step  14200  L=0.0870  src=0.0433  tgt=0.0219  trans=0.0218  gain=+0.0001  |dz|=0.212  9.4 it/s
step  14250  L=0.0794  src=0.0398  tgt=0.0198  trans=0.0198  gain=-0.0000  |dz|=0.199  9.4 it/s
step  14300  L=0.1310  src=0.0729  tgt=0.0290  trans=0.0291  gain=-0.0000  |dz|=0.202  9.4 it/s
step  14350  L=0.1171  src=0.0681  tgt=0.0245  trans=0.0245  gain=-0.0000  |dz|=0.208  9.4 it/s
step  14400  L=0.0705  src=0.0396  tgt=0.0155  trans=0.0155  gain=-0.0000  |dz|=0.205  9.4 it/s
step  14450  L=0.0981  src=0.0659  tgt=0.0161  trans=0.0161  gain=+0.0000  |dz|=0.205  9.4 it/s
step  14500  L=0.0758  src=0.0371  tgt=0.0193  trans=0.0193  gain=-0.0000  |dz|=0.209  9.4 it/s
step  14550  L=0.0694  src=0.0272  tgt=0.0211  trans=0.0211  gain=+0.0000  |dz|=0.204  9.5 it/s
step  14600  L=0.0988  src=0.0406  tgt=0.0291  trans=0.0291  gain=+0.0000  |dz|=0.199  9.5 it/s
step  14650  L=0.0893  src=0.0379  tgt=0.0257  trans=0.0257  gain=-0.0000  |dz|=0.195  9.5 it/s
step  14700  L=0.1013  src=0.0645  tgt=0.0184  trans=0.0184  gain=+0.0000  |dz|=0.204  9.5 it/s
step  14750  L=0.1342  src=0.0714  tgt=0.0314  trans=0.0314  gain=+0.0000  |dz|=0.202  9.5 it/s
step  14800  L=0.1115  src=0.0453  tgt=0.0332  trans=0.0331  gain=+0.0000  |dz|=0.200  9.5 it/s
step  14850  L=0.1059  src=0.0527  tgt=0.0266  trans=0.0266  gain=-0.0000  |dz|=0.206  9.5 it/s
step  14900  L=0.0867  src=0.0481  tgt=0.0193  trans=0.0193  gain=+0.0000  |dz|=0.198  9.5 it/s
step  14950  L=0.1577  src=0.0906  tgt=0.0336  trans=0.0336  gain=+0.0000  |dz|=0.203  9.5 it/s
step  15000  L=0.1055  src=0.0598  tgt=0.0228  trans=0.0228  gain=+0.0000  |dz|=0.204  9.5 it/s
  [diagnostics @ 15000] loss_correct=0.0254  loss_zero=0.0312  loss_shuffled=0.0255  loss_random=0.0317  loss_target_only=0.0254  r_basis=0.0844  |dz_transport|=0.2036  z_s_vs_enc_rel=1.2419  z_spread_rel=0.1715  gain_vs_zero=0.0058  gain_vs_shuffled=0.0000  gain_vs_target_only=0.0000
step  15050  L=0.1277  src=0.0954  tgt=0.0161  trans=0.0161  gain=+0.0000  |dz|=0.202  9.5 it/s
step  15100  L=0.1057  src=0.0307  tgt=0.0375  trans=0.0375  gain=+0.0000  |dz|=0.198  9.5 it/s
step  15150  L=0.0692  src=0.0224  tgt=0.0234  trans=0.0234  gain=+0.0000  |dz|=0.195  9.5 it/s
step  15200  L=0.0836  src=0.0433  tgt=0.0202  trans=0.0201  gain=+0.0001  |dz|=0.195  9.5 it/s
step  15250  L=0.1192  src=0.0790  tgt=0.0200  trans=0.0201  gain=-0.0000  |dz|=0.199  9.5 it/s
step  15300  L=0.1066  src=0.0633  tgt=0.0216  trans=0.0216  gain=-0.0000  |dz|=0.206  9.5 it/s
step  15350  L=0.1302  src=0.0608  tgt=0.0347  trans=0.0347  gain=+0.0000  |dz|=0.198  9.6 it/s
step  15400  L=0.0845  src=0.0444  tgt=0.0201  trans=0.0200  gain=+0.0001  |dz|=0.208  9.6 it/s
step  15450  L=0.1375  src=0.0554  tgt=0.0410  trans=0.0410  gain=+0.0000  |dz|=0.204  9.6 it/s
step  15500  L=0.1042  src=0.0626  tgt=0.0208  trans=0.0208  gain=+0.0000  |dz|=0.209  9.6 it/s
step  15550  L=0.1014  src=0.0491  tgt=0.0262  trans=0.0261  gain=+0.0000  |dz|=0.209  9.6 it/s
step  15600  L=0.0884  src=0.0464  tgt=0.0210  trans=0.0210  gain=+0.0001  |dz|=0.214  9.6 it/s
step  15650  L=0.1426  src=0.0724  tgt=0.0351  trans=0.0351  gain=+0.0000  |dz|=0.205  9.6 it/s
step  15700  L=0.0698  src=0.0300  tgt=0.0199  trans=0.0199  gain=+0.0000  |dz|=0.202  9.6 it/s
step  15750  L=0.1712  src=0.0802  tgt=0.0455  trans=0.0455  gain=-0.0000  |dz|=0.200  9.6 it/s
step  15800  L=0.1405  src=0.0844  tgt=0.0281  trans=0.0281  gain=+0.0000  |dz|=0.196  9.6 it/s
step  15850  L=0.1324  src=0.0848  tgt=0.0238  trans=0.0238  gain=-0.0000  |dz|=0.194  9.6 it/s
step  15900  L=0.1567  src=0.0912  tgt=0.0328  trans=0.0327  gain=+0.0001  |dz|=0.202  9.6 it/s
step  15950  L=0.0957  src=0.0506  tgt=0.0225  trans=0.0225  gain=-0.0000  |dz|=0.188  9.6 it/s
step  16000  L=0.0784  src=0.0431  tgt=0.0176  trans=0.0177  gain=-0.0000  |dz|=0.210  9.6 it/s
  [diagnostics @ 16000] loss_correct=0.0248  loss_zero=0.0287  loss_shuffled=0.0248  loss_random=0.0291  loss_target_only=0.0248  r_basis=0.0688  |dz_transport|=0.1994  z_s_vs_enc_rel=1.2770  z_spread_rel=0.1957  gain_vs_zero=0.0039  gain_vs_shuffled=0.0000  gain_vs_target_only=0.0000
step  16050  L=0.0966  src=0.0516  tgt=0.0225  trans=0.0225  gain=-0.0000  |dz|=0.201  9.6 it/s
step  16100  L=0.1105  src=0.0532  tgt=0.0287  trans=0.0287  gain=+0.0000  |dz|=0.203  9.6 it/s
step  16150  L=0.0995  src=0.0485  tgt=0.0255  trans=0.0255  gain=+0.0000  |dz|=0.206  9.6 it/s
step  16200  L=0.0841  src=0.0425  tgt=0.0208  trans=0.0208  gain=+0.0000  |dz|=0.188  9.7 it/s
step  16250  L=0.1195  src=0.0611  tgt=0.0292  trans=0.0292  gain=-0.0000  |dz|=0.200  9.7 it/s
step  16300  L=0.1118  src=0.0690  tgt=0.0214  trans=0.0214  gain=+0.0000  |dz|=0.191  9.7 it/s
step  16350  L=0.0734  src=0.0391  tgt=0.0172  trans=0.0172  gain=+0.0000  |dz|=0.189  9.7 it/s
step  16400  L=0.1320  src=0.0718  tgt=0.0301  trans=0.0301  gain=+0.0000  |dz|=0.194  9.7 it/s
step  16450  L=0.0917  src=0.0483  tgt=0.0217  trans=0.0217  gain=+0.0000  |dz|=0.192  9.7 it/s
step  16500  L=0.1387  src=0.0866  tgt=0.0261  trans=0.0260  gain=+0.0000  |dz|=0.191  9.7 it/s
step  16550  L=0.0578  src=0.0241  tgt=0.0169  trans=0.0168  gain=+0.0000  |dz|=0.180  9.7 it/s
step  16600  L=0.1452  src=0.0942  tgt=0.0255  trans=0.0255  gain=+0.0000  |dz|=0.198  9.7 it/s
step  16650  L=0.1109  src=0.0618  tgt=0.0245  trans=0.0245  gain=+0.0000  |dz|=0.195  9.7 it/s
step  16700  L=0.1202  src=0.0548  tgt=0.0326  trans=0.0327  gain=-0.0001  |dz|=0.197  9.7 it/s
step  16750  L=0.1181  src=0.0634  tgt=0.0274  trans=0.0274  gain=-0.0000  |dz|=0.193  9.7 it/s
step  16800  L=0.0624  src=0.0341  tgt=0.0141  trans=0.0142  gain=-0.0001  |dz|=0.199  9.7 it/s
step  16850  L=0.0789  src=0.0374  tgt=0.0208  trans=0.0207  gain=+0.0000  |dz|=0.198  9.7 it/s
step  16900  L=0.1231  src=0.0625  tgt=0.0303  trans=0.0303  gain=-0.0000  |dz|=0.194  9.7 it/s
step  16950  L=0.1167  src=0.0381  tgt=0.0393  trans=0.0393  gain=+0.0000  |dz|=0.193  9.7 it/s
step  17000  L=0.1222  src=0.0749  tgt=0.0237  trans=0.0237  gain=+0.0000  |dz|=0.196  9.7 it/s
  [diagnostics @ 17000] loss_correct=0.0256  loss_zero=0.0283  loss_shuffled=0.0257  loss_random=0.0284  loss_target_only=0.0256  r_basis=0.0554  |dz_transport|=0.1970  z_s_vs_enc_rel=1.2613  z_spread_rel=0.1851  gain_vs_zero=0.0027  gain_vs_shuffled=0.0000  gain_vs_target_only=-0.0000
step  17050  L=0.1166  src=0.0614  tgt=0.0276  trans=0.0276  gain=+0.0000  |dz|=0.192  9.7 it/s
step  17100  L=0.0762  src=0.0349  tgt=0.0206  trans=0.0206  gain=-0.0000  |dz|=0.189  9.7 it/s
step  17150  L=0.0726  src=0.0412  tgt=0.0157  trans=0.0157  gain=+0.0000  |dz|=0.192  9.7 it/s
step  17200  L=0.1190  src=0.0583  tgt=0.0304  trans=0.0304  gain=+0.0000  |dz|=0.199  9.8 it/s
step  17250  L=0.1059  src=0.0715  tgt=0.0172  trans=0.0172  gain=+0.0000  |dz|=0.187  9.8 it/s
step  17300  L=0.1379  src=0.0704  tgt=0.0338  trans=0.0338  gain=-0.0000  |dz|=0.189  9.8 it/s
step  17350  L=0.0643  src=0.0363  tgt=0.0141  trans=0.0140  gain=+0.0001  |dz|=0.185  9.8 it/s
step  17400  L=0.0859  src=0.0500  tgt=0.0179  trans=0.0179  gain=-0.0000  |dz|=0.192  9.8 it/s
step  17450  L=0.1022  src=0.0411  tgt=0.0306  trans=0.0306  gain=-0.0000  |dz|=0.192  9.8 it/s
step  17500  L=0.1281  src=0.0642  tgt=0.0320  trans=0.0320  gain=-0.0000  |dz|=0.200  9.8 it/s
step  17550  L=0.1183  src=0.0614  tgt=0.0284  trans=0.0285  gain=-0.0000  |dz|=0.196  9.8 it/s
step  17600  L=0.0909  src=0.0418  tgt=0.0246  trans=0.0246  gain=+0.0000  |dz|=0.180  9.8 it/s
step  17650  L=0.1171  src=0.0683  tgt=0.0244  trans=0.0244  gain=-0.0000  |dz|=0.188  9.8 it/s
step  17700  L=0.1177  src=0.0741  tgt=0.0218  trans=0.0218  gain=+0.0000  |dz|=0.189  9.8 it/s
step  17750  L=0.1054  src=0.0590  tgt=0.0232  trans=0.0231  gain=+0.0001  |dz|=0.188  9.8 it/s
step  17800  L=0.1533  src=0.0944  tgt=0.0295  trans=0.0295  gain=-0.0000  |dz|=0.200  9.8 it/s
step  17850  L=0.0896  src=0.0602  tgt=0.0147  trans=0.0147  gain=-0.0000  |dz|=0.186  9.8 it/s
step  17900  L=0.0943  src=0.0381  tgt=0.0281  trans=0.0281  gain=+0.0000  |dz|=0.190  9.8 it/s
step  17950  L=0.1365  src=0.0705  tgt=0.0330  trans=0.0330  gain=-0.0000  |dz|=0.191  9.8 it/s
step  18000  L=0.1195  src=0.0571  tgt=0.0312  trans=0.0312  gain=+0.0000  |dz|=0.191  9.8 it/s
  [diagnostics @ 18000] loss_correct=0.0284  loss_zero=0.0299  loss_shuffled=0.0284  loss_random=0.0300  loss_target_only=0.0284  r_basis=0.0422  |dz_transport|=0.1944  z_s_vs_enc_rel=1.2712  z_spread_rel=0.2102  gain_vs_zero=0.0015  gain_vs_shuffled=0.0000  gain_vs_target_only=0.0000
step  18050  L=0.0926  src=0.0451  tgt=0.0237  trans=0.0237  gain=+0.0000  |dz|=0.189  9.8 it/s
step  18100  L=0.1230  src=0.0533  tgt=0.0348  trans=0.0348  gain=+0.0000  |dz|=0.196  9.8 it/s
step  18150  L=0.0843  src=0.0297  tgt=0.0273  trans=0.0273  gain=-0.0000  |dz|=0.196  9.8 it/s
step  18200  L=0.1145  src=0.0755  tgt=0.0195  trans=0.0195  gain=-0.0000  |dz|=0.191  9.8 it/s
step  18250  L=0.0929  src=0.0510  tgt=0.0210  trans=0.0209  gain=+0.0000  |dz|=0.190  9.9 it/s
step  18300  L=0.0989  src=0.0701  tgt=0.0144  trans=0.0144  gain=+0.0000  |dz|=0.190  9.9 it/s
step  18350  L=0.1024  src=0.0624  tgt=0.0200  trans=0.0200  gain=-0.0000  |dz|=0.189  9.9 it/s
step  18400  L=0.1004  src=0.0541  tgt=0.0231  trans=0.0231  gain=-0.0000  |dz|=0.183  9.9 it/s
step  18450  L=0.1280  src=0.0858  tgt=0.0211  trans=0.0211  gain=-0.0000  |dz|=0.186  9.9 it/s
step  18500  L=0.1224  src=0.0497  tgt=0.0363  trans=0.0363  gain=-0.0000  |dz|=0.190  9.9 it/s
step  18550  L=0.1151  src=0.0625  tgt=0.0263  trans=0.0263  gain=-0.0000  |dz|=0.196  9.9 it/s
step  18600  L=0.0923  src=0.0448  tgt=0.0237  trans=0.0238  gain=-0.0000  |dz|=0.184  9.9 it/s
step  18650  L=0.0843  src=0.0479  tgt=0.0182  trans=0.0183  gain=-0.0001  |dz|=0.187  9.9 it/s
step  18700  L=0.0546  src=0.0249  tgt=0.0149  trans=0.0148  gain=+0.0001  |dz|=0.184  9.9 it/s
step  18750  L=0.0773  src=0.0381  tgt=0.0196  trans=0.0196  gain=-0.0000  |dz|=0.186  9.9 it/s
step  18800  L=0.0629  src=0.0220  tgt=0.0204  trans=0.0204  gain=+0.0000  |dz|=0.182  9.9 it/s
step  18850  L=0.1025  src=0.0506  tgt=0.0260  trans=0.0260  gain=-0.0000  |dz|=0.182  9.9 it/s
step  18900  L=0.0996  src=0.0345  tgt=0.0326  trans=0.0325  gain=+0.0000  |dz|=0.183  9.9 it/s
step  18950  L=0.1324  src=0.0821  tgt=0.0251  trans=0.0251  gain=-0.0000  |dz|=0.184  9.9 it/s
step  19000  L=0.1059  src=0.0562  tgt=0.0249  trans=0.0249  gain=-0.0000  |dz|=0.197  9.9 it/s
  [diagnostics @ 19000] loss_correct=0.0282  loss_zero=0.0291  loss_shuffled=0.0282  loss_random=0.0292  loss_target_only=0.0282  r_basis=0.0318  |dz_transport|=0.1913  z_s_vs_enc_rel=1.2269  z_spread_rel=0.2056  gain_vs_zero=0.0009  gain_vs_shuffled=0.0000  gain_vs_target_only=0.0000
step  19050  L=0.1202  src=0.0732  tgt=0.0235  trans=0.0235  gain=-0.0001  |dz|=0.189  9.9 it/s
step  19100  L=0.0994  src=0.0529  tgt=0.0233  trans=0.0233  gain=+0.0000  |dz|=0.188  9.9 it/s
step  19150  L=0.1208  src=0.0481  tgt=0.0363  trans=0.0364  gain=-0.0000  |dz|=0.184  9.9 it/s
step  19200  L=0.1059  src=0.0552  tgt=0.0254  trans=0.0253  gain=+0.0000  |dz|=0.186  9.9 it/s
step  19250  L=0.0858  src=0.0336  tgt=0.0261  trans=0.0261  gain=-0.0000  |dz|=0.186  9.9 it/s
step  19300  L=0.1138  src=0.0655  tgt=0.0241  trans=0.0242  gain=-0.0000  |dz|=0.190  9.9 it/s
step  19350  L=0.1240  src=0.0806  tgt=0.0217  trans=0.0217  gain=+0.0000  |dz|=0.188  9.9 it/s
step  19400  L=0.1148  src=0.0700  tgt=0.0224  trans=0.0224  gain=+0.0000  |dz|=0.186  10.0 it/s
step  19450  L=0.0956  src=0.0513  tgt=0.0221  trans=0.0221  gain=+0.0000  |dz|=0.190  10.0 it/s
step  19500  L=0.1454  src=0.0603  tgt=0.0425  trans=0.0426  gain=-0.0000  |dz|=0.188  10.0 it/s
step  19550  L=0.1049  src=0.0572  tgt=0.0238  trans=0.0238  gain=-0.0000  |dz|=0.177  10.0 it/s
step  19600  L=0.1205  src=0.0692  tgt=0.0257  trans=0.0256  gain=+0.0000  |dz|=0.186  10.0 it/s
step  19650  L=0.1260  src=0.0764  tgt=0.0248  trans=0.0247  gain=+0.0001  |dz|=0.182  10.0 it/s
step  19700  L=0.1122  src=0.0551  tgt=0.0285  trans=0.0285  gain=-0.0000  |dz|=0.192  10.0 it/s
step  19750  L=0.0904  src=0.0543  tgt=0.0181  trans=0.0181  gain=-0.0000  |dz|=0.188  10.0 it/s
step  19800  L=0.1087  src=0.0543  tgt=0.0272  trans=0.0272  gain=-0.0000  |dz|=0.187  10.0 it/s
step  19850  L=0.1061  src=0.0448  tgt=0.0306  trans=0.0306  gain=-0.0000  |dz|=0.185  10.0 it/s
step  19900  L=0.1055  src=0.0426  tgt=0.0314  trans=0.0315  gain=-0.0000  |dz|=0.179  10.0 it/s
step  19950  L=0.1183  src=0.0714  tgt=0.0235  trans=0.0235  gain=-0.0000  |dz|=0.184  10.0 it/s
step  20000  L=0.0917  src=0.0551  tgt=0.0183  trans=0.0183  gain=+0.0000  |dz|=0.184  10.0 it/s
  [diagnostics @ 20000] loss_correct=0.0227  loss_zero=0.0233  loss_shuffled=0.0227  loss_random=0.0234  loss_target_only=0.0228  r_basis=0.0244  |dz_transport|=0.1860  z_s_vs_enc_rel=1.2630  z_spread_rel=0.2213  gain_vs_zero=0.0005  gain_vs_shuffled=0.0000  gain_vs_target_only=0.0000
  saved C:\T1D Meta Learning\code\python\meta-diffusion\checkpoints\ds_k32_step20000.pt

done in 33.3 min. log: C:\T1D Meta Learning\code\python\meta-diffusion\checkpoints\ds_k32_log.jsonl
===== k=64 =====
